[2026-07-05T22:04:14.154+0000] {local_task_job_runner.py:123} INFO - ::group::Pre task execution logs
[2026-07-05T22:04:14.241+0000] {taskinstance.py:2631} INFO - Dependencies all met for dep_context=non-requeueable deps ti=<TaskInstance: ecommerce_pipeline.extract_api manual__2026-07-05T22:04:08.577049+00:00 [queued]>
[2026-07-05T22:04:14.284+0000] {taskinstance.py:2631} INFO - Dependencies all met for dep_context=requeueable deps ti=<TaskInstance: ecommerce_pipeline.extract_api manual__2026-07-05T22:04:08.577049+00:00 [queued]>
[2026-07-05T22:04:14.286+0000] {taskinstance.py:2884} INFO - Starting attempt 1 of 3
[2026-07-05T22:04:14.351+0000] {taskinstance.py:2907} INFO - Executing <Task(BashOperator): extract_api> on 2026-07-05 22:04:08.577049+00:00
[2026-07-05T22:04:14.379+0000] {standard_task_runner.py:104} INFO - Running: ['***', 'tasks', 'run', 'ecommerce_pipeline', 'extract_api', 'manual__2026-07-05T22:04:08.577049+00:00', '--job-id', '12', '--raw', '--subdir', 'DAGS_FOLDER/ecommerce_pipeline.py', '--cfg-path', '/tmp/tmpy67hp6sw']
[2026-07-05T22:04:14.413+0000] {logging_mixin.py:190} WARNING - /home/***/.local/lib/python3.12/site-packages/***/task/task_runner/standard_task_runner.py:70 DeprecationWarning: This process (pid=492) is multi-threaded, use of fork() may lead to deadlocks in the child.
[2026-07-05T22:04:14.415+0000] {standard_task_runner.py:105} INFO - Job 12: Subtask extract_api
[2026-07-05T22:04:14.415+0000] {standard_task_runner.py:72} INFO - Started process 493 to run task
[2026-07-05T22:04:14.790+0000] {task_command.py:467} INFO - Running <TaskInstance: ecommerce_pipeline.extract_api manual__2026-07-05T22:04:08.577049+00:00 [running]> on host 962be2d0acf3
[2026-07-05T22:04:15.330+0000] {taskinstance.py:3157} INFO - Exporting env vars: AIRFLOW_CTX_DAG_OWNER='***' AIRFLOW_CTX_DAG_ID='ecommerce_pipeline' AIRFLOW_CTX_TASK_ID='extract_api' AIRFLOW_CTX_EXECUTION_DATE='2026-07-05T22:04:08.577049+00:00' AIRFLOW_CTX_TRY_NUMBER='1' AIRFLOW_CTX_DAG_RUN_ID='manual__2026-07-05T22:04:08.577049+00:00'
[2026-07-05T22:04:15.334+0000] {taskinstance.py:740} INFO - ::endgroup::
[2026-07-05T22:04:15.566+0000] {subprocess.py:78} INFO - Tmp dir root location: /tmp
[2026-07-05T22:04:15.598+0000] {subprocess.py:88} INFO - Running command: ['/usr/bin/bash', '-c', '\n        cd /opt/***/project &&\n        python scripts/extract.py\n        ']
[2026-07-05T22:04:15.639+0000] {subprocess.py:99} INFO - Output:
[2026-07-05T22:04:25.608+0000] {subprocess.py:106} INFO - Fetching data from Fake Store API...
[2026-07-05T22:04:25.653+0000] {subprocess.py:106} INFO - Retrieved 20 products.
[2026-07-05T22:04:25.658+0000] {subprocess.py:106} INFO - JSON saved to data/raw/products.json
[2026-07-05T22:04:25.664+0000] {subprocess.py:106} INFO - CSV saved to data/raw/products.csv
[2026-07-05T22:04:25.668+0000] {subprocess.py:106} INFO - Extraction completed successfully.
[2026-07-05T22:04:25.858+0000] {subprocess.py:110} INFO - Command exited with return code 0
[2026-07-05T22:04:26.262+0000] {taskinstance.py:349} INFO - ::group::Post task execution logs
[2026-07-05T22:04:26.268+0000] {taskinstance.py:361} INFO - Marking task as SUCCESS. dag_id=ecommerce_pipeline, task_id=extract_api, run_id=manual__2026-07-05T22:04:08.577049+00:00, execution_date=20260705T220408, start_date=20260705T220414, end_date=20260705T220426
[2026-07-05T22:04:26.597+0000] {local_task_job_runner.py:266} INFO - Task exited with return code 0
[2026-07-05T22:04:26.967+0000] {taskinstance.py:3924} INFO - 1 downstream tasks scheduled from follow-on schedule check
[2026-07-05T22:04:27.045+0000] {local_task_job_runner.py:245} INFO - ::endgroup::
