[2026-07-05T22:04:31.214+0000] {local_task_job_runner.py:123} INFO - ::group::Pre task execution logs
[2026-07-05T22:04:31.276+0000] {taskinstance.py:2631} INFO - Dependencies all met for dep_context=non-requeueable deps ti=<TaskInstance: ecommerce_pipeline.load_snowflake manual__2026-07-05T22:04:08.577049+00:00 [queued]>
[2026-07-05T22:04:31.297+0000] {taskinstance.py:2631} INFO - Dependencies all met for dep_context=requeueable deps ti=<TaskInstance: ecommerce_pipeline.load_snowflake manual__2026-07-05T22:04:08.577049+00:00 [queued]>
[2026-07-05T22:04:31.298+0000] {taskinstance.py:2884} INFO - Starting attempt 1 of 3
[2026-07-05T22:04:31.319+0000] {taskinstance.py:2907} INFO - Executing <Task(BashOperator): load_snowflake> on 2026-07-05 22:04:08.577049+00:00
[2026-07-05T22:04:31.334+0000] {logging_mixin.py:190} WARNING - /home/***/.local/lib/python3.12/site-packages/***/task/task_runner/standard_task_runner.py:70 DeprecationWarning: This process (pid=512) is multi-threaded, use of fork() may lead to deadlocks in the child.
[2026-07-05T22:04:31.338+0000] {standard_task_runner.py:72} INFO - Started process 515 to run task
[2026-07-05T22:04:31.357+0000] {standard_task_runner.py:104} INFO - Running: ['***', 'tasks', 'run', 'ecommerce_pipeline', 'load_snowflake', 'manual__2026-07-05T22:04:08.577049+00:00', '--job-id', '13', '--raw', '--subdir', 'DAGS_FOLDER/ecommerce_pipeline.py', '--cfg-path', '/tmp/tmpxytaxefn']
[2026-07-05T22:04:31.383+0000] {standard_task_runner.py:105} INFO - Job 13: Subtask load_snowflake
[2026-07-05T22:04:31.642+0000] {task_command.py:467} INFO - Running <TaskInstance: ecommerce_pipeline.load_snowflake manual__2026-07-05T22:04:08.577049+00:00 [running]> on host 962be2d0acf3
[2026-07-05T22:04:32.061+0000] {taskinstance.py:3157} INFO - Exporting env vars: AIRFLOW_CTX_DAG_OWNER='***' AIRFLOW_CTX_DAG_ID='ecommerce_pipeline' AIRFLOW_CTX_TASK_ID='load_snowflake' AIRFLOW_CTX_EXECUTION_DATE='2026-07-05T22:04:08.577049+00:00' AIRFLOW_CTX_TRY_NUMBER='1' AIRFLOW_CTX_DAG_RUN_ID='manual__2026-07-05T22:04:08.577049+00:00'
[2026-07-05T22:04:32.068+0000] {taskinstance.py:740} INFO - ::endgroup::
[2026-07-05T22:04:32.233+0000] {subprocess.py:78} INFO - Tmp dir root location: /tmp
[2026-07-05T22:04:32.258+0000] {subprocess.py:88} INFO - Running command: ['/usr/bin/bash', '-c', '\n        cd /opt/***/project &&\n        python scripts/load_snowflake.py\n        ']
[2026-07-05T22:04:32.290+0000] {subprocess.py:99} INFO - Output:
[2026-07-05T22:04:59.533+0000] {subprocess.py:106} INFO - Connected to Snowflake.
[2026-07-05T22:04:59.552+0000] {subprocess.py:106} INFO - Successfully loaded 20 rows.
[2026-07-05T22:04:59.554+0000] {subprocess.py:106} INFO - Connection closed.
[2026-07-05T22:04:59.830+0000] {subprocess.py:110} INFO - Command exited with return code 0
[2026-07-05T22:04:59.967+0000] {taskinstance.py:349} INFO - ::group::Post task execution logs
[2026-07-05T22:04:59.971+0000] {taskinstance.py:361} INFO - Marking task as SUCCESS. dag_id=ecommerce_pipeline, task_id=load_snowflake, run_id=manual__2026-07-05T22:04:08.577049+00:00, execution_date=20260705T220408, start_date=20260705T220431, end_date=20260705T220459
[2026-07-05T22:05:00.127+0000] {local_task_job_runner.py:266} INFO - Task exited with return code 0
[2026-07-05T22:05:00.286+0000] {taskinstance.py:3924} INFO - 1 downstream tasks scheduled from follow-on schedule check
[2026-07-05T22:05:00.292+0000] {local_task_job_runner.py:245} INFO - ::endgroup::
