[2026-07-05T21:53:24.246+0000] {processor.py:186} INFO - Started process (PID=171) to work on /opt/airflow/dags/ecommerce_pipeline.py
[2026-07-05T21:53:24.260+0000] {processor.py:914} INFO - Processing file /opt/airflow/dags/ecommerce_pipeline.py for tasks to queue
[2026-07-05T21:53:24.283+0000] {logging_mixin.py:190} INFO - [2026-07-05T21:53:24.277+0000] {dagbag.py:588} INFO - Filling up the DagBag from /opt/airflow/dags/ecommerce_pipeline.py
[2026-07-05T21:53:24.551+0000] {processor.py:925} INFO - DAG(s) 'ecommerce_pipeline' retrieved from /opt/airflow/dags/ecommerce_pipeline.py
[2026-07-05T21:53:25.793+0000] {logging_mixin.py:190} INFO - [2026-07-05T21:53:25.790+0000] {override.py:1930} INFO - Created Permission View: can delete on DAG:ecommerce_pipeline
[2026-07-05T21:53:25.825+0000] {logging_mixin.py:190} INFO - [2026-07-05T21:53:25.824+0000] {override.py:1930} INFO - Created Permission View: can read on DAG:ecommerce_pipeline
[2026-07-05T21:53:25.839+0000] {logging_mixin.py:190} INFO - [2026-07-05T21:53:25.838+0000] {override.py:1930} INFO - Created Permission View: can edit on DAG:ecommerce_pipeline
[2026-07-05T21:53:25.871+0000] {logging_mixin.py:190} INFO - [2026-07-05T21:53:25.871+0000] {override.py:1930} INFO - Created Permission View: menu access on DAG Run:ecommerce_pipeline
[2026-07-05T21:53:25.894+0000] {logging_mixin.py:190} INFO - [2026-07-05T21:53:25.894+0000] {override.py:1930} INFO - Created Permission View: can read on DAG Run:ecommerce_pipeline
[2026-07-05T21:53:25.919+0000] {logging_mixin.py:190} INFO - [2026-07-05T21:53:25.918+0000] {override.py:1930} INFO - Created Permission View: can create on DAG Run:ecommerce_pipeline
[2026-07-05T21:53:25.934+0000] {logging_mixin.py:190} INFO - [2026-07-05T21:53:25.934+0000] {override.py:1930} INFO - Created Permission View: can delete on DAG Run:ecommerce_pipeline
[2026-07-05T21:53:25.938+0000] {logging_mixin.py:190} INFO - [2026-07-05T21:53:25.937+0000] {dag.py:3239} INFO - Sync 1 DAGs
[2026-07-05T21:53:26.133+0000] {logging_mixin.py:190} INFO - [2026-07-05T21:53:26.132+0000] {dag.py:3262} INFO - Creating ORM DAG for ecommerce_pipeline
[2026-07-05T21:53:26.217+0000] {logging_mixin.py:190} INFO - [2026-07-05T21:53:26.215+0000] {dag.py:4180} INFO - Setting next_dagrun for ecommerce_pipeline to 2026-07-04 00:00:00+00:00, run_after=2026-07-05 00:00:00+00:00
[2026-07-05T21:53:26.348+0000] {processor.py:208} INFO - Processing /opt/airflow/dags/ecommerce_pipeline.py took 2.261 seconds
[2026-07-05T21:53:57.472+0000] {processor.py:186} INFO - Started process (PID=176) to work on /opt/airflow/dags/ecommerce_pipeline.py
[2026-07-05T21:53:57.487+0000] {processor.py:914} INFO - Processing file /opt/airflow/dags/ecommerce_pipeline.py for tasks to queue
[2026-07-05T21:53:57.570+0000] {logging_mixin.py:190} INFO - [2026-07-05T21:53:57.559+0000] {dagbag.py:588} INFO - Filling up the DagBag from /opt/airflow/dags/ecommerce_pipeline.py
[2026-07-05T21:53:57.759+0000] {processor.py:925} INFO - DAG(s) 'ecommerce_pipeline' retrieved from /opt/airflow/dags/ecommerce_pipeline.py
[2026-07-05T21:53:58.463+0000] {logging_mixin.py:190} INFO - [2026-07-05T21:53:58.462+0000] {dag.py:3239} INFO - Sync 1 DAGs
[2026-07-05T21:53:58.949+0000] {logging_mixin.py:190} INFO - [2026-07-05T21:53:58.948+0000] {dag.py:4180} INFO - Setting next_dagrun for ecommerce_pipeline to 2026-07-04 00:00:00+00:00, run_after=2026-07-05 00:00:00+00:00
[2026-07-05T21:53:59.119+0000] {processor.py:208} INFO - Processing /opt/airflow/dags/ecommerce_pipeline.py took 1.786 seconds
[2026-07-05T21:54:29.880+0000] {processor.py:186} INFO - Started process (PID=181) to work on /opt/airflow/dags/ecommerce_pipeline.py
[2026-07-05T21:54:29.888+0000] {processor.py:914} INFO - Processing file /opt/airflow/dags/ecommerce_pipeline.py for tasks to queue
[2026-07-05T21:54:29.939+0000] {logging_mixin.py:190} INFO - [2026-07-05T21:54:29.930+0000] {dagbag.py:588} INFO - Filling up the DagBag from /opt/airflow/dags/ecommerce_pipeline.py
[2026-07-05T21:54:30.203+0000] {processor.py:925} INFO - DAG(s) 'ecommerce_pipeline' retrieved from /opt/airflow/dags/ecommerce_pipeline.py
[2026-07-05T21:54:30.464+0000] {logging_mixin.py:190} INFO - [2026-07-05T21:54:30.464+0000] {dag.py:3239} INFO - Sync 1 DAGs
[2026-07-05T21:54:30.648+0000] {logging_mixin.py:190} INFO - [2026-07-05T21:54:30.647+0000] {dag.py:4180} INFO - Setting next_dagrun for ecommerce_pipeline to 2026-07-04 00:00:00+00:00, run_after=2026-07-05 00:00:00+00:00
[2026-07-05T21:54:30.732+0000] {processor.py:208} INFO - Processing /opt/airflow/dags/ecommerce_pipeline.py took 0.930 seconds
[2026-07-05T21:55:01.331+0000] {processor.py:186} INFO - Started process (PID=186) to work on /opt/airflow/dags/ecommerce_pipeline.py
[2026-07-05T21:55:01.334+0000] {processor.py:914} INFO - Processing file /opt/airflow/dags/ecommerce_pipeline.py for tasks to queue
[2026-07-05T21:55:01.354+0000] {logging_mixin.py:190} INFO - [2026-07-05T21:55:01.350+0000] {dagbag.py:588} INFO - Filling up the DagBag from /opt/airflow/dags/ecommerce_pipeline.py
[2026-07-05T21:55:01.524+0000] {processor.py:925} INFO - DAG(s) 'ecommerce_pipeline' retrieved from /opt/airflow/dags/ecommerce_pipeline.py
[2026-07-05T21:55:01.812+0000] {logging_mixin.py:190} INFO - [2026-07-05T21:55:01.811+0000] {dag.py:3239} INFO - Sync 1 DAGs
[2026-07-05T21:55:02.021+0000] {logging_mixin.py:190} INFO - [2026-07-05T21:55:02.020+0000] {dag.py:4180} INFO - Setting next_dagrun for ecommerce_pipeline to 2026-07-04 00:00:00+00:00, run_after=2026-07-05 00:00:00+00:00
[2026-07-05T21:55:02.240+0000] {processor.py:208} INFO - Processing /opt/airflow/dags/ecommerce_pipeline.py took 0.962 seconds
[2026-07-05T21:55:32.869+0000] {processor.py:186} INFO - Started process (PID=234) to work on /opt/airflow/dags/ecommerce_pipeline.py
[2026-07-05T21:55:32.876+0000] {processor.py:914} INFO - Processing file /opt/airflow/dags/ecommerce_pipeline.py for tasks to queue
[2026-07-05T21:55:32.919+0000] {logging_mixin.py:190} INFO - [2026-07-05T21:55:32.915+0000] {dagbag.py:588} INFO - Filling up the DagBag from /opt/airflow/dags/ecommerce_pipeline.py
[2026-07-05T21:55:33.030+0000] {processor.py:925} INFO - DAG(s) 'ecommerce_pipeline' retrieved from /opt/airflow/dags/ecommerce_pipeline.py
[2026-07-05T21:55:33.283+0000] {logging_mixin.py:190} INFO - [2026-07-05T21:55:33.282+0000] {dag.py:3239} INFO - Sync 1 DAGs
[2026-07-05T21:55:33.473+0000] {logging_mixin.py:190} INFO - [2026-07-05T21:55:33.472+0000] {dag.py:4180} INFO - Setting next_dagrun for ecommerce_pipeline to 2026-07-05 00:00:00+00:00, run_after=2026-07-06 00:00:00+00:00
[2026-07-05T21:55:33.550+0000] {processor.py:208} INFO - Processing /opt/airflow/dags/ecommerce_pipeline.py took 0.740 seconds
[2026-07-05T21:56:04.082+0000] {processor.py:186} INFO - Started process (PID=260) to work on /opt/airflow/dags/ecommerce_pipeline.py
[2026-07-05T21:56:04.086+0000] {processor.py:914} INFO - Processing file /opt/airflow/dags/ecommerce_pipeline.py for tasks to queue
[2026-07-05T21:56:04.104+0000] {logging_mixin.py:190} INFO - [2026-07-05T21:56:04.102+0000] {dagbag.py:588} INFO - Filling up the DagBag from /opt/airflow/dags/ecommerce_pipeline.py
[2026-07-05T21:56:04.213+0000] {processor.py:925} INFO - DAG(s) 'ecommerce_pipeline' retrieved from /opt/airflow/dags/ecommerce_pipeline.py
[2026-07-05T21:56:04.315+0000] {logging_mixin.py:190} INFO - [2026-07-05T21:56:04.314+0000] {dag.py:3239} INFO - Sync 1 DAGs
[2026-07-05T21:56:04.399+0000] {logging_mixin.py:190} INFO - [2026-07-05T21:56:04.399+0000] {dag.py:4180} INFO - Setting next_dagrun for ecommerce_pipeline to 2026-07-05 00:00:00+00:00, run_after=2026-07-06 00:00:00+00:00
[2026-07-05T21:56:04.444+0000] {processor.py:208} INFO - Processing /opt/airflow/dags/ecommerce_pipeline.py took 0.378 seconds
[2026-07-05T21:56:34.860+0000] {processor.py:186} INFO - Started process (PID=265) to work on /opt/airflow/dags/ecommerce_pipeline.py
[2026-07-05T21:56:34.863+0000] {processor.py:914} INFO - Processing file /opt/airflow/dags/ecommerce_pipeline.py for tasks to queue
[2026-07-05T21:56:34.868+0000] {logging_mixin.py:190} INFO - [2026-07-05T21:56:34.868+0000] {dagbag.py:588} INFO - Filling up the DagBag from /opt/airflow/dags/ecommerce_pipeline.py
[2026-07-05T21:56:34.911+0000] {processor.py:925} INFO - DAG(s) 'ecommerce_pipeline' retrieved from /opt/airflow/dags/ecommerce_pipeline.py
[2026-07-05T21:56:34.996+0000] {logging_mixin.py:190} INFO - [2026-07-05T21:56:34.995+0000] {dag.py:3239} INFO - Sync 1 DAGs
[2026-07-05T21:56:35.067+0000] {logging_mixin.py:190} INFO - [2026-07-05T21:56:35.066+0000] {dag.py:4180} INFO - Setting next_dagrun for ecommerce_pipeline to 2026-07-05 00:00:00+00:00, run_after=2026-07-06 00:00:00+00:00
[2026-07-05T21:56:35.159+0000] {processor.py:208} INFO - Processing /opt/airflow/dags/ecommerce_pipeline.py took 0.311 seconds
[2026-07-05T21:57:05.561+0000] {processor.py:186} INFO - Started process (PID=270) to work on /opt/airflow/dags/ecommerce_pipeline.py
[2026-07-05T21:57:05.567+0000] {processor.py:914} INFO - Processing file /opt/airflow/dags/ecommerce_pipeline.py for tasks to queue
[2026-07-05T21:57:05.587+0000] {logging_mixin.py:190} INFO - [2026-07-05T21:57:05.585+0000] {dagbag.py:588} INFO - Filling up the DagBag from /opt/airflow/dags/ecommerce_pipeline.py
[2026-07-05T21:57:05.644+0000] {processor.py:925} INFO - DAG(s) 'ecommerce_pipeline' retrieved from /opt/airflow/dags/ecommerce_pipeline.py
[2026-07-05T21:57:05.690+0000] {logging_mixin.py:190} INFO - [2026-07-05T21:57:05.690+0000] {dag.py:3239} INFO - Sync 1 DAGs
[2026-07-05T21:57:05.724+0000] {logging_mixin.py:190} INFO - [2026-07-05T21:57:05.724+0000] {dag.py:4180} INFO - Setting next_dagrun for ecommerce_pipeline to 2026-07-05 00:00:00+00:00, run_after=2026-07-06 00:00:00+00:00
[2026-07-05T21:57:05.757+0000] {processor.py:208} INFO - Processing /opt/airflow/dags/ecommerce_pipeline.py took 0.213 seconds
[2026-07-05T21:57:37.014+0000] {processor.py:186} INFO - Started process (PID=275) to work on /opt/airflow/dags/ecommerce_pipeline.py
[2026-07-05T21:57:37.034+0000] {processor.py:914} INFO - Processing file /opt/airflow/dags/ecommerce_pipeline.py for tasks to queue
[2026-07-05T21:57:37.172+0000] {logging_mixin.py:190} INFO - [2026-07-05T21:57:37.152+0000] {dagbag.py:588} INFO - Filling up the DagBag from /opt/airflow/dags/ecommerce_pipeline.py
[2026-07-05T21:57:37.740+0000] {processor.py:925} INFO - DAG(s) 'ecommerce_pipeline' retrieved from /opt/airflow/dags/ecommerce_pipeline.py
[2026-07-05T21:57:38.605+0000] {logging_mixin.py:190} INFO - [2026-07-05T21:57:38.603+0000] {dag.py:3239} INFO - Sync 1 DAGs
[2026-07-05T21:57:39.240+0000] {logging_mixin.py:190} INFO - [2026-07-05T21:57:39.236+0000] {dag.py:4180} INFO - Setting next_dagrun for ecommerce_pipeline to 2026-07-05 00:00:00+00:00, run_after=2026-07-06 00:00:00+00:00
[2026-07-05T21:57:39.518+0000] {processor.py:208} INFO - Processing /opt/airflow/dags/ecommerce_pipeline.py took 2.850 seconds
[2026-07-05T21:57:55.061+0000] {processor.py:186} INFO - Started process (PID=280) to work on /opt/airflow/dags/ecommerce_pipeline.py
[2026-07-05T21:57:55.076+0000] {processor.py:914} INFO - Processing file /opt/airflow/dags/ecommerce_pipeline.py for tasks to queue
[2026-07-05T21:57:55.129+0000] {logging_mixin.py:190} INFO - [2026-07-05T21:57:55.120+0000] {dagbag.py:588} INFO - Filling up the DagBag from /opt/airflow/dags/ecommerce_pipeline.py
[2026-07-05T21:57:55.687+0000] {processor.py:925} INFO - DAG(s) 'ecommerce_pipeline' retrieved from /opt/airflow/dags/ecommerce_pipeline.py
[2026-07-05T21:57:57.691+0000] {logging_mixin.py:190} INFO - [2026-07-05T21:57:57.685+0000] {dag.py:3239} INFO - Sync 1 DAGs
[2026-07-05T21:57:57.763+0000] {logging_mixin.py:190} INFO - [2026-07-05T21:57:57.763+0000] {dag.py:4180} INFO - Setting next_dagrun for ecommerce_pipeline to 2026-07-05 00:00:00+00:00, run_after=2026-07-06 00:00:00+00:00
[2026-07-05T21:57:57.839+0000] {processor.py:208} INFO - Processing /opt/airflow/dags/ecommerce_pipeline.py took 3.141 seconds
[2026-07-05T21:58:28.665+0000] {processor.py:186} INFO - Started process (PID=312) to work on /opt/airflow/dags/ecommerce_pipeline.py
[2026-07-05T21:58:28.675+0000] {processor.py:914} INFO - Processing file /opt/airflow/dags/ecommerce_pipeline.py for tasks to queue
[2026-07-05T21:58:28.717+0000] {logging_mixin.py:190} INFO - [2026-07-05T21:58:28.713+0000] {dagbag.py:588} INFO - Filling up the DagBag from /opt/airflow/dags/ecommerce_pipeline.py
[2026-07-05T21:58:28.875+0000] {processor.py:925} INFO - DAG(s) 'ecommerce_pipeline' retrieved from /opt/airflow/dags/ecommerce_pipeline.py
[2026-07-05T21:58:29.246+0000] {logging_mixin.py:190} INFO - [2026-07-05T21:58:29.244+0000] {dag.py:3239} INFO - Sync 1 DAGs
[2026-07-05T21:58:29.391+0000] {logging_mixin.py:190} INFO - [2026-07-05T21:58:29.390+0000] {dag.py:4180} INFO - Setting next_dagrun for ecommerce_pipeline to 2026-07-05 00:00:00+00:00, run_after=2026-07-06 00:00:00+00:00
[2026-07-05T21:58:29.498+0000] {processor.py:208} INFO - Processing /opt/airflow/dags/ecommerce_pipeline.py took 0.934 seconds
[2026-07-05T21:59:01.931+0000] {processor.py:186} INFO - Started process (PID=333) to work on /opt/airflow/dags/ecommerce_pipeline.py
[2026-07-05T21:59:01.998+0000] {processor.py:914} INFO - Processing file /opt/airflow/dags/ecommerce_pipeline.py for tasks to queue
[2026-07-05T21:59:02.285+0000] {logging_mixin.py:190} INFO - [2026-07-05T21:59:02.245+0000] {dagbag.py:588} INFO - Filling up the DagBag from /opt/airflow/dags/ecommerce_pipeline.py
[2026-07-05T21:59:03.579+0000] {processor.py:925} INFO - DAG(s) 'ecommerce_pipeline' retrieved from /opt/airflow/dags/ecommerce_pipeline.py
[2026-07-05T21:59:04.869+0000] {logging_mixin.py:190} INFO - [2026-07-05T21:59:04.869+0000] {dag.py:3239} INFO - Sync 1 DAGs
[2026-07-05T21:59:05.218+0000] {logging_mixin.py:190} INFO - [2026-07-05T21:59:05.217+0000] {dag.py:4180} INFO - Setting next_dagrun for ecommerce_pipeline to 2026-07-05 00:00:00+00:00, run_after=2026-07-06 00:00:00+00:00
[2026-07-05T21:59:05.324+0000] {processor.py:208} INFO - Processing /opt/airflow/dags/ecommerce_pipeline.py took 3.986 seconds
[2026-07-05T21:59:36.053+0000] {processor.py:186} INFO - Started process (PID=338) to work on /opt/airflow/dags/ecommerce_pipeline.py
[2026-07-05T21:59:36.061+0000] {processor.py:914} INFO - Processing file /opt/airflow/dags/ecommerce_pipeline.py for tasks to queue
[2026-07-05T21:59:36.117+0000] {logging_mixin.py:190} INFO - [2026-07-05T21:59:36.110+0000] {dagbag.py:588} INFO - Filling up the DagBag from /opt/airflow/dags/ecommerce_pipeline.py
[2026-07-05T21:59:36.549+0000] {processor.py:925} INFO - DAG(s) 'ecommerce_pipeline' retrieved from /opt/airflow/dags/ecommerce_pipeline.py
[2026-07-05T21:59:38.170+0000] {logging_mixin.py:190} INFO - [2026-07-05T21:59:38.169+0000] {dag.py:3239} INFO - Sync 1 DAGs
[2026-07-05T21:59:38.360+0000] {logging_mixin.py:190} INFO - [2026-07-05T21:59:38.359+0000] {dag.py:4180} INFO - Setting next_dagrun for ecommerce_pipeline to 2026-07-05 00:00:00+00:00, run_after=2026-07-06 00:00:00+00:00
[2026-07-05T21:59:38.531+0000] {processor.py:208} INFO - Processing /opt/airflow/dags/ecommerce_pipeline.py took 2.529 seconds
[2026-07-05T22:00:09.379+0000] {processor.py:186} INFO - Started process (PID=343) to work on /opt/airflow/dags/ecommerce_pipeline.py
[2026-07-05T22:00:09.386+0000] {processor.py:914} INFO - Processing file /opt/airflow/dags/ecommerce_pipeline.py for tasks to queue
[2026-07-05T22:00:09.433+0000] {logging_mixin.py:190} INFO - [2026-07-05T22:00:09.425+0000] {dagbag.py:588} INFO - Filling up the DagBag from /opt/airflow/dags/ecommerce_pipeline.py
[2026-07-05T22:00:09.803+0000] {processor.py:925} INFO - DAG(s) 'ecommerce_pipeline' retrieved from /opt/airflow/dags/ecommerce_pipeline.py
[2026-07-05T22:00:10.223+0000] {logging_mixin.py:190} INFO - [2026-07-05T22:00:10.222+0000] {dag.py:3239} INFO - Sync 1 DAGs
[2026-07-05T22:00:10.464+0000] {logging_mixin.py:190} INFO - [2026-07-05T22:00:10.462+0000] {dag.py:4180} INFO - Setting next_dagrun for ecommerce_pipeline to 2026-07-05 00:00:00+00:00, run_after=2026-07-06 00:00:00+00:00
[2026-07-05T22:00:10.669+0000] {processor.py:208} INFO - Processing /opt/airflow/dags/ecommerce_pipeline.py took 1.400 seconds
[2026-07-05T22:00:41.572+0000] {processor.py:186} INFO - Started process (PID=354) to work on /opt/airflow/dags/ecommerce_pipeline.py
[2026-07-05T22:00:41.632+0000] {processor.py:914} INFO - Processing file /opt/airflow/dags/ecommerce_pipeline.py for tasks to queue
[2026-07-05T22:00:41.751+0000] {logging_mixin.py:190} INFO - [2026-07-05T22:00:41.737+0000] {dagbag.py:588} INFO - Filling up the DagBag from /opt/airflow/dags/ecommerce_pipeline.py
[2026-07-05T22:00:42.158+0000] {processor.py:925} INFO - DAG(s) 'ecommerce_pipeline' retrieved from /opt/airflow/dags/ecommerce_pipeline.py
[2026-07-05T22:00:42.372+0000] {logging_mixin.py:190} INFO - [2026-07-05T22:00:42.371+0000] {dag.py:3239} INFO - Sync 1 DAGs
[2026-07-05T22:00:42.551+0000] {logging_mixin.py:190} INFO - [2026-07-05T22:00:42.550+0000] {dag.py:4180} INFO - Setting next_dagrun for ecommerce_pipeline to 2026-07-05 00:00:00+00:00, run_after=2026-07-06 00:00:00+00:00
[2026-07-05T22:00:42.630+0000] {processor.py:208} INFO - Processing /opt/airflow/dags/ecommerce_pipeline.py took 1.281 seconds
[2026-07-05T22:01:12.863+0000] {processor.py:186} INFO - Started process (PID=418) to work on /opt/airflow/dags/ecommerce_pipeline.py
[2026-07-05T22:01:12.869+0000] {processor.py:914} INFO - Processing file /opt/airflow/dags/ecommerce_pipeline.py for tasks to queue
[2026-07-05T22:01:12.881+0000] {logging_mixin.py:190} INFO - [2026-07-05T22:01:12.879+0000] {dagbag.py:588} INFO - Filling up the DagBag from /opt/airflow/dags/ecommerce_pipeline.py
[2026-07-05T22:01:12.970+0000] {processor.py:925} INFO - DAG(s) 'ecommerce_pipeline' retrieved from /opt/airflow/dags/ecommerce_pipeline.py
[2026-07-05T22:01:13.048+0000] {logging_mixin.py:190} INFO - [2026-07-05T22:01:13.048+0000] {dag.py:3239} INFO - Sync 1 DAGs
[2026-07-05T22:01:13.100+0000] {logging_mixin.py:190} INFO - [2026-07-05T22:01:13.100+0000] {dag.py:4180} INFO - Setting next_dagrun for ecommerce_pipeline to 2026-07-05 00:00:00+00:00, run_after=2026-07-06 00:00:00+00:00
[2026-07-05T22:01:13.127+0000] {processor.py:208} INFO - Processing /opt/airflow/dags/ecommerce_pipeline.py took 0.317 seconds
[2026-07-05T22:01:43.337+0000] {processor.py:186} INFO - Started process (PID=467) to work on /opt/airflow/dags/ecommerce_pipeline.py
[2026-07-05T22:01:43.340+0000] {processor.py:914} INFO - Processing file /opt/airflow/dags/ecommerce_pipeline.py for tasks to queue
[2026-07-05T22:01:43.345+0000] {logging_mixin.py:190} INFO - [2026-07-05T22:01:43.345+0000] {dagbag.py:588} INFO - Filling up the DagBag from /opt/airflow/dags/ecommerce_pipeline.py
[2026-07-05T22:01:43.381+0000] {processor.py:925} INFO - DAG(s) 'ecommerce_pipeline' retrieved from /opt/airflow/dags/ecommerce_pipeline.py
[2026-07-05T22:01:43.416+0000] {logging_mixin.py:190} INFO - [2026-07-05T22:01:43.416+0000] {dag.py:3239} INFO - Sync 1 DAGs
[2026-07-05T22:01:43.445+0000] {logging_mixin.py:190} INFO - [2026-07-05T22:01:43.444+0000] {dag.py:4180} INFO - Setting next_dagrun for ecommerce_pipeline to 2026-07-05 00:00:00+00:00, run_after=2026-07-06 00:00:00+00:00
[2026-07-05T22:01:43.471+0000] {processor.py:208} INFO - Processing /opt/airflow/dags/ecommerce_pipeline.py took 0.141 seconds
[2026-07-05T22:02:15.843+0000] {processor.py:186} INFO - Started process (PID=472) to work on /opt/airflow/dags/ecommerce_pipeline.py
[2026-07-05T22:02:15.881+0000] {processor.py:914} INFO - Processing file /opt/airflow/dags/ecommerce_pipeline.py for tasks to queue
[2026-07-05T22:02:16.155+0000] {logging_mixin.py:190} INFO - [2026-07-05T22:02:16.094+0000] {dagbag.py:588} INFO - Filling up the DagBag from /opt/airflow/dags/ecommerce_pipeline.py
[2026-07-05T22:02:17.363+0000] {processor.py:925} INFO - DAG(s) 'ecommerce_pipeline' retrieved from /opt/airflow/dags/ecommerce_pipeline.py
[2026-07-05T22:02:19.537+0000] {logging_mixin.py:190} INFO - [2026-07-05T22:02:19.535+0000] {dag.py:3239} INFO - Sync 1 DAGs
[2026-07-05T22:02:20.315+0000] {logging_mixin.py:190} INFO - [2026-07-05T22:02:20.306+0000] {dag.py:4180} INFO - Setting next_dagrun for ecommerce_pipeline to 2026-07-05 00:00:00+00:00, run_after=2026-07-06 00:00:00+00:00
[2026-07-05T22:02:20.704+0000] {processor.py:208} INFO - Processing /opt/airflow/dags/ecommerce_pipeline.py took 5.384 seconds
[2026-07-05T22:02:51.361+0000] {processor.py:186} INFO - Started process (PID=477) to work on /opt/airflow/dags/ecommerce_pipeline.py
[2026-07-05T22:02:51.365+0000] {processor.py:914} INFO - Processing file /opt/airflow/dags/ecommerce_pipeline.py for tasks to queue
[2026-07-05T22:02:51.393+0000] {logging_mixin.py:190} INFO - [2026-07-05T22:02:51.388+0000] {dagbag.py:588} INFO - Filling up the DagBag from /opt/airflow/dags/ecommerce_pipeline.py
[2026-07-05T22:02:51.558+0000] {processor.py:925} INFO - DAG(s) 'ecommerce_pipeline' retrieved from /opt/airflow/dags/ecommerce_pipeline.py
[2026-07-05T22:02:51.829+0000] {logging_mixin.py:190} INFO - [2026-07-05T22:02:51.829+0000] {dag.py:3239} INFO - Sync 1 DAGs
[2026-07-05T22:02:51.951+0000] {logging_mixin.py:190} INFO - [2026-07-05T22:02:51.950+0000] {dag.py:4180} INFO - Setting next_dagrun for ecommerce_pipeline to 2026-07-05 00:00:00+00:00, run_after=2026-07-06 00:00:00+00:00
[2026-07-05T22:02:52.017+0000] {processor.py:208} INFO - Processing /opt/airflow/dags/ecommerce_pipeline.py took 0.708 seconds
[2026-07-05T22:03:22.535+0000] {processor.py:186} INFO - Started process (PID=482) to work on /opt/airflow/dags/ecommerce_pipeline.py
[2026-07-05T22:03:22.562+0000] {processor.py:914} INFO - Processing file /opt/airflow/dags/ecommerce_pipeline.py for tasks to queue
[2026-07-05T22:03:22.584+0000] {logging_mixin.py:190} INFO - [2026-07-05T22:03:22.583+0000] {dagbag.py:588} INFO - Filling up the DagBag from /opt/airflow/dags/ecommerce_pipeline.py
[2026-07-05T22:03:22.846+0000] {processor.py:925} INFO - DAG(s) 'ecommerce_pipeline' retrieved from /opt/airflow/dags/ecommerce_pipeline.py
[2026-07-05T22:03:23.211+0000] {logging_mixin.py:190} INFO - [2026-07-05T22:03:23.209+0000] {dag.py:3239} INFO - Sync 1 DAGs
[2026-07-05T22:03:23.454+0000] {logging_mixin.py:190} INFO - [2026-07-05T22:03:23.453+0000] {dag.py:4180} INFO - Setting next_dagrun for ecommerce_pipeline to 2026-07-05 00:00:00+00:00, run_after=2026-07-06 00:00:00+00:00
[2026-07-05T22:03:23.519+0000] {processor.py:208} INFO - Processing /opt/airflow/dags/ecommerce_pipeline.py took 0.992 seconds
[2026-07-05T22:03:54.381+0000] {processor.py:186} INFO - Started process (PID=487) to work on /opt/airflow/dags/ecommerce_pipeline.py
[2026-07-05T22:03:54.406+0000] {processor.py:914} INFO - Processing file /opt/airflow/dags/ecommerce_pipeline.py for tasks to queue
[2026-07-05T22:03:54.490+0000] {logging_mixin.py:190} INFO - [2026-07-05T22:03:54.482+0000] {dagbag.py:588} INFO - Filling up the DagBag from /opt/airflow/dags/ecommerce_pipeline.py
[2026-07-05T22:03:54.796+0000] {processor.py:925} INFO - DAG(s) 'ecommerce_pipeline' retrieved from /opt/airflow/dags/ecommerce_pipeline.py
[2026-07-05T22:03:55.080+0000] {logging_mixin.py:190} INFO - [2026-07-05T22:03:55.078+0000] {dag.py:3239} INFO - Sync 1 DAGs
[2026-07-05T22:03:55.201+0000] {logging_mixin.py:190} INFO - [2026-07-05T22:03:55.200+0000] {dag.py:4180} INFO - Setting next_dagrun for ecommerce_pipeline to 2026-07-05 00:00:00+00:00, run_after=2026-07-06 00:00:00+00:00
[2026-07-05T22:03:55.268+0000] {processor.py:208} INFO - Processing /opt/airflow/dags/ecommerce_pipeline.py took 0.992 seconds
[2026-07-05T22:04:26.487+0000] {processor.py:186} INFO - Started process (PID=509) to work on /opt/airflow/dags/ecommerce_pipeline.py
[2026-07-05T22:04:26.603+0000] {processor.py:914} INFO - Processing file /opt/airflow/dags/ecommerce_pipeline.py for tasks to queue
[2026-07-05T22:04:26.816+0000] {logging_mixin.py:190} INFO - [2026-07-05T22:04:26.791+0000] {dagbag.py:588} INFO - Filling up the DagBag from /opt/airflow/dags/ecommerce_pipeline.py
[2026-07-05T22:04:27.864+0000] {processor.py:925} INFO - DAG(s) 'ecommerce_pipeline' retrieved from /opt/airflow/dags/ecommerce_pipeline.py
[2026-07-05T22:04:29.786+0000] {logging_mixin.py:190} INFO - [2026-07-05T22:04:29.785+0000] {dag.py:3239} INFO - Sync 1 DAGs
[2026-07-05T22:04:30.821+0000] {logging_mixin.py:190} INFO - [2026-07-05T22:04:30.818+0000] {dag.py:4180} INFO - Setting next_dagrun for ecommerce_pipeline to 2026-07-05 00:00:00+00:00, run_after=2026-07-06 00:00:00+00:00
[2026-07-05T22:04:31.030+0000] {processor.py:208} INFO - Processing /opt/airflow/dags/ecommerce_pipeline.py took 4.917 seconds
[2026-07-05T22:05:01.678+0000] {processor.py:186} INFO - Started process (PID=541) to work on /opt/airflow/dags/ecommerce_pipeline.py
[2026-07-05T22:05:01.684+0000] {processor.py:914} INFO - Processing file /opt/airflow/dags/ecommerce_pipeline.py for tasks to queue
[2026-07-05T22:05:01.710+0000] {logging_mixin.py:190} INFO - [2026-07-05T22:05:01.707+0000] {dagbag.py:588} INFO - Filling up the DagBag from /opt/airflow/dags/ecommerce_pipeline.py
[2026-07-05T22:05:01.827+0000] {processor.py:925} INFO - DAG(s) 'ecommerce_pipeline' retrieved from /opt/airflow/dags/ecommerce_pipeline.py
[2026-07-05T22:05:02.041+0000] {logging_mixin.py:190} INFO - [2026-07-05T22:05:02.041+0000] {dag.py:3239} INFO - Sync 1 DAGs
[2026-07-05T22:05:02.142+0000] {logging_mixin.py:190} INFO - [2026-07-05T22:05:02.141+0000] {dag.py:4180} INFO - Setting next_dagrun for ecommerce_pipeline to 2026-07-05 00:00:00+00:00, run_after=2026-07-06 00:00:00+00:00
[2026-07-05T22:05:02.194+0000] {processor.py:208} INFO - Processing /opt/airflow/dags/ecommerce_pipeline.py took 0.607 seconds
[2026-07-05T22:05:33.333+0000] {processor.py:186} INFO - Started process (PID=589) to work on /opt/airflow/dags/ecommerce_pipeline.py
[2026-07-05T22:05:33.356+0000] {processor.py:914} INFO - Processing file /opt/airflow/dags/ecommerce_pipeline.py for tasks to queue
[2026-07-05T22:05:33.454+0000] {logging_mixin.py:190} INFO - [2026-07-05T22:05:33.446+0000] {dagbag.py:588} INFO - Filling up the DagBag from /opt/airflow/dags/ecommerce_pipeline.py
[2026-07-05T22:05:33.709+0000] {processor.py:925} INFO - DAG(s) 'ecommerce_pipeline' retrieved from /opt/airflow/dags/ecommerce_pipeline.py
[2026-07-05T22:05:34.048+0000] {logging_mixin.py:190} INFO - [2026-07-05T22:05:34.047+0000] {dag.py:3239} INFO - Sync 1 DAGs
[2026-07-05T22:05:34.155+0000] {logging_mixin.py:190} INFO - [2026-07-05T22:05:34.154+0000] {dag.py:4180} INFO - Setting next_dagrun for ecommerce_pipeline to 2026-07-05 00:00:00+00:00, run_after=2026-07-06 00:00:00+00:00
[2026-07-05T22:05:34.212+0000] {processor.py:208} INFO - Processing /opt/airflow/dags/ecommerce_pipeline.py took 1.156 seconds
[2026-07-05T22:06:05.739+0000] {processor.py:186} INFO - Started process (PID=594) to work on /opt/airflow/dags/ecommerce_pipeline.py
[2026-07-05T22:06:05.748+0000] {processor.py:914} INFO - Processing file /opt/airflow/dags/ecommerce_pipeline.py for tasks to queue
[2026-07-05T22:06:05.837+0000] {logging_mixin.py:190} INFO - [2026-07-05T22:06:05.824+0000] {dagbag.py:588} INFO - Filling up the DagBag from /opt/airflow/dags/ecommerce_pipeline.py
[2026-07-05T22:06:06.915+0000] {processor.py:925} INFO - DAG(s) 'ecommerce_pipeline' retrieved from /opt/airflow/dags/ecommerce_pipeline.py
[2026-07-05T22:06:08.417+0000] {logging_mixin.py:190} INFO - [2026-07-05T22:06:08.416+0000] {dag.py:3239} INFO - Sync 1 DAGs
[2026-07-05T22:06:09.046+0000] {logging_mixin.py:190} INFO - [2026-07-05T22:06:09.041+0000] {dag.py:4180} INFO - Setting next_dagrun for ecommerce_pipeline to 2026-07-05 00:00:00+00:00, run_after=2026-07-06 00:00:00+00:00
[2026-07-05T22:06:09.230+0000] {processor.py:208} INFO - Processing /opt/airflow/dags/ecommerce_pipeline.py took 3.685 seconds
[2026-07-05T22:06:39.859+0000] {processor.py:186} INFO - Started process (PID=599) to work on /opt/airflow/dags/ecommerce_pipeline.py
[2026-07-05T22:06:39.861+0000] {processor.py:914} INFO - Processing file /opt/airflow/dags/ecommerce_pipeline.py for tasks to queue
[2026-07-05T22:06:39.865+0000] {logging_mixin.py:190} INFO - [2026-07-05T22:06:39.865+0000] {dagbag.py:588} INFO - Filling up the DagBag from /opt/airflow/dags/ecommerce_pipeline.py
[2026-07-05T22:06:39.916+0000] {processor.py:925} INFO - DAG(s) 'ecommerce_pipeline' retrieved from /opt/airflow/dags/ecommerce_pipeline.py
[2026-07-05T22:06:40.000+0000] {logging_mixin.py:190} INFO - [2026-07-05T22:06:39.999+0000] {dag.py:3239} INFO - Sync 1 DAGs
[2026-07-05T22:06:40.041+0000] {logging_mixin.py:190} INFO - [2026-07-05T22:06:40.040+0000] {dag.py:4180} INFO - Setting next_dagrun for ecommerce_pipeline to 2026-07-05 00:00:00+00:00, run_after=2026-07-06 00:00:00+00:00
[2026-07-05T22:06:40.090+0000] {processor.py:208} INFO - Processing /opt/airflow/dags/ecommerce_pipeline.py took 0.308 seconds
[2026-07-05T22:07:10.565+0000] {processor.py:186} INFO - Started process (PID=604) to work on /opt/airflow/dags/ecommerce_pipeline.py
[2026-07-05T22:07:10.568+0000] {processor.py:914} INFO - Processing file /opt/airflow/dags/ecommerce_pipeline.py for tasks to queue
[2026-07-05T22:07:10.575+0000] {logging_mixin.py:190} INFO - [2026-07-05T22:07:10.574+0000] {dagbag.py:588} INFO - Filling up the DagBag from /opt/airflow/dags/ecommerce_pipeline.py
[2026-07-05T22:07:10.617+0000] {processor.py:925} INFO - DAG(s) 'ecommerce_pipeline' retrieved from /opt/airflow/dags/ecommerce_pipeline.py
[2026-07-05T22:07:10.701+0000] {logging_mixin.py:190} INFO - [2026-07-05T22:07:10.701+0000] {dag.py:3239} INFO - Sync 1 DAGs
[2026-07-05T22:07:10.907+0000] {logging_mixin.py:190} INFO - [2026-07-05T22:07:10.905+0000] {dag.py:4180} INFO - Setting next_dagrun for ecommerce_pipeline to 2026-07-05 00:00:00+00:00, run_after=2026-07-06 00:00:00+00:00
[2026-07-05T22:07:10.982+0000] {processor.py:208} INFO - Processing /opt/airflow/dags/ecommerce_pipeline.py took 0.437 seconds
[2026-07-05T22:07:41.183+0000] {processor.py:186} INFO - Started process (PID=609) to work on /opt/airflow/dags/ecommerce_pipeline.py
[2026-07-05T22:07:41.185+0000] {processor.py:914} INFO - Processing file /opt/airflow/dags/ecommerce_pipeline.py for tasks to queue
[2026-07-05T22:07:41.194+0000] {logging_mixin.py:190} INFO - [2026-07-05T22:07:41.191+0000] {dagbag.py:588} INFO - Filling up the DagBag from /opt/airflow/dags/ecommerce_pipeline.py
[2026-07-05T22:07:41.254+0000] {processor.py:925} INFO - DAG(s) 'ecommerce_pipeline' retrieved from /opt/airflow/dags/ecommerce_pipeline.py
[2026-07-05T22:07:41.601+0000] {logging_mixin.py:190} INFO - [2026-07-05T22:07:41.601+0000] {dag.py:3239} INFO - Sync 1 DAGs
[2026-07-05T22:07:41.775+0000] {logging_mixin.py:190} INFO - [2026-07-05T22:07:41.774+0000] {dag.py:4180} INFO - Setting next_dagrun for ecommerce_pipeline to 2026-07-05 00:00:00+00:00, run_after=2026-07-06 00:00:00+00:00
[2026-07-05T22:07:41.830+0000] {processor.py:208} INFO - Processing /opt/airflow/dags/ecommerce_pipeline.py took 0.712 seconds
[2026-07-05T22:08:12.349+0000] {processor.py:186} INFO - Started process (PID=614) to work on /opt/airflow/dags/ecommerce_pipeline.py
[2026-07-05T22:08:12.354+0000] {processor.py:914} INFO - Processing file /opt/airflow/dags/ecommerce_pipeline.py for tasks to queue
[2026-07-05T22:08:12.362+0000] {logging_mixin.py:190} INFO - [2026-07-05T22:08:12.361+0000] {dagbag.py:588} INFO - Filling up the DagBag from /opt/airflow/dags/ecommerce_pipeline.py
[2026-07-05T22:08:12.450+0000] {processor.py:925} INFO - DAG(s) 'ecommerce_pipeline' retrieved from /opt/airflow/dags/ecommerce_pipeline.py
[2026-07-05T22:08:12.558+0000] {logging_mixin.py:190} INFO - [2026-07-05T22:08:12.558+0000] {dag.py:3239} INFO - Sync 1 DAGs
[2026-07-05T22:08:12.617+0000] {logging_mixin.py:190} INFO - [2026-07-05T22:08:12.617+0000] {dag.py:4180} INFO - Setting next_dagrun for ecommerce_pipeline to 2026-07-05 00:00:00+00:00, run_after=2026-07-06 00:00:00+00:00
[2026-07-05T22:08:12.683+0000] {processor.py:208} INFO - Processing /opt/airflow/dags/ecommerce_pipeline.py took 0.363 seconds
[2026-07-05T22:08:43.251+0000] {processor.py:186} INFO - Started process (PID=619) to work on /opt/airflow/dags/ecommerce_pipeline.py
[2026-07-05T22:08:43.260+0000] {processor.py:914} INFO - Processing file /opt/airflow/dags/ecommerce_pipeline.py for tasks to queue
[2026-07-05T22:08:43.268+0000] {logging_mixin.py:190} INFO - [2026-07-05T22:08:43.267+0000] {dagbag.py:588} INFO - Filling up the DagBag from /opt/airflow/dags/ecommerce_pipeline.py
[2026-07-05T22:08:43.349+0000] {processor.py:925} INFO - DAG(s) 'ecommerce_pipeline' retrieved from /opt/airflow/dags/ecommerce_pipeline.py
[2026-07-05T22:08:43.402+0000] {logging_mixin.py:190} INFO - [2026-07-05T22:08:43.401+0000] {dag.py:3239} INFO - Sync 1 DAGs
[2026-07-05T22:08:43.463+0000] {logging_mixin.py:190} INFO - [2026-07-05T22:08:43.462+0000] {dag.py:4180} INFO - Setting next_dagrun for ecommerce_pipeline to 2026-07-05 00:00:00+00:00, run_after=2026-07-06 00:00:00+00:00
[2026-07-05T22:08:43.562+0000] {processor.py:208} INFO - Processing /opt/airflow/dags/ecommerce_pipeline.py took 0.364 seconds
[2026-07-05T22:09:14.095+0000] {processor.py:186} INFO - Started process (PID=624) to work on /opt/airflow/dags/ecommerce_pipeline.py
[2026-07-05T22:09:14.100+0000] {processor.py:914} INFO - Processing file /opt/airflow/dags/ecommerce_pipeline.py for tasks to queue
[2026-07-05T22:09:14.106+0000] {logging_mixin.py:190} INFO - [2026-07-05T22:09:14.105+0000] {dagbag.py:588} INFO - Filling up the DagBag from /opt/airflow/dags/ecommerce_pipeline.py
[2026-07-05T22:09:14.155+0000] {processor.py:925} INFO - DAG(s) 'ecommerce_pipeline' retrieved from /opt/airflow/dags/ecommerce_pipeline.py
[2026-07-05T22:09:14.234+0000] {logging_mixin.py:190} INFO - [2026-07-05T22:09:14.234+0000] {dag.py:3239} INFO - Sync 1 DAGs
[2026-07-05T22:09:14.274+0000] {logging_mixin.py:190} INFO - [2026-07-05T22:09:14.274+0000] {dag.py:4180} INFO - Setting next_dagrun for ecommerce_pipeline to 2026-07-05 00:00:00+00:00, run_after=2026-07-06 00:00:00+00:00
[2026-07-05T22:09:14.313+0000] {processor.py:208} INFO - Processing /opt/airflow/dags/ecommerce_pipeline.py took 0.230 seconds
[2026-07-05T22:09:44.471+0000] {processor.py:186} INFO - Started process (PID=629) to work on /opt/airflow/dags/ecommerce_pipeline.py
[2026-07-05T22:09:44.474+0000] {processor.py:914} INFO - Processing file /opt/airflow/dags/ecommerce_pipeline.py for tasks to queue
[2026-07-05T22:09:44.491+0000] {logging_mixin.py:190} INFO - [2026-07-05T22:09:44.489+0000] {dagbag.py:588} INFO - Filling up the DagBag from /opt/airflow/dags/ecommerce_pipeline.py
[2026-07-05T22:09:44.544+0000] {processor.py:925} INFO - DAG(s) 'ecommerce_pipeline' retrieved from /opt/airflow/dags/ecommerce_pipeline.py
[2026-07-05T22:09:44.581+0000] {logging_mixin.py:190} INFO - [2026-07-05T22:09:44.581+0000] {dag.py:3239} INFO - Sync 1 DAGs
[2026-07-05T22:09:44.639+0000] {logging_mixin.py:190} INFO - [2026-07-05T22:09:44.639+0000] {dag.py:4180} INFO - Setting next_dagrun for ecommerce_pipeline to 2026-07-05 00:00:00+00:00, run_after=2026-07-06 00:00:00+00:00
[2026-07-05T22:09:44.665+0000] {processor.py:208} INFO - Processing /opt/airflow/dags/ecommerce_pipeline.py took 0.204 seconds
[2026-07-05T22:10:14.939+0000] {processor.py:186} INFO - Started process (PID=634) to work on /opt/airflow/dags/ecommerce_pipeline.py
[2026-07-05T22:10:14.942+0000] {processor.py:914} INFO - Processing file /opt/airflow/dags/ecommerce_pipeline.py for tasks to queue
[2026-07-05T22:10:14.951+0000] {logging_mixin.py:190} INFO - [2026-07-05T22:10:14.949+0000] {dagbag.py:588} INFO - Filling up the DagBag from /opt/airflow/dags/ecommerce_pipeline.py
[2026-07-05T22:10:14.989+0000] {processor.py:925} INFO - DAG(s) 'ecommerce_pipeline' retrieved from /opt/airflow/dags/ecommerce_pipeline.py
[2026-07-05T22:10:15.032+0000] {logging_mixin.py:190} INFO - [2026-07-05T22:10:15.032+0000] {dag.py:3239} INFO - Sync 1 DAGs
[2026-07-05T22:10:15.069+0000] {logging_mixin.py:190} INFO - [2026-07-05T22:10:15.068+0000] {dag.py:4180} INFO - Setting next_dagrun for ecommerce_pipeline to 2026-07-05 00:00:00+00:00, run_after=2026-07-06 00:00:00+00:00
[2026-07-05T22:10:15.131+0000] {processor.py:208} INFO - Processing /opt/airflow/dags/ecommerce_pipeline.py took 0.201 seconds
[2026-07-05T22:10:45.556+0000] {processor.py:186} INFO - Started process (PID=639) to work on /opt/airflow/dags/ecommerce_pipeline.py
[2026-07-05T22:10:45.560+0000] {processor.py:914} INFO - Processing file /opt/airflow/dags/ecommerce_pipeline.py for tasks to queue
[2026-07-05T22:10:45.574+0000] {logging_mixin.py:190} INFO - [2026-07-05T22:10:45.573+0000] {dagbag.py:588} INFO - Filling up the DagBag from /opt/airflow/dags/ecommerce_pipeline.py
[2026-07-05T22:10:45.620+0000] {processor.py:925} INFO - DAG(s) 'ecommerce_pipeline' retrieved from /opt/airflow/dags/ecommerce_pipeline.py
[2026-07-05T22:10:45.677+0000] {logging_mixin.py:190} INFO - [2026-07-05T22:10:45.676+0000] {dag.py:3239} INFO - Sync 1 DAGs
[2026-07-05T22:10:45.714+0000] {logging_mixin.py:190} INFO - [2026-07-05T22:10:45.714+0000] {dag.py:4180} INFO - Setting next_dagrun for ecommerce_pipeline to 2026-07-05 00:00:00+00:00, run_after=2026-07-06 00:00:00+00:00
[2026-07-05T22:10:45.745+0000] {processor.py:208} INFO - Processing /opt/airflow/dags/ecommerce_pipeline.py took 0.196 seconds
[2026-07-05T22:11:16.009+0000] {processor.py:186} INFO - Started process (PID=644) to work on /opt/airflow/dags/ecommerce_pipeline.py
[2026-07-05T22:11:16.012+0000] {processor.py:914} INFO - Processing file /opt/airflow/dags/ecommerce_pipeline.py for tasks to queue
[2026-07-05T22:11:16.017+0000] {logging_mixin.py:190} INFO - [2026-07-05T22:11:16.016+0000] {dagbag.py:588} INFO - Filling up the DagBag from /opt/airflow/dags/ecommerce_pipeline.py
[2026-07-05T22:11:16.062+0000] {processor.py:925} INFO - DAG(s) 'ecommerce_pipeline' retrieved from /opt/airflow/dags/ecommerce_pipeline.py
[2026-07-05T22:11:16.102+0000] {logging_mixin.py:190} INFO - [2026-07-05T22:11:16.101+0000] {dag.py:3239} INFO - Sync 1 DAGs
[2026-07-05T22:11:16.132+0000] {logging_mixin.py:190} INFO - [2026-07-05T22:11:16.132+0000] {dag.py:4180} INFO - Setting next_dagrun for ecommerce_pipeline to 2026-07-05 00:00:00+00:00, run_after=2026-07-06 00:00:00+00:00
[2026-07-05T22:11:16.157+0000] {processor.py:208} INFO - Processing /opt/airflow/dags/ecommerce_pipeline.py took 0.159 seconds
[2026-07-05T22:11:46.599+0000] {processor.py:186} INFO - Started process (PID=649) to work on /opt/airflow/dags/ecommerce_pipeline.py
[2026-07-05T22:11:46.602+0000] {processor.py:914} INFO - Processing file /opt/airflow/dags/ecommerce_pipeline.py for tasks to queue
[2026-07-05T22:11:46.609+0000] {logging_mixin.py:190} INFO - [2026-07-05T22:11:46.608+0000] {dagbag.py:588} INFO - Filling up the DagBag from /opt/airflow/dags/ecommerce_pipeline.py
[2026-07-05T22:11:46.658+0000] {processor.py:925} INFO - DAG(s) 'ecommerce_pipeline' retrieved from /opt/airflow/dags/ecommerce_pipeline.py
[2026-07-05T22:11:46.699+0000] {logging_mixin.py:190} INFO - [2026-07-05T22:11:46.699+0000] {dag.py:3239} INFO - Sync 1 DAGs
[2026-07-05T22:11:46.736+0000] {logging_mixin.py:190} INFO - [2026-07-05T22:11:46.736+0000] {dag.py:4180} INFO - Setting next_dagrun for ecommerce_pipeline to 2026-07-05 00:00:00+00:00, run_after=2026-07-06 00:00:00+00:00
[2026-07-05T22:11:46.777+0000] {processor.py:208} INFO - Processing /opt/airflow/dags/ecommerce_pipeline.py took 0.193 seconds
[2026-07-05T22:12:17.007+0000] {processor.py:186} INFO - Started process (PID=654) to work on /opt/airflow/dags/ecommerce_pipeline.py
[2026-07-05T22:12:17.011+0000] {processor.py:914} INFO - Processing file /opt/airflow/dags/ecommerce_pipeline.py for tasks to queue
[2026-07-05T22:12:17.017+0000] {logging_mixin.py:190} INFO - [2026-07-05T22:12:17.016+0000] {dagbag.py:588} INFO - Filling up the DagBag from /opt/airflow/dags/ecommerce_pipeline.py
[2026-07-05T22:12:17.053+0000] {processor.py:925} INFO - DAG(s) 'ecommerce_pipeline' retrieved from /opt/airflow/dags/ecommerce_pipeline.py
[2026-07-05T22:12:17.095+0000] {logging_mixin.py:190} INFO - [2026-07-05T22:12:17.094+0000] {dag.py:3239} INFO - Sync 1 DAGs
[2026-07-05T22:12:17.126+0000] {logging_mixin.py:190} INFO - [2026-07-05T22:12:17.126+0000] {dag.py:4180} INFO - Setting next_dagrun for ecommerce_pipeline to 2026-07-05 00:00:00+00:00, run_after=2026-07-06 00:00:00+00:00
[2026-07-05T22:12:17.150+0000] {processor.py:208} INFO - Processing /opt/airflow/dags/ecommerce_pipeline.py took 0.155 seconds
[2026-07-05T22:12:47.659+0000] {processor.py:186} INFO - Started process (PID=659) to work on /opt/airflow/dags/ecommerce_pipeline.py
[2026-07-05T22:12:47.663+0000] {processor.py:914} INFO - Processing file /opt/airflow/dags/ecommerce_pipeline.py for tasks to queue
[2026-07-05T22:12:47.669+0000] {logging_mixin.py:190} INFO - [2026-07-05T22:12:47.668+0000] {dagbag.py:588} INFO - Filling up the DagBag from /opt/airflow/dags/ecommerce_pipeline.py
[2026-07-05T22:12:47.721+0000] {processor.py:925} INFO - DAG(s) 'ecommerce_pipeline' retrieved from /opt/airflow/dags/ecommerce_pipeline.py
[2026-07-05T22:12:47.785+0000] {logging_mixin.py:190} INFO - [2026-07-05T22:12:47.785+0000] {dag.py:3239} INFO - Sync 1 DAGs
[2026-07-05T22:12:47.819+0000] {logging_mixin.py:190} INFO - [2026-07-05T22:12:47.818+0000] {dag.py:4180} INFO - Setting next_dagrun for ecommerce_pipeline to 2026-07-05 00:00:00+00:00, run_after=2026-07-06 00:00:00+00:00
[2026-07-05T22:12:47.853+0000] {processor.py:208} INFO - Processing /opt/airflow/dags/ecommerce_pipeline.py took 0.239 seconds
[2026-07-05T22:13:18.043+0000] {processor.py:186} INFO - Started process (PID=664) to work on /opt/airflow/dags/ecommerce_pipeline.py
[2026-07-05T22:13:18.045+0000] {processor.py:914} INFO - Processing file /opt/airflow/dags/ecommerce_pipeline.py for tasks to queue
[2026-07-05T22:13:18.050+0000] {logging_mixin.py:190} INFO - [2026-07-05T22:13:18.050+0000] {dagbag.py:588} INFO - Filling up the DagBag from /opt/airflow/dags/ecommerce_pipeline.py
[2026-07-05T22:13:18.101+0000] {processor.py:925} INFO - DAG(s) 'ecommerce_pipeline' retrieved from /opt/airflow/dags/ecommerce_pipeline.py
[2026-07-05T22:13:18.147+0000] {logging_mixin.py:190} INFO - [2026-07-05T22:13:18.147+0000] {dag.py:3239} INFO - Sync 1 DAGs
[2026-07-05T22:13:18.259+0000] {logging_mixin.py:190} INFO - [2026-07-05T22:13:18.259+0000] {dag.py:4180} INFO - Setting next_dagrun for ecommerce_pipeline to 2026-07-05 00:00:00+00:00, run_after=2026-07-06 00:00:00+00:00
[2026-07-05T22:13:18.320+0000] {processor.py:208} INFO - Processing /opt/airflow/dags/ecommerce_pipeline.py took 0.285 seconds
[2026-07-05T22:13:48.720+0000] {processor.py:186} INFO - Started process (PID=669) to work on /opt/airflow/dags/ecommerce_pipeline.py
[2026-07-05T22:13:48.723+0000] {processor.py:914} INFO - Processing file /opt/airflow/dags/ecommerce_pipeline.py for tasks to queue
[2026-07-05T22:13:48.726+0000] {logging_mixin.py:190} INFO - [2026-07-05T22:13:48.726+0000] {dagbag.py:588} INFO - Filling up the DagBag from /opt/airflow/dags/ecommerce_pipeline.py
[2026-07-05T22:13:48.767+0000] {processor.py:925} INFO - DAG(s) 'ecommerce_pipeline' retrieved from /opt/airflow/dags/ecommerce_pipeline.py
[2026-07-05T22:13:48.824+0000] {logging_mixin.py:190} INFO - [2026-07-05T22:13:48.823+0000] {dag.py:3239} INFO - Sync 1 DAGs
[2026-07-05T22:13:48.946+0000] {logging_mixin.py:190} INFO - [2026-07-05T22:13:48.945+0000] {dag.py:4180} INFO - Setting next_dagrun for ecommerce_pipeline to 2026-07-05 00:00:00+00:00, run_after=2026-07-06 00:00:00+00:00
[2026-07-05T22:13:49.006+0000] {processor.py:208} INFO - Processing /opt/airflow/dags/ecommerce_pipeline.py took 0.293 seconds
[2026-07-05T22:14:19.165+0000] {processor.py:186} INFO - Started process (PID=674) to work on /opt/airflow/dags/ecommerce_pipeline.py
[2026-07-05T22:14:19.167+0000] {processor.py:914} INFO - Processing file /opt/airflow/dags/ecommerce_pipeline.py for tasks to queue
[2026-07-05T22:14:19.171+0000] {logging_mixin.py:190} INFO - [2026-07-05T22:14:19.171+0000] {dagbag.py:588} INFO - Filling up the DagBag from /opt/airflow/dags/ecommerce_pipeline.py
[2026-07-05T22:14:19.219+0000] {processor.py:925} INFO - DAG(s) 'ecommerce_pipeline' retrieved from /opt/airflow/dags/ecommerce_pipeline.py
[2026-07-05T22:14:19.273+0000] {logging_mixin.py:190} INFO - [2026-07-05T22:14:19.273+0000] {dag.py:3239} INFO - Sync 1 DAGs
[2026-07-05T22:14:19.329+0000] {logging_mixin.py:190} INFO - [2026-07-05T22:14:19.329+0000] {dag.py:4180} INFO - Setting next_dagrun for ecommerce_pipeline to 2026-07-05 00:00:00+00:00, run_after=2026-07-06 00:00:00+00:00
[2026-07-05T22:14:19.358+0000] {processor.py:208} INFO - Processing /opt/airflow/dags/ecommerce_pipeline.py took 0.203 seconds
[2026-07-05T22:14:49.593+0000] {processor.py:186} INFO - Started process (PID=679) to work on /opt/airflow/dags/ecommerce_pipeline.py
[2026-07-05T22:14:49.595+0000] {processor.py:914} INFO - Processing file /opt/airflow/dags/ecommerce_pipeline.py for tasks to queue
[2026-07-05T22:14:49.602+0000] {logging_mixin.py:190} INFO - [2026-07-05T22:14:49.601+0000] {dagbag.py:588} INFO - Filling up the DagBag from /opt/airflow/dags/ecommerce_pipeline.py
[2026-07-05T22:14:49.681+0000] {processor.py:925} INFO - DAG(s) 'ecommerce_pipeline' retrieved from /opt/airflow/dags/ecommerce_pipeline.py
[2026-07-05T22:14:49.764+0000] {logging_mixin.py:190} INFO - [2026-07-05T22:14:49.764+0000] {dag.py:3239} INFO - Sync 1 DAGs
[2026-07-05T22:14:49.812+0000] {logging_mixin.py:190} INFO - [2026-07-05T22:14:49.812+0000] {dag.py:4180} INFO - Setting next_dagrun for ecommerce_pipeline to 2026-07-05 00:00:00+00:00, run_after=2026-07-06 00:00:00+00:00
[2026-07-05T22:14:49.846+0000] {processor.py:208} INFO - Processing /opt/airflow/dags/ecommerce_pipeline.py took 0.260 seconds
[2026-07-05T22:15:20.224+0000] {processor.py:186} INFO - Started process (PID=684) to work on /opt/airflow/dags/ecommerce_pipeline.py
[2026-07-05T22:15:20.228+0000] {processor.py:914} INFO - Processing file /opt/airflow/dags/ecommerce_pipeline.py for tasks to queue
[2026-07-05T22:15:20.232+0000] {logging_mixin.py:190} INFO - [2026-07-05T22:15:20.232+0000] {dagbag.py:588} INFO - Filling up the DagBag from /opt/airflow/dags/ecommerce_pipeline.py
[2026-07-05T22:15:20.272+0000] {processor.py:925} INFO - DAG(s) 'ecommerce_pipeline' retrieved from /opt/airflow/dags/ecommerce_pipeline.py
[2026-07-05T22:15:20.320+0000] {logging_mixin.py:190} INFO - [2026-07-05T22:15:20.320+0000] {dag.py:3239} INFO - Sync 1 DAGs
[2026-07-05T22:15:20.348+0000] {logging_mixin.py:190} INFO - [2026-07-05T22:15:20.348+0000] {dag.py:4180} INFO - Setting next_dagrun for ecommerce_pipeline to 2026-07-05 00:00:00+00:00, run_after=2026-07-06 00:00:00+00:00
[2026-07-05T22:15:20.374+0000] {processor.py:208} INFO - Processing /opt/airflow/dags/ecommerce_pipeline.py took 0.156 seconds
[2026-07-05T22:15:50.707+0000] {processor.py:186} INFO - Started process (PID=689) to work on /opt/airflow/dags/ecommerce_pipeline.py
[2026-07-05T22:15:50.709+0000] {processor.py:914} INFO - Processing file /opt/airflow/dags/ecommerce_pipeline.py for tasks to queue
[2026-07-05T22:15:50.713+0000] {logging_mixin.py:190} INFO - [2026-07-05T22:15:50.713+0000] {dagbag.py:588} INFO - Filling up the DagBag from /opt/airflow/dags/ecommerce_pipeline.py
[2026-07-05T22:15:50.761+0000] {processor.py:925} INFO - DAG(s) 'ecommerce_pipeline' retrieved from /opt/airflow/dags/ecommerce_pipeline.py
[2026-07-05T22:15:50.831+0000] {logging_mixin.py:190} INFO - [2026-07-05T22:15:50.830+0000] {dag.py:3239} INFO - Sync 1 DAGs
[2026-07-05T22:15:50.878+0000] {logging_mixin.py:190} INFO - [2026-07-05T22:15:50.877+0000] {dag.py:4180} INFO - Setting next_dagrun for ecommerce_pipeline to 2026-07-05 00:00:00+00:00, run_after=2026-07-06 00:00:00+00:00
[2026-07-05T22:15:50.907+0000] {processor.py:208} INFO - Processing /opt/airflow/dags/ecommerce_pipeline.py took 0.213 seconds
[2026-07-05T22:16:21.194+0000] {processor.py:186} INFO - Started process (PID=694) to work on /opt/airflow/dags/ecommerce_pipeline.py
[2026-07-05T22:16:21.197+0000] {processor.py:914} INFO - Processing file /opt/airflow/dags/ecommerce_pipeline.py for tasks to queue
[2026-07-05T22:16:21.201+0000] {logging_mixin.py:190} INFO - [2026-07-05T22:16:21.200+0000] {dagbag.py:588} INFO - Filling up the DagBag from /opt/airflow/dags/ecommerce_pipeline.py
[2026-07-05T22:16:21.242+0000] {processor.py:925} INFO - DAG(s) 'ecommerce_pipeline' retrieved from /opt/airflow/dags/ecommerce_pipeline.py
[2026-07-05T22:16:21.294+0000] {logging_mixin.py:190} INFO - [2026-07-05T22:16:21.293+0000] {dag.py:3239} INFO - Sync 1 DAGs
[2026-07-05T22:16:21.336+0000] {logging_mixin.py:190} INFO - [2026-07-05T22:16:21.336+0000] {dag.py:4180} INFO - Setting next_dagrun for ecommerce_pipeline to 2026-07-05 00:00:00+00:00, run_after=2026-07-06 00:00:00+00:00
[2026-07-05T22:16:21.362+0000] {processor.py:208} INFO - Processing /opt/airflow/dags/ecommerce_pipeline.py took 0.175 seconds
[2026-07-05T22:16:51.773+0000] {processor.py:186} INFO - Started process (PID=699) to work on /opt/airflow/dags/ecommerce_pipeline.py
[2026-07-05T22:16:51.776+0000] {processor.py:914} INFO - Processing file /opt/airflow/dags/ecommerce_pipeline.py for tasks to queue
[2026-07-05T22:16:51.780+0000] {logging_mixin.py:190} INFO - [2026-07-05T22:16:51.780+0000] {dagbag.py:588} INFO - Filling up the DagBag from /opt/airflow/dags/ecommerce_pipeline.py
[2026-07-05T22:16:51.822+0000] {processor.py:925} INFO - DAG(s) 'ecommerce_pipeline' retrieved from /opt/airflow/dags/ecommerce_pipeline.py
[2026-07-05T22:16:51.903+0000] {logging_mixin.py:190} INFO - [2026-07-05T22:16:51.902+0000] {dag.py:3239} INFO - Sync 1 DAGs
[2026-07-05T22:16:51.949+0000] {logging_mixin.py:190} INFO - [2026-07-05T22:16:51.948+0000] {dag.py:4180} INFO - Setting next_dagrun for ecommerce_pipeline to 2026-07-05 00:00:00+00:00, run_after=2026-07-06 00:00:00+00:00
[2026-07-05T22:16:51.989+0000] {processor.py:208} INFO - Processing /opt/airflow/dags/ecommerce_pipeline.py took 0.227 seconds
[2026-07-05T22:17:22.286+0000] {processor.py:186} INFO - Started process (PID=704) to work on /opt/airflow/dags/ecommerce_pipeline.py
[2026-07-05T22:17:22.291+0000] {processor.py:914} INFO - Processing file /opt/airflow/dags/ecommerce_pipeline.py for tasks to queue
[2026-07-05T22:17:22.303+0000] {logging_mixin.py:190} INFO - [2026-07-05T22:17:22.302+0000] {dagbag.py:588} INFO - Filling up the DagBag from /opt/airflow/dags/ecommerce_pipeline.py
[2026-07-05T22:17:22.382+0000] {processor.py:925} INFO - DAG(s) 'ecommerce_pipeline' retrieved from /opt/airflow/dags/ecommerce_pipeline.py
[2026-07-05T22:17:22.504+0000] {logging_mixin.py:190} INFO - [2026-07-05T22:17:22.504+0000] {dag.py:3239} INFO - Sync 1 DAGs
[2026-07-05T22:17:22.580+0000] {logging_mixin.py:190} INFO - [2026-07-05T22:17:22.579+0000] {dag.py:4180} INFO - Setting next_dagrun for ecommerce_pipeline to 2026-07-05 00:00:00+00:00, run_after=2026-07-06 00:00:00+00:00
[2026-07-05T22:17:22.634+0000] {processor.py:208} INFO - Processing /opt/airflow/dags/ecommerce_pipeline.py took 0.366 seconds
[2026-07-05T22:17:52.869+0000] {processor.py:186} INFO - Started process (PID=709) to work on /opt/airflow/dags/ecommerce_pipeline.py
[2026-07-05T22:17:52.873+0000] {processor.py:914} INFO - Processing file /opt/airflow/dags/ecommerce_pipeline.py for tasks to queue
[2026-07-05T22:17:52.907+0000] {logging_mixin.py:190} INFO - [2026-07-05T22:17:52.905+0000] {dagbag.py:588} INFO - Filling up the DagBag from /opt/airflow/dags/ecommerce_pipeline.py
[2026-07-05T22:17:53.006+0000] {processor.py:925} INFO - DAG(s) 'ecommerce_pipeline' retrieved from /opt/airflow/dags/ecommerce_pipeline.py
[2026-07-05T22:17:53.066+0000] {logging_mixin.py:190} INFO - [2026-07-05T22:17:53.065+0000] {dag.py:3239} INFO - Sync 1 DAGs
[2026-07-05T22:17:53.150+0000] {logging_mixin.py:190} INFO - [2026-07-05T22:17:53.150+0000] {dag.py:4180} INFO - Setting next_dagrun for ecommerce_pipeline to 2026-07-05 00:00:00+00:00, run_after=2026-07-06 00:00:00+00:00
[2026-07-05T22:17:53.195+0000] {processor.py:208} INFO - Processing /opt/airflow/dags/ecommerce_pipeline.py took 0.338 seconds
[2026-07-05T22:18:23.502+0000] {processor.py:186} INFO - Started process (PID=714) to work on /opt/airflow/dags/ecommerce_pipeline.py
[2026-07-05T22:18:23.505+0000] {processor.py:914} INFO - Processing file /opt/airflow/dags/ecommerce_pipeline.py for tasks to queue
[2026-07-05T22:18:23.509+0000] {logging_mixin.py:190} INFO - [2026-07-05T22:18:23.509+0000] {dagbag.py:588} INFO - Filling up the DagBag from /opt/airflow/dags/ecommerce_pipeline.py
[2026-07-05T22:18:23.543+0000] {processor.py:925} INFO - DAG(s) 'ecommerce_pipeline' retrieved from /opt/airflow/dags/ecommerce_pipeline.py
[2026-07-05T22:18:23.634+0000] {logging_mixin.py:190} INFO - [2026-07-05T22:18:23.633+0000] {dag.py:3239} INFO - Sync 1 DAGs
[2026-07-05T22:18:23.684+0000] {logging_mixin.py:190} INFO - [2026-07-05T22:18:23.684+0000] {dag.py:4180} INFO - Setting next_dagrun for ecommerce_pipeline to 2026-07-05 00:00:00+00:00, run_after=2026-07-06 00:00:00+00:00
[2026-07-05T22:18:23.718+0000] {processor.py:208} INFO - Processing /opt/airflow/dags/ecommerce_pipeline.py took 0.237 seconds
[2026-07-05T22:18:54.144+0000] {processor.py:186} INFO - Started process (PID=719) to work on /opt/airflow/dags/ecommerce_pipeline.py
[2026-07-05T22:18:54.148+0000] {processor.py:914} INFO - Processing file /opt/airflow/dags/ecommerce_pipeline.py for tasks to queue
[2026-07-05T22:18:54.153+0000] {logging_mixin.py:190} INFO - [2026-07-05T22:18:54.153+0000] {dagbag.py:588} INFO - Filling up the DagBag from /opt/airflow/dags/ecommerce_pipeline.py
[2026-07-05T22:18:54.272+0000] {processor.py:925} INFO - DAG(s) 'ecommerce_pipeline' retrieved from /opt/airflow/dags/ecommerce_pipeline.py
[2026-07-05T22:18:54.317+0000] {logging_mixin.py:190} INFO - [2026-07-05T22:18:54.317+0000] {dag.py:3239} INFO - Sync 1 DAGs
[2026-07-05T22:18:54.379+0000] {logging_mixin.py:190} INFO - [2026-07-05T22:18:54.378+0000] {dag.py:4180} INFO - Setting next_dagrun for ecommerce_pipeline to 2026-07-05 00:00:00+00:00, run_after=2026-07-06 00:00:00+00:00
[2026-07-05T22:18:54.406+0000] {processor.py:208} INFO - Processing /opt/airflow/dags/ecommerce_pipeline.py took 0.274 seconds
[2026-07-05T22:19:24.556+0000] {processor.py:186} INFO - Started process (PID=724) to work on /opt/airflow/dags/ecommerce_pipeline.py
[2026-07-05T22:19:24.559+0000] {processor.py:914} INFO - Processing file /opt/airflow/dags/ecommerce_pipeline.py for tasks to queue
[2026-07-05T22:19:24.563+0000] {logging_mixin.py:190} INFO - [2026-07-05T22:19:24.563+0000] {dagbag.py:588} INFO - Filling up the DagBag from /opt/airflow/dags/ecommerce_pipeline.py
[2026-07-05T22:19:24.616+0000] {processor.py:925} INFO - DAG(s) 'ecommerce_pipeline' retrieved from /opt/airflow/dags/ecommerce_pipeline.py
[2026-07-05T22:19:24.708+0000] {logging_mixin.py:190} INFO - [2026-07-05T22:19:24.707+0000] {dag.py:3239} INFO - Sync 1 DAGs
[2026-07-05T22:19:24.783+0000] {logging_mixin.py:190} INFO - [2026-07-05T22:19:24.783+0000] {dag.py:4180} INFO - Setting next_dagrun for ecommerce_pipeline to 2026-07-05 00:00:00+00:00, run_after=2026-07-06 00:00:00+00:00
[2026-07-05T22:19:24.823+0000] {processor.py:208} INFO - Processing /opt/airflow/dags/ecommerce_pipeline.py took 0.277 seconds
[2026-07-05T22:19:55.273+0000] {processor.py:186} INFO - Started process (PID=729) to work on /opt/airflow/dags/ecommerce_pipeline.py
[2026-07-05T22:19:55.276+0000] {processor.py:914} INFO - Processing file /opt/airflow/dags/ecommerce_pipeline.py for tasks to queue
[2026-07-05T22:19:55.282+0000] {logging_mixin.py:190} INFO - [2026-07-05T22:19:55.281+0000] {dagbag.py:588} INFO - Filling up the DagBag from /opt/airflow/dags/ecommerce_pipeline.py
[2026-07-05T22:19:55.335+0000] {processor.py:925} INFO - DAG(s) 'ecommerce_pipeline' retrieved from /opt/airflow/dags/ecommerce_pipeline.py
[2026-07-05T22:19:55.390+0000] {logging_mixin.py:190} INFO - [2026-07-05T22:19:55.389+0000] {dag.py:3239} INFO - Sync 1 DAGs
[2026-07-05T22:19:55.423+0000] {logging_mixin.py:190} INFO - [2026-07-05T22:19:55.423+0000] {dag.py:4180} INFO - Setting next_dagrun for ecommerce_pipeline to 2026-07-05 00:00:00+00:00, run_after=2026-07-06 00:00:00+00:00
[2026-07-05T22:19:55.443+0000] {processor.py:208} INFO - Processing /opt/airflow/dags/ecommerce_pipeline.py took 0.178 seconds
[2026-07-05T22:20:25.684+0000] {processor.py:186} INFO - Started process (PID=734) to work on /opt/airflow/dags/ecommerce_pipeline.py
[2026-07-05T22:20:25.688+0000] {processor.py:914} INFO - Processing file /opt/airflow/dags/ecommerce_pipeline.py for tasks to queue
[2026-07-05T22:20:25.694+0000] {logging_mixin.py:190} INFO - [2026-07-05T22:20:25.693+0000] {dagbag.py:588} INFO - Filling up the DagBag from /opt/airflow/dags/ecommerce_pipeline.py
[2026-07-05T22:20:25.738+0000] {processor.py:925} INFO - DAG(s) 'ecommerce_pipeline' retrieved from /opt/airflow/dags/ecommerce_pipeline.py
[2026-07-05T22:20:25.787+0000] {logging_mixin.py:190} INFO - [2026-07-05T22:20:25.787+0000] {dag.py:3239} INFO - Sync 1 DAGs
[2026-07-05T22:20:25.826+0000] {logging_mixin.py:190} INFO - [2026-07-05T22:20:25.826+0000] {dag.py:4180} INFO - Setting next_dagrun for ecommerce_pipeline to 2026-07-05 00:00:00+00:00, run_after=2026-07-06 00:00:00+00:00
[2026-07-05T22:20:25.851+0000] {processor.py:208} INFO - Processing /opt/airflow/dags/ecommerce_pipeline.py took 0.176 seconds
[2026-07-05T22:20:56.278+0000] {processor.py:186} INFO - Started process (PID=739) to work on /opt/airflow/dags/ecommerce_pipeline.py
[2026-07-05T22:20:56.280+0000] {processor.py:914} INFO - Processing file /opt/airflow/dags/ecommerce_pipeline.py for tasks to queue
[2026-07-05T22:20:56.285+0000] {logging_mixin.py:190} INFO - [2026-07-05T22:20:56.285+0000] {dagbag.py:588} INFO - Filling up the DagBag from /opt/airflow/dags/ecommerce_pipeline.py
[2026-07-05T22:20:56.335+0000] {processor.py:925} INFO - DAG(s) 'ecommerce_pipeline' retrieved from /opt/airflow/dags/ecommerce_pipeline.py
[2026-07-05T22:20:56.382+0000] {logging_mixin.py:190} INFO - [2026-07-05T22:20:56.382+0000] {dag.py:3239} INFO - Sync 1 DAGs
[2026-07-05T22:20:56.454+0000] {logging_mixin.py:190} INFO - [2026-07-05T22:20:56.453+0000] {dag.py:4180} INFO - Setting next_dagrun for ecommerce_pipeline to 2026-07-05 00:00:00+00:00, run_after=2026-07-06 00:00:00+00:00
[2026-07-05T22:20:56.498+0000] {processor.py:208} INFO - Processing /opt/airflow/dags/ecommerce_pipeline.py took 0.229 seconds
[2026-07-05T22:21:26.702+0000] {processor.py:186} INFO - Started process (PID=744) to work on /opt/airflow/dags/ecommerce_pipeline.py
[2026-07-05T22:21:26.705+0000] {processor.py:914} INFO - Processing file /opt/airflow/dags/ecommerce_pipeline.py for tasks to queue
[2026-07-05T22:21:26.711+0000] {logging_mixin.py:190} INFO - [2026-07-05T22:21:26.709+0000] {dagbag.py:588} INFO - Filling up the DagBag from /opt/airflow/dags/ecommerce_pipeline.py
[2026-07-05T22:21:26.743+0000] {processor.py:925} INFO - DAG(s) 'ecommerce_pipeline' retrieved from /opt/airflow/dags/ecommerce_pipeline.py
[2026-07-05T22:21:26.782+0000] {logging_mixin.py:190} INFO - [2026-07-05T22:21:26.782+0000] {dag.py:3239} INFO - Sync 1 DAGs
[2026-07-05T22:21:26.826+0000] {logging_mixin.py:190} INFO - [2026-07-05T22:21:26.826+0000] {dag.py:4180} INFO - Setting next_dagrun for ecommerce_pipeline to 2026-07-05 00:00:00+00:00, run_after=2026-07-06 00:00:00+00:00
[2026-07-05T22:21:26.853+0000] {processor.py:208} INFO - Processing /opt/airflow/dags/ecommerce_pipeline.py took 0.158 seconds
[2026-07-05T22:21:57.180+0000] {processor.py:186} INFO - Started process (PID=749) to work on /opt/airflow/dags/ecommerce_pipeline.py
[2026-07-05T22:21:57.184+0000] {processor.py:914} INFO - Processing file /opt/airflow/dags/ecommerce_pipeline.py for tasks to queue
[2026-07-05T22:21:57.194+0000] {logging_mixin.py:190} INFO - [2026-07-05T22:21:57.193+0000] {dagbag.py:588} INFO - Filling up the DagBag from /opt/airflow/dags/ecommerce_pipeline.py
[2026-07-05T22:21:57.276+0000] {processor.py:925} INFO - DAG(s) 'ecommerce_pipeline' retrieved from /opt/airflow/dags/ecommerce_pipeline.py
[2026-07-05T22:21:57.437+0000] {logging_mixin.py:190} INFO - [2026-07-05T22:21:57.437+0000] {dag.py:3239} INFO - Sync 1 DAGs
[2026-07-05T22:21:57.528+0000] {logging_mixin.py:190} INFO - [2026-07-05T22:21:57.528+0000] {dag.py:4180} INFO - Setting next_dagrun for ecommerce_pipeline to 2026-07-05 00:00:00+00:00, run_after=2026-07-06 00:00:00+00:00
[2026-07-05T22:21:57.586+0000] {processor.py:208} INFO - Processing /opt/airflow/dags/ecommerce_pipeline.py took 0.437 seconds
[2026-07-05T22:22:28.038+0000] {processor.py:186} INFO - Started process (PID=754) to work on /opt/airflow/dags/ecommerce_pipeline.py
[2026-07-05T22:22:28.042+0000] {processor.py:914} INFO - Processing file /opt/airflow/dags/ecommerce_pipeline.py for tasks to queue
[2026-07-05T22:22:28.047+0000] {logging_mixin.py:190} INFO - [2026-07-05T22:22:28.047+0000] {dagbag.py:588} INFO - Filling up the DagBag from /opt/airflow/dags/ecommerce_pipeline.py
[2026-07-05T22:22:28.089+0000] {processor.py:925} INFO - DAG(s) 'ecommerce_pipeline' retrieved from /opt/airflow/dags/ecommerce_pipeline.py
[2026-07-05T22:22:28.148+0000] {logging_mixin.py:190} INFO - [2026-07-05T22:22:28.148+0000] {dag.py:3239} INFO - Sync 1 DAGs
[2026-07-05T22:22:28.187+0000] {logging_mixin.py:190} INFO - [2026-07-05T22:22:28.186+0000] {dag.py:4180} INFO - Setting next_dagrun for ecommerce_pipeline to 2026-07-05 00:00:00+00:00, run_after=2026-07-06 00:00:00+00:00
[2026-07-05T22:22:28.221+0000] {processor.py:208} INFO - Processing /opt/airflow/dags/ecommerce_pipeline.py took 0.193 seconds
[2026-07-05T22:22:58.468+0000] {processor.py:186} INFO - Started process (PID=759) to work on /opt/airflow/dags/ecommerce_pipeline.py
[2026-07-05T22:22:58.471+0000] {processor.py:914} INFO - Processing file /opt/airflow/dags/ecommerce_pipeline.py for tasks to queue
[2026-07-05T22:22:58.477+0000] {logging_mixin.py:190} INFO - [2026-07-05T22:22:58.476+0000] {dagbag.py:588} INFO - Filling up the DagBag from /opt/airflow/dags/ecommerce_pipeline.py
[2026-07-05T22:22:58.518+0000] {processor.py:925} INFO - DAG(s) 'ecommerce_pipeline' retrieved from /opt/airflow/dags/ecommerce_pipeline.py
[2026-07-05T22:22:58.570+0000] {logging_mixin.py:190} INFO - [2026-07-05T22:22:58.570+0000] {dag.py:3239} INFO - Sync 1 DAGs
[2026-07-05T22:22:58.612+0000] {logging_mixin.py:190} INFO - [2026-07-05T22:22:58.612+0000] {dag.py:4180} INFO - Setting next_dagrun for ecommerce_pipeline to 2026-07-05 00:00:00+00:00, run_after=2026-07-06 00:00:00+00:00
[2026-07-05T22:22:58.636+0000] {processor.py:208} INFO - Processing /opt/airflow/dags/ecommerce_pipeline.py took 0.187 seconds
[2026-07-05T22:23:29.194+0000] {processor.py:186} INFO - Started process (PID=764) to work on /opt/airflow/dags/ecommerce_pipeline.py
[2026-07-05T22:23:29.197+0000] {processor.py:914} INFO - Processing file /opt/airflow/dags/ecommerce_pipeline.py for tasks to queue
[2026-07-05T22:23:29.202+0000] {logging_mixin.py:190} INFO - [2026-07-05T22:23:29.202+0000] {dagbag.py:588} INFO - Filling up the DagBag from /opt/airflow/dags/ecommerce_pipeline.py
[2026-07-05T22:23:29.245+0000] {processor.py:925} INFO - DAG(s) 'ecommerce_pipeline' retrieved from /opt/airflow/dags/ecommerce_pipeline.py
[2026-07-05T22:23:29.296+0000] {logging_mixin.py:190} INFO - [2026-07-05T22:23:29.296+0000] {dag.py:3239} INFO - Sync 1 DAGs
[2026-07-05T22:23:29.340+0000] {logging_mixin.py:190} INFO - [2026-07-05T22:23:29.340+0000] {dag.py:4180} INFO - Setting next_dagrun for ecommerce_pipeline to 2026-07-05 00:00:00+00:00, run_after=2026-07-06 00:00:00+00:00
[2026-07-05T22:23:29.367+0000] {processor.py:208} INFO - Processing /opt/airflow/dags/ecommerce_pipeline.py took 0.187 seconds
[2026-07-05T22:23:59.645+0000] {processor.py:186} INFO - Started process (PID=769) to work on /opt/airflow/dags/ecommerce_pipeline.py
[2026-07-05T22:23:59.647+0000] {processor.py:914} INFO - Processing file /opt/airflow/dags/ecommerce_pipeline.py for tasks to queue
[2026-07-05T22:23:59.653+0000] {logging_mixin.py:190} INFO - [2026-07-05T22:23:59.653+0000] {dagbag.py:588} INFO - Filling up the DagBag from /opt/airflow/dags/ecommerce_pipeline.py
[2026-07-05T22:23:59.701+0000] {processor.py:925} INFO - DAG(s) 'ecommerce_pipeline' retrieved from /opt/airflow/dags/ecommerce_pipeline.py
[2026-07-05T22:23:59.750+0000] {logging_mixin.py:190} INFO - [2026-07-05T22:23:59.750+0000] {dag.py:3239} INFO - Sync 1 DAGs
[2026-07-05T22:23:59.817+0000] {logging_mixin.py:190} INFO - [2026-07-05T22:23:59.817+0000] {dag.py:4180} INFO - Setting next_dagrun for ecommerce_pipeline to 2026-07-05 00:00:00+00:00, run_after=2026-07-06 00:00:00+00:00
[2026-07-05T22:23:59.888+0000] {processor.py:208} INFO - Processing /opt/airflow/dags/ecommerce_pipeline.py took 0.260 seconds
[2026-07-05T22:24:30.248+0000] {processor.py:186} INFO - Started process (PID=774) to work on /opt/airflow/dags/ecommerce_pipeline.py
[2026-07-05T22:24:30.251+0000] {processor.py:914} INFO - Processing file /opt/airflow/dags/ecommerce_pipeline.py for tasks to queue
[2026-07-05T22:24:30.259+0000] {logging_mixin.py:190} INFO - [2026-07-05T22:24:30.258+0000] {dagbag.py:588} INFO - Filling up the DagBag from /opt/airflow/dags/ecommerce_pipeline.py
[2026-07-05T22:24:30.304+0000] {processor.py:925} INFO - DAG(s) 'ecommerce_pipeline' retrieved from /opt/airflow/dags/ecommerce_pipeline.py
[2026-07-05T22:24:30.359+0000] {logging_mixin.py:190} INFO - [2026-07-05T22:24:30.358+0000] {dag.py:3239} INFO - Sync 1 DAGs
[2026-07-05T22:24:30.403+0000] {logging_mixin.py:190} INFO - [2026-07-05T22:24:30.403+0000] {dag.py:4180} INFO - Setting next_dagrun for ecommerce_pipeline to 2026-07-05 00:00:00+00:00, run_after=2026-07-06 00:00:00+00:00
[2026-07-05T22:24:30.433+0000] {processor.py:208} INFO - Processing /opt/airflow/dags/ecommerce_pipeline.py took 0.200 seconds
[2026-07-05T22:25:00.747+0000] {processor.py:186} INFO - Started process (PID=779) to work on /opt/airflow/dags/ecommerce_pipeline.py
[2026-07-05T22:25:00.751+0000] {processor.py:914} INFO - Processing file /opt/airflow/dags/ecommerce_pipeline.py for tasks to queue
[2026-07-05T22:25:00.760+0000] {logging_mixin.py:190} INFO - [2026-07-05T22:25:00.759+0000] {dagbag.py:588} INFO - Filling up the DagBag from /opt/airflow/dags/ecommerce_pipeline.py
[2026-07-05T22:25:00.841+0000] {processor.py:925} INFO - DAG(s) 'ecommerce_pipeline' retrieved from /opt/airflow/dags/ecommerce_pipeline.py
[2026-07-05T22:25:00.890+0000] {logging_mixin.py:190} INFO - [2026-07-05T22:25:00.889+0000] {dag.py:3239} INFO - Sync 1 DAGs
[2026-07-05T22:25:00.916+0000] {logging_mixin.py:190} INFO - [2026-07-05T22:25:00.916+0000] {dag.py:4180} INFO - Setting next_dagrun for ecommerce_pipeline to 2026-07-05 00:00:00+00:00, run_after=2026-07-06 00:00:00+00:00
[2026-07-05T22:25:00.939+0000] {processor.py:208} INFO - Processing /opt/airflow/dags/ecommerce_pipeline.py took 0.204 seconds
[2026-07-05T22:25:31.381+0000] {processor.py:186} INFO - Started process (PID=784) to work on /opt/airflow/dags/ecommerce_pipeline.py
[2026-07-05T22:25:31.396+0000] {processor.py:914} INFO - Processing file /opt/airflow/dags/ecommerce_pipeline.py for tasks to queue
[2026-07-05T22:25:31.418+0000] {logging_mixin.py:190} INFO - [2026-07-05T22:25:31.415+0000] {dagbag.py:588} INFO - Filling up the DagBag from /opt/airflow/dags/ecommerce_pipeline.py
[2026-07-05T22:25:31.482+0000] {processor.py:925} INFO - DAG(s) 'ecommerce_pipeline' retrieved from /opt/airflow/dags/ecommerce_pipeline.py
[2026-07-05T22:25:31.554+0000] {logging_mixin.py:190} INFO - [2026-07-05T22:25:31.554+0000] {dag.py:3239} INFO - Sync 1 DAGs
[2026-07-05T22:25:31.609+0000] {logging_mixin.py:190} INFO - [2026-07-05T22:25:31.609+0000] {dag.py:4180} INFO - Setting next_dagrun for ecommerce_pipeline to 2026-07-05 00:00:00+00:00, run_after=2026-07-06 00:00:00+00:00
[2026-07-05T22:25:31.649+0000] {processor.py:208} INFO - Processing /opt/airflow/dags/ecommerce_pipeline.py took 0.294 seconds
[2026-07-05T22:26:01.858+0000] {processor.py:186} INFO - Started process (PID=789) to work on /opt/airflow/dags/ecommerce_pipeline.py
[2026-07-05T22:26:01.861+0000] {processor.py:914} INFO - Processing file /opt/airflow/dags/ecommerce_pipeline.py for tasks to queue
[2026-07-05T22:26:01.865+0000] {logging_mixin.py:190} INFO - [2026-07-05T22:26:01.865+0000] {dagbag.py:588} INFO - Filling up the DagBag from /opt/airflow/dags/ecommerce_pipeline.py
[2026-07-05T22:26:01.914+0000] {processor.py:925} INFO - DAG(s) 'ecommerce_pipeline' retrieved from /opt/airflow/dags/ecommerce_pipeline.py
[2026-07-05T22:26:01.967+0000] {logging_mixin.py:190} INFO - [2026-07-05T22:26:01.966+0000] {dag.py:3239} INFO - Sync 1 DAGs
[2026-07-05T22:26:02.005+0000] {logging_mixin.py:190} INFO - [2026-07-05T22:26:02.005+0000] {dag.py:4180} INFO - Setting next_dagrun for ecommerce_pipeline to 2026-07-05 00:00:00+00:00, run_after=2026-07-06 00:00:00+00:00
[2026-07-05T22:26:02.029+0000] {processor.py:208} INFO - Processing /opt/airflow/dags/ecommerce_pipeline.py took 0.182 seconds
[2026-07-05T22:26:32.485+0000] {processor.py:186} INFO - Started process (PID=794) to work on /opt/airflow/dags/ecommerce_pipeline.py
[2026-07-05T22:26:32.489+0000] {processor.py:914} INFO - Processing file /opt/airflow/dags/ecommerce_pipeline.py for tasks to queue
[2026-07-05T22:26:32.494+0000] {logging_mixin.py:190} INFO - [2026-07-05T22:26:32.493+0000] {dagbag.py:588} INFO - Filling up the DagBag from /opt/airflow/dags/ecommerce_pipeline.py
[2026-07-05T22:26:32.564+0000] {processor.py:925} INFO - DAG(s) 'ecommerce_pipeline' retrieved from /opt/airflow/dags/ecommerce_pipeline.py
[2026-07-05T22:26:32.611+0000] {logging_mixin.py:190} INFO - [2026-07-05T22:26:32.611+0000] {dag.py:3239} INFO - Sync 1 DAGs
[2026-07-05T22:26:32.649+0000] {logging_mixin.py:190} INFO - [2026-07-05T22:26:32.649+0000] {dag.py:4180} INFO - Setting next_dagrun for ecommerce_pipeline to 2026-07-05 00:00:00+00:00, run_after=2026-07-06 00:00:00+00:00
[2026-07-05T22:26:32.681+0000] {processor.py:208} INFO - Processing /opt/airflow/dags/ecommerce_pipeline.py took 0.205 seconds
[2026-07-05T22:27:02.911+0000] {processor.py:186} INFO - Started process (PID=799) to work on /opt/airflow/dags/ecommerce_pipeline.py
[2026-07-05T22:27:02.913+0000] {processor.py:914} INFO - Processing file /opt/airflow/dags/ecommerce_pipeline.py for tasks to queue
[2026-07-05T22:27:02.918+0000] {logging_mixin.py:190} INFO - [2026-07-05T22:27:02.918+0000] {dagbag.py:588} INFO - Filling up the DagBag from /opt/airflow/dags/ecommerce_pipeline.py
[2026-07-05T22:27:02.957+0000] {processor.py:925} INFO - DAG(s) 'ecommerce_pipeline' retrieved from /opt/airflow/dags/ecommerce_pipeline.py
[2026-07-05T22:27:02.992+0000] {logging_mixin.py:190} INFO - [2026-07-05T22:27:02.992+0000] {dag.py:3239} INFO - Sync 1 DAGs
[2026-07-05T22:27:03.023+0000] {logging_mixin.py:190} INFO - [2026-07-05T22:27:03.023+0000] {dag.py:4180} INFO - Setting next_dagrun for ecommerce_pipeline to 2026-07-05 00:00:00+00:00, run_after=2026-07-06 00:00:00+00:00
[2026-07-05T22:27:03.053+0000] {processor.py:208} INFO - Processing /opt/airflow/dags/ecommerce_pipeline.py took 0.151 seconds
[2026-07-05T22:27:33.498+0000] {processor.py:186} INFO - Started process (PID=804) to work on /opt/airflow/dags/ecommerce_pipeline.py
[2026-07-05T22:27:33.500+0000] {processor.py:914} INFO - Processing file /opt/airflow/dags/ecommerce_pipeline.py for tasks to queue
[2026-07-05T22:27:33.504+0000] {logging_mixin.py:190} INFO - [2026-07-05T22:27:33.504+0000] {dagbag.py:588} INFO - Filling up the DagBag from /opt/airflow/dags/ecommerce_pipeline.py
[2026-07-05T22:27:33.546+0000] {processor.py:925} INFO - DAG(s) 'ecommerce_pipeline' retrieved from /opt/airflow/dags/ecommerce_pipeline.py
[2026-07-05T22:27:33.585+0000] {logging_mixin.py:190} INFO - [2026-07-05T22:27:33.585+0000] {dag.py:3239} INFO - Sync 1 DAGs
[2026-07-05T22:27:33.617+0000] {logging_mixin.py:190} INFO - [2026-07-05T22:27:33.617+0000] {dag.py:4180} INFO - Setting next_dagrun for ecommerce_pipeline to 2026-07-05 00:00:00+00:00, run_after=2026-07-06 00:00:00+00:00
[2026-07-05T22:27:33.644+0000] {processor.py:208} INFO - Processing /opt/airflow/dags/ecommerce_pipeline.py took 0.154 seconds
[2026-07-05T22:28:03.935+0000] {processor.py:186} INFO - Started process (PID=809) to work on /opt/airflow/dags/ecommerce_pipeline.py
[2026-07-05T22:28:03.939+0000] {processor.py:914} INFO - Processing file /opt/airflow/dags/ecommerce_pipeline.py for tasks to queue
[2026-07-05T22:28:03.944+0000] {logging_mixin.py:190} INFO - [2026-07-05T22:28:03.943+0000] {dagbag.py:588} INFO - Filling up the DagBag from /opt/airflow/dags/ecommerce_pipeline.py
[2026-07-05T22:28:03.979+0000] {processor.py:925} INFO - DAG(s) 'ecommerce_pipeline' retrieved from /opt/airflow/dags/ecommerce_pipeline.py
[2026-07-05T22:28:04.019+0000] {logging_mixin.py:190} INFO - [2026-07-05T22:28:04.019+0000] {dag.py:3239} INFO - Sync 1 DAGs
[2026-07-05T22:28:04.050+0000] {logging_mixin.py:190} INFO - [2026-07-05T22:28:04.050+0000] {dag.py:4180} INFO - Setting next_dagrun for ecommerce_pipeline to 2026-07-05 00:00:00+00:00, run_after=2026-07-06 00:00:00+00:00
[2026-07-05T22:28:04.076+0000] {processor.py:208} INFO - Processing /opt/airflow/dags/ecommerce_pipeline.py took 0.153 seconds
[2026-07-05T22:28:34.678+0000] {processor.py:186} INFO - Started process (PID=814) to work on /opt/airflow/dags/ecommerce_pipeline.py
[2026-07-05T22:28:34.681+0000] {processor.py:914} INFO - Processing file /opt/airflow/dags/ecommerce_pipeline.py for tasks to queue
[2026-07-05T22:28:34.688+0000] {logging_mixin.py:190} INFO - [2026-07-05T22:28:34.688+0000] {dagbag.py:588} INFO - Filling up the DagBag from /opt/airflow/dags/ecommerce_pipeline.py
[2026-07-05T22:28:34.725+0000] {processor.py:925} INFO - DAG(s) 'ecommerce_pipeline' retrieved from /opt/airflow/dags/ecommerce_pipeline.py
[2026-07-05T22:28:34.775+0000] {logging_mixin.py:190} INFO - [2026-07-05T22:28:34.774+0000] {dag.py:3239} INFO - Sync 1 DAGs
[2026-07-05T22:28:34.816+0000] {logging_mixin.py:190} INFO - [2026-07-05T22:28:34.816+0000] {dag.py:4180} INFO - Setting next_dagrun for ecommerce_pipeline to 2026-07-05 00:00:00+00:00, run_after=2026-07-06 00:00:00+00:00
[2026-07-05T22:28:34.848+0000] {processor.py:208} INFO - Processing /opt/airflow/dags/ecommerce_pipeline.py took 0.177 seconds
[2026-07-05T22:29:05.903+0000] {processor.py:186} INFO - Started process (PID=819) to work on /opt/airflow/dags/ecommerce_pipeline.py
[2026-07-05T22:29:05.912+0000] {processor.py:914} INFO - Processing file /opt/airflow/dags/ecommerce_pipeline.py for tasks to queue
[2026-07-05T22:29:05.994+0000] {logging_mixin.py:190} INFO - [2026-07-05T22:29:05.979+0000] {dagbag.py:588} INFO - Filling up the DagBag from /opt/airflow/dags/ecommerce_pipeline.py
[2026-07-05T22:29:06.760+0000] {processor.py:925} INFO - DAG(s) 'ecommerce_pipeline' retrieved from /opt/airflow/dags/ecommerce_pipeline.py
[2026-07-05T22:29:07.805+0000] {logging_mixin.py:190} INFO - [2026-07-05T22:29:07.804+0000] {dag.py:3239} INFO - Sync 1 DAGs
[2026-07-05T22:29:08.222+0000] {logging_mixin.py:190} INFO - [2026-07-05T22:29:08.220+0000] {dag.py:4180} INFO - Setting next_dagrun for ecommerce_pipeline to 2026-07-05 00:00:00+00:00, run_after=2026-07-06 00:00:00+00:00
[2026-07-05T22:29:08.409+0000] {processor.py:208} INFO - Processing /opt/airflow/dags/ecommerce_pipeline.py took 2.766 seconds
[2026-07-05T22:29:39.389+0000] {processor.py:186} INFO - Started process (PID=824) to work on /opt/airflow/dags/ecommerce_pipeline.py
[2026-07-05T22:29:39.400+0000] {processor.py:914} INFO - Processing file /opt/airflow/dags/ecommerce_pipeline.py for tasks to queue
[2026-07-05T22:29:39.490+0000] {logging_mixin.py:190} INFO - [2026-07-05T22:29:39.474+0000] {dagbag.py:588} INFO - Filling up the DagBag from /opt/airflow/dags/ecommerce_pipeline.py
[2026-07-05T22:29:39.859+0000] {processor.py:925} INFO - DAG(s) 'ecommerce_pipeline' retrieved from /opt/airflow/dags/ecommerce_pipeline.py
[2026-07-05T22:29:40.342+0000] {logging_mixin.py:190} INFO - [2026-07-05T22:29:40.341+0000] {dag.py:3239} INFO - Sync 1 DAGs
[2026-07-05T22:29:40.719+0000] {logging_mixin.py:190} INFO - [2026-07-05T22:29:40.718+0000] {dag.py:4180} INFO - Setting next_dagrun for ecommerce_pipeline to 2026-07-05 00:00:00+00:00, run_after=2026-07-06 00:00:00+00:00
[2026-07-05T22:29:40.793+0000] {processor.py:208} INFO - Processing /opt/airflow/dags/ecommerce_pipeline.py took 1.563 seconds
[2026-07-05T22:30:11.317+0000] {processor.py:186} INFO - Started process (PID=829) to work on /opt/airflow/dags/ecommerce_pipeline.py
[2026-07-05T22:30:11.324+0000] {processor.py:914} INFO - Processing file /opt/airflow/dags/ecommerce_pipeline.py for tasks to queue
[2026-07-05T22:30:11.351+0000] {logging_mixin.py:190} INFO - [2026-07-05T22:30:11.350+0000] {dagbag.py:588} INFO - Filling up the DagBag from /opt/airflow/dags/ecommerce_pipeline.py
[2026-07-05T22:30:11.474+0000] {processor.py:925} INFO - DAG(s) 'ecommerce_pipeline' retrieved from /opt/airflow/dags/ecommerce_pipeline.py
[2026-07-05T22:30:11.636+0000] {logging_mixin.py:190} INFO - [2026-07-05T22:30:11.636+0000] {dag.py:3239} INFO - Sync 1 DAGs
[2026-07-05T22:30:11.736+0000] {logging_mixin.py:190} INFO - [2026-07-05T22:30:11.735+0000] {dag.py:4180} INFO - Setting next_dagrun for ecommerce_pipeline to 2026-07-05 00:00:00+00:00, run_after=2026-07-06 00:00:00+00:00
[2026-07-05T22:30:11.817+0000] {processor.py:208} INFO - Processing /opt/airflow/dags/ecommerce_pipeline.py took 0.517 seconds
[2026-07-05T22:30:42.214+0000] {processor.py:186} INFO - Started process (PID=834) to work on /opt/airflow/dags/ecommerce_pipeline.py
[2026-07-05T22:30:42.237+0000] {processor.py:914} INFO - Processing file /opt/airflow/dags/ecommerce_pipeline.py for tasks to queue
[2026-07-05T22:30:42.268+0000] {logging_mixin.py:190} INFO - [2026-07-05T22:30:42.267+0000] {dagbag.py:588} INFO - Filling up the DagBag from /opt/airflow/dags/ecommerce_pipeline.py
[2026-07-05T22:30:42.380+0000] {processor.py:925} INFO - DAG(s) 'ecommerce_pipeline' retrieved from /opt/airflow/dags/ecommerce_pipeline.py
[2026-07-05T22:30:42.454+0000] {logging_mixin.py:190} INFO - [2026-07-05T22:30:42.454+0000] {dag.py:3239} INFO - Sync 1 DAGs
[2026-07-05T22:30:42.489+0000] {logging_mixin.py:190} INFO - [2026-07-05T22:30:42.488+0000] {dag.py:4180} INFO - Setting next_dagrun for ecommerce_pipeline to 2026-07-05 00:00:00+00:00, run_after=2026-07-06 00:00:00+00:00
[2026-07-05T22:30:42.515+0000] {processor.py:208} INFO - Processing /opt/airflow/dags/ecommerce_pipeline.py took 0.360 seconds
[2026-07-05T22:31:12.950+0000] {processor.py:186} INFO - Started process (PID=839) to work on /opt/airflow/dags/ecommerce_pipeline.py
[2026-07-05T22:31:12.956+0000] {processor.py:914} INFO - Processing file /opt/airflow/dags/ecommerce_pipeline.py for tasks to queue
[2026-07-05T22:31:12.969+0000] {logging_mixin.py:190} INFO - [2026-07-05T22:31:12.968+0000] {dagbag.py:588} INFO - Filling up the DagBag from /opt/airflow/dags/ecommerce_pipeline.py
[2026-07-05T22:31:13.042+0000] {processor.py:925} INFO - DAG(s) 'ecommerce_pipeline' retrieved from /opt/airflow/dags/ecommerce_pipeline.py
[2026-07-05T22:31:13.117+0000] {logging_mixin.py:190} INFO - [2026-07-05T22:31:13.116+0000] {dag.py:3239} INFO - Sync 1 DAGs
[2026-07-05T22:31:13.207+0000] {logging_mixin.py:190} INFO - [2026-07-05T22:31:13.206+0000] {dag.py:4180} INFO - Setting next_dagrun for ecommerce_pipeline to 2026-07-05 00:00:00+00:00, run_after=2026-07-06 00:00:00+00:00
[2026-07-05T22:31:13.257+0000] {processor.py:208} INFO - Processing /opt/airflow/dags/ecommerce_pipeline.py took 0.381 seconds
[2026-07-05T22:31:43.619+0000] {processor.py:186} INFO - Started process (PID=844) to work on /opt/airflow/dags/ecommerce_pipeline.py
[2026-07-05T22:31:43.626+0000] {processor.py:914} INFO - Processing file /opt/airflow/dags/ecommerce_pipeline.py for tasks to queue
[2026-07-05T22:31:43.658+0000] {logging_mixin.py:190} INFO - [2026-07-05T22:31:43.653+0000] {dagbag.py:588} INFO - Filling up the DagBag from /opt/airflow/dags/ecommerce_pipeline.py
[2026-07-05T22:31:43.781+0000] {processor.py:925} INFO - DAG(s) 'ecommerce_pipeline' retrieved from /opt/airflow/dags/ecommerce_pipeline.py
[2026-07-05T22:31:44.012+0000] {logging_mixin.py:190} INFO - [2026-07-05T22:31:44.012+0000] {dag.py:3239} INFO - Sync 1 DAGs
[2026-07-05T22:31:44.215+0000] {logging_mixin.py:190} INFO - [2026-07-05T22:31:44.215+0000] {dag.py:4180} INFO - Setting next_dagrun for ecommerce_pipeline to 2026-07-05 00:00:00+00:00, run_after=2026-07-06 00:00:00+00:00
[2026-07-05T22:31:44.258+0000] {processor.py:208} INFO - Processing /opt/airflow/dags/ecommerce_pipeline.py took 0.648 seconds
[2026-07-05T22:32:14.979+0000] {processor.py:186} INFO - Started process (PID=849) to work on /opt/airflow/dags/ecommerce_pipeline.py
[2026-07-05T22:32:14.984+0000] {processor.py:914} INFO - Processing file /opt/airflow/dags/ecommerce_pipeline.py for tasks to queue
[2026-07-05T22:32:15.018+0000] {logging_mixin.py:190} INFO - [2026-07-05T22:32:15.014+0000] {dagbag.py:588} INFO - Filling up the DagBag from /opt/airflow/dags/ecommerce_pipeline.py
[2026-07-05T22:32:15.221+0000] {processor.py:925} INFO - DAG(s) 'ecommerce_pipeline' retrieved from /opt/airflow/dags/ecommerce_pipeline.py
[2026-07-05T22:32:15.494+0000] {logging_mixin.py:190} INFO - [2026-07-05T22:32:15.494+0000] {dag.py:3239} INFO - Sync 1 DAGs
[2026-07-05T22:32:15.647+0000] {logging_mixin.py:190} INFO - [2026-07-05T22:32:15.647+0000] {dag.py:4180} INFO - Setting next_dagrun for ecommerce_pipeline to 2026-07-05 00:00:00+00:00, run_after=2026-07-06 00:00:00+00:00
[2026-07-05T22:32:15.713+0000] {processor.py:208} INFO - Processing /opt/airflow/dags/ecommerce_pipeline.py took 0.802 seconds
[2026-07-05T22:32:46.264+0000] {processor.py:186} INFO - Started process (PID=854) to work on /opt/airflow/dags/ecommerce_pipeline.py
[2026-07-05T22:32:46.271+0000] {processor.py:914} INFO - Processing file /opt/airflow/dags/ecommerce_pipeline.py for tasks to queue
[2026-07-05T22:32:46.286+0000] {logging_mixin.py:190} INFO - [2026-07-05T22:32:46.285+0000] {dagbag.py:588} INFO - Filling up the DagBag from /opt/airflow/dags/ecommerce_pipeline.py
[2026-07-05T22:32:46.348+0000] {processor.py:925} INFO - DAG(s) 'ecommerce_pipeline' retrieved from /opt/airflow/dags/ecommerce_pipeline.py
[2026-07-05T22:32:46.449+0000] {logging_mixin.py:190} INFO - [2026-07-05T22:32:46.449+0000] {dag.py:3239} INFO - Sync 1 DAGs
[2026-07-05T22:32:46.539+0000] {logging_mixin.py:190} INFO - [2026-07-05T22:32:46.539+0000] {dag.py:4180} INFO - Setting next_dagrun for ecommerce_pipeline to 2026-07-05 00:00:00+00:00, run_after=2026-07-06 00:00:00+00:00
[2026-07-05T22:32:46.565+0000] {processor.py:208} INFO - Processing /opt/airflow/dags/ecommerce_pipeline.py took 0.322 seconds
[2026-07-05T22:33:17.102+0000] {processor.py:186} INFO - Started process (PID=859) to work on /opt/airflow/dags/ecommerce_pipeline.py
[2026-07-05T22:33:17.105+0000] {processor.py:914} INFO - Processing file /opt/airflow/dags/ecommerce_pipeline.py for tasks to queue
[2026-07-05T22:33:17.114+0000] {logging_mixin.py:190} INFO - [2026-07-05T22:33:17.113+0000] {dagbag.py:588} INFO - Filling up the DagBag from /opt/airflow/dags/ecommerce_pipeline.py
[2026-07-05T22:33:17.164+0000] {processor.py:925} INFO - DAG(s) 'ecommerce_pipeline' retrieved from /opt/airflow/dags/ecommerce_pipeline.py
[2026-07-05T22:33:17.216+0000] {logging_mixin.py:190} INFO - [2026-07-05T22:33:17.216+0000] {dag.py:3239} INFO - Sync 1 DAGs
[2026-07-05T22:33:17.256+0000] {logging_mixin.py:190} INFO - [2026-07-05T22:33:17.256+0000] {dag.py:4180} INFO - Setting next_dagrun for ecommerce_pipeline to 2026-07-05 00:00:00+00:00, run_after=2026-07-06 00:00:00+00:00
[2026-07-05T22:33:17.301+0000] {processor.py:208} INFO - Processing /opt/airflow/dags/ecommerce_pipeline.py took 0.208 seconds
[2026-07-05T22:33:47.664+0000] {processor.py:186} INFO - Started process (PID=864) to work on /opt/airflow/dags/ecommerce_pipeline.py
[2026-07-05T22:33:47.669+0000] {processor.py:914} INFO - Processing file /opt/airflow/dags/ecommerce_pipeline.py for tasks to queue
[2026-07-05T22:33:47.679+0000] {logging_mixin.py:190} INFO - [2026-07-05T22:33:47.677+0000] {dagbag.py:588} INFO - Filling up the DagBag from /opt/airflow/dags/ecommerce_pipeline.py
[2026-07-05T22:33:47.765+0000] {processor.py:925} INFO - DAG(s) 'ecommerce_pipeline' retrieved from /opt/airflow/dags/ecommerce_pipeline.py
[2026-07-05T22:33:47.882+0000] {logging_mixin.py:190} INFO - [2026-07-05T22:33:47.881+0000] {dag.py:3239} INFO - Sync 1 DAGs
[2026-07-05T22:33:48.153+0000] {logging_mixin.py:190} INFO - [2026-07-05T22:33:48.151+0000] {dag.py:4180} INFO - Setting next_dagrun for ecommerce_pipeline to 2026-07-05 00:00:00+00:00, run_after=2026-07-06 00:00:00+00:00
[2026-07-05T22:33:48.244+0000] {processor.py:208} INFO - Processing /opt/airflow/dags/ecommerce_pipeline.py took 0.615 seconds
[2026-07-05T22:34:18.489+0000] {processor.py:186} INFO - Started process (PID=869) to work on /opt/airflow/dags/ecommerce_pipeline.py
[2026-07-05T22:34:18.494+0000] {processor.py:914} INFO - Processing file /opt/airflow/dags/ecommerce_pipeline.py for tasks to queue
[2026-07-05T22:34:18.552+0000] {logging_mixin.py:190} INFO - [2026-07-05T22:34:18.548+0000] {dagbag.py:588} INFO - Filling up the DagBag from /opt/airflow/dags/ecommerce_pipeline.py
[2026-07-05T22:34:18.618+0000] {processor.py:925} INFO - DAG(s) 'ecommerce_pipeline' retrieved from /opt/airflow/dags/ecommerce_pipeline.py
[2026-07-05T22:34:18.789+0000] {logging_mixin.py:190} INFO - [2026-07-05T22:34:18.788+0000] {dag.py:3239} INFO - Sync 1 DAGs
[2026-07-05T22:34:18.919+0000] {logging_mixin.py:190} INFO - [2026-07-05T22:34:18.918+0000] {dag.py:4180} INFO - Setting next_dagrun for ecommerce_pipeline to 2026-07-05 00:00:00+00:00, run_after=2026-07-06 00:00:00+00:00
[2026-07-05T22:34:18.980+0000] {processor.py:208} INFO - Processing /opt/airflow/dags/ecommerce_pipeline.py took 0.505 seconds
[2026-07-05T22:34:49.191+0000] {processor.py:186} INFO - Started process (PID=874) to work on /opt/airflow/dags/ecommerce_pipeline.py
[2026-07-05T22:34:49.196+0000] {processor.py:914} INFO - Processing file /opt/airflow/dags/ecommerce_pipeline.py for tasks to queue
[2026-07-05T22:34:49.207+0000] {logging_mixin.py:190} INFO - [2026-07-05T22:34:49.206+0000] {dagbag.py:588} INFO - Filling up the DagBag from /opt/airflow/dags/ecommerce_pipeline.py
[2026-07-05T22:34:49.277+0000] {processor.py:925} INFO - DAG(s) 'ecommerce_pipeline' retrieved from /opt/airflow/dags/ecommerce_pipeline.py
[2026-07-05T22:34:49.373+0000] {logging_mixin.py:190} INFO - [2026-07-05T22:34:49.373+0000] {dag.py:3239} INFO - Sync 1 DAGs
[2026-07-05T22:34:49.428+0000] {logging_mixin.py:190} INFO - [2026-07-05T22:34:49.427+0000] {dag.py:4180} INFO - Setting next_dagrun for ecommerce_pipeline to 2026-07-05 00:00:00+00:00, run_after=2026-07-06 00:00:00+00:00
[2026-07-05T22:34:49.503+0000] {processor.py:208} INFO - Processing /opt/airflow/dags/ecommerce_pipeline.py took 0.345 seconds
[2026-07-05T22:35:21.134+0000] {processor.py:186} INFO - Started process (PID=879) to work on /opt/airflow/dags/ecommerce_pipeline.py
[2026-07-05T22:35:21.173+0000] {processor.py:914} INFO - Processing file /opt/airflow/dags/ecommerce_pipeline.py for tasks to queue
[2026-07-05T22:35:21.461+0000] {logging_mixin.py:190} INFO - [2026-07-05T22:35:21.441+0000] {dagbag.py:588} INFO - Filling up the DagBag from /opt/airflow/dags/ecommerce_pipeline.py
[2026-07-05T22:35:22.738+0000] {processor.py:925} INFO - DAG(s) 'ecommerce_pipeline' retrieved from /opt/airflow/dags/ecommerce_pipeline.py
[2026-07-05T22:35:23.942+0000] {logging_mixin.py:190} INFO - [2026-07-05T22:35:23.940+0000] {dag.py:3239} INFO - Sync 1 DAGs
[2026-07-05T22:35:25.061+0000] {logging_mixin.py:190} INFO - [2026-07-05T22:35:25.056+0000] {dag.py:4180} INFO - Setting next_dagrun for ecommerce_pipeline to 2026-07-05 00:00:00+00:00, run_after=2026-07-06 00:00:00+00:00
[2026-07-05T22:35:25.274+0000] {processor.py:208} INFO - Processing /opt/airflow/dags/ecommerce_pipeline.py took 4.664 seconds
[2026-07-05T22:35:55.817+0000] {processor.py:186} INFO - Started process (PID=884) to work on /opt/airflow/dags/ecommerce_pipeline.py
[2026-07-05T22:35:55.828+0000] {processor.py:914} INFO - Processing file /opt/airflow/dags/ecommerce_pipeline.py for tasks to queue
[2026-07-05T22:35:55.862+0000] {logging_mixin.py:190} INFO - [2026-07-05T22:35:55.860+0000] {dagbag.py:588} INFO - Filling up the DagBag from /opt/airflow/dags/ecommerce_pipeline.py
[2026-07-05T22:35:56.076+0000] {processor.py:925} INFO - DAG(s) 'ecommerce_pipeline' retrieved from /opt/airflow/dags/ecommerce_pipeline.py
[2026-07-05T22:35:56.222+0000] {logging_mixin.py:190} INFO - [2026-07-05T22:35:56.220+0000] {dag.py:3239} INFO - Sync 1 DAGs
[2026-07-05T22:35:56.404+0000] {logging_mixin.py:190} INFO - [2026-07-05T22:35:56.404+0000] {dag.py:4180} INFO - Setting next_dagrun for ecommerce_pipeline to 2026-07-05 00:00:00+00:00, run_after=2026-07-06 00:00:00+00:00
[2026-07-05T22:35:56.471+0000] {processor.py:208} INFO - Processing /opt/airflow/dags/ecommerce_pipeline.py took 0.705 seconds
[2026-07-05T22:36:26.959+0000] {processor.py:186} INFO - Started process (PID=889) to work on /opt/airflow/dags/ecommerce_pipeline.py
[2026-07-05T22:36:26.964+0000] {processor.py:914} INFO - Processing file /opt/airflow/dags/ecommerce_pipeline.py for tasks to queue
[2026-07-05T22:36:26.993+0000] {logging_mixin.py:190} INFO - [2026-07-05T22:36:26.991+0000] {dagbag.py:588} INFO - Filling up the DagBag from /opt/airflow/dags/ecommerce_pipeline.py
[2026-07-05T22:36:27.109+0000] {processor.py:925} INFO - DAG(s) 'ecommerce_pipeline' retrieved from /opt/airflow/dags/ecommerce_pipeline.py
[2026-07-05T22:36:27.288+0000] {logging_mixin.py:190} INFO - [2026-07-05T22:36:27.287+0000] {dag.py:3239} INFO - Sync 1 DAGs
[2026-07-05T22:36:27.391+0000] {logging_mixin.py:190} INFO - [2026-07-05T22:36:27.391+0000] {dag.py:4180} INFO - Setting next_dagrun for ecommerce_pipeline to 2026-07-05 00:00:00+00:00, run_after=2026-07-06 00:00:00+00:00
[2026-07-05T22:36:27.445+0000] {processor.py:208} INFO - Processing /opt/airflow/dags/ecommerce_pipeline.py took 0.497 seconds
[2026-07-05T22:36:57.718+0000] {processor.py:186} INFO - Started process (PID=894) to work on /opt/airflow/dags/ecommerce_pipeline.py
[2026-07-05T22:36:57.725+0000] {processor.py:914} INFO - Processing file /opt/airflow/dags/ecommerce_pipeline.py for tasks to queue
[2026-07-05T22:36:57.741+0000] {logging_mixin.py:190} INFO - [2026-07-05T22:36:57.739+0000] {dagbag.py:588} INFO - Filling up the DagBag from /opt/airflow/dags/ecommerce_pipeline.py
[2026-07-05T22:36:57.879+0000] {processor.py:925} INFO - DAG(s) 'ecommerce_pipeline' retrieved from /opt/airflow/dags/ecommerce_pipeline.py
[2026-07-05T22:36:58.155+0000] {logging_mixin.py:190} INFO - [2026-07-05T22:36:58.155+0000] {dag.py:3239} INFO - Sync 1 DAGs
[2026-07-05T22:36:58.391+0000] {logging_mixin.py:190} INFO - [2026-07-05T22:36:58.390+0000] {dag.py:4180} INFO - Setting next_dagrun for ecommerce_pipeline to 2026-07-05 00:00:00+00:00, run_after=2026-07-06 00:00:00+00:00
[2026-07-05T22:36:58.469+0000] {processor.py:208} INFO - Processing /opt/airflow/dags/ecommerce_pipeline.py took 0.783 seconds
[2026-07-05T22:37:29.011+0000] {processor.py:186} INFO - Started process (PID=899) to work on /opt/airflow/dags/ecommerce_pipeline.py
[2026-07-05T22:37:29.018+0000] {processor.py:914} INFO - Processing file /opt/airflow/dags/ecommerce_pipeline.py for tasks to queue
[2026-07-05T22:37:29.025+0000] {logging_mixin.py:190} INFO - [2026-07-05T22:37:29.024+0000] {dagbag.py:588} INFO - Filling up the DagBag from /opt/airflow/dags/ecommerce_pipeline.py
[2026-07-05T22:37:29.117+0000] {processor.py:925} INFO - DAG(s) 'ecommerce_pipeline' retrieved from /opt/airflow/dags/ecommerce_pipeline.py
[2026-07-05T22:37:29.203+0000] {logging_mixin.py:190} INFO - [2026-07-05T22:37:29.203+0000] {dag.py:3239} INFO - Sync 1 DAGs
[2026-07-05T22:37:29.270+0000] {logging_mixin.py:190} INFO - [2026-07-05T22:37:29.270+0000] {dag.py:4180} INFO - Setting next_dagrun for ecommerce_pipeline to 2026-07-05 00:00:00+00:00, run_after=2026-07-06 00:00:00+00:00
[2026-07-05T22:37:29.744+0000] {processor.py:208} INFO - Processing /opt/airflow/dags/ecommerce_pipeline.py took 0.744 seconds
