[0m14:30:10.428344 [debug] [MainThread]: Got an exception trying to initialize tracking


============================== 14:30:10.484225 | 941eda03-8c73-4deb-a176-0e88ae8c6dc5 ==============================
[0m14:30:10.484225 [info ] [MainThread]: Running with dbt=1.11.12
[0m14:30:10.485157 [debug] [MainThread]: running dbt with arguments {'version_check': 'True', 'no_print': 'None', 'static_parser': 'True', 'warn_error_options': 'WarnErrorOptionsV2(error=[], warn=[], silence=[])', 'target_path': 'None', 'printer_width': '80', 'write_json': 'True', 'introspect': 'True', 'log_cache_events': 'False', 'empty': 'None', 'cache_selected_only': 'False', 'log_format': 'default', 'debug': 'False', 'fail_fast': 'False', 'profiles_dir': 'C:\\Users\\craft\\.dbt', 'send_anonymous_usage_stats': 'True', 'quiet': 'False', 'warn_error': 'None', 'partial_parse': 'True', 'indirect_selection': 'eager', 'invocation_command': 'dbt init', 'use_colors': 'True', 'use_experimental_parser': 'False', 'log_path': 'C:\\Users\\craft\\OneDrive\\Pictures\\Data Engineering Acclerator Program\\Module 3 - Cloud Warehousing & Data Transformation\\Airflow Hands-On\\dbt_ecommerce\\logs'}
[0m14:30:10.525435 [info ] [MainThread]: Setting up your profile.
[0m14:30:24.776416 [debug] [MainThread]: Snowflake adapter: Setting snowflake.connector to ERROR (file logging only)
[0m14:30:24.777415 [debug] [MainThread]: Snowflake adapter: Setting botocore to ERROR (file logging only)
[0m14:30:24.778420 [debug] [MainThread]: Snowflake adapter: Setting boto3 to ERROR (file logging only)
[0m14:30:32.067133 [error] [MainThread]: Encountered an error:

[0m14:30:32.273265 [error] [MainThread]: Traceback (most recent call last):
  File "C:\Users\craft\AppData\Local\Programs\Python\Python310\lib\site-packages\dbt\cli\requires.py", line 182, in wrapper
    result, success = func(*args, **kwargs)
  File "C:\Users\craft\AppData\Local\Programs\Python\Python310\lib\site-packages\dbt\cli\requires.py", line 128, in wrapper
    return func(*args, **kwargs)
  File "C:\Users\craft\AppData\Local\Programs\Python\Python310\lib\site-packages\dbt\cli\main.py", line 488, in init
    results = task.run()
  File "C:\Users\craft\AppData\Local\Programs\Python\Python310\lib\site-packages\dbt\task\init.py", line 320, in run
    self.setup_profile(profile_name)
  File "C:\Users\craft\AppData\Local\Programs\Python\Python310\lib\site-packages\dbt\task\init.py", line 262, in setup_profile
    self.create_profile_from_target(adapter, profile_name=profile_name)
  File "C:\Users\craft\AppData\Local\Programs\Python\Python310\lib\site-packages\dbt\task\init.py", line 179, in create_profile_from_target
    self.create_profile_from_profile_template(profile_template, profile_name)
  File "C:\Users\craft\AppData\Local\Programs\Python\Python310\lib\site-packages\dbt\task\init.py", line 163, in create_profile_from_profile_template
    target = self.generate_target_from_input(prompts, initial_target)
  File "C:\Users\craft\AppData\Local\Programs\Python\Python310\lib\site-packages\dbt\task\init.py", line 129, in generate_target_from_input
    target[key] = click.prompt(
  File "C:\Users\craft\AppData\Local\Programs\Python\Python310\lib\site-packages\click\termui.py", line 218, in prompt
    value = prompt_func(prompt)
  File "C:\Users\craft\AppData\Local\Programs\Python\Python310\lib\site-packages\click\termui.py", line 201, in prompt_func
    raise Abort() from None
click.exceptions.Abort

[0m14:30:32.274326 [debug] [MainThread]: Command `dbt init` failed at 14:30:32.274326 after 21.96 seconds
[0m14:30:32.276336 [debug] [MainThread]: Flushing usage events
[0m14:42:06.967049 [debug] [MainThread]: Got an exception trying to initialize tracking


============================== 14:42:07.033606 | e44cec6a-8c6c-4881-99d4-07ea162d2462 ==============================
[0m14:42:07.033606 [info ] [MainThread]: Running with dbt=1.11.12
[0m14:42:07.033606 [debug] [MainThread]: running dbt with arguments {'static_parser': 'True', 'no_print': 'None', 'version_check': 'True', 'target_path': 'None', 'warn_error_options': 'WarnErrorOptionsV2(error=[], warn=[], silence=[])', 'printer_width': '80', 'write_json': 'True', 'empty': 'None', 'log_cache_events': 'False', 'introspect': 'True', 'cache_selected_only': 'False', 'log_format': 'default', 'debug': 'False', 'fail_fast': 'False', 'profiles_dir': 'C:\\Users\\craft\\.dbt', 'send_anonymous_usage_stats': 'True', 'quiet': 'False', 'warn_error': 'None', 'partial_parse': 'True', 'use_colors': 'True', 'invocation_command': 'dbt init', 'indirect_selection': 'eager', 'use_experimental_parser': 'False', 'log_path': 'C:\\Users\\craft\\OneDrive\\Pictures\\Data Engineering Acclerator Program\\Module 3 - Cloud Warehousing & Data Transformation\\Airflow Hands-On\\dbt_ecommerce\\logs'}
[0m14:42:07.080745 [info ] [MainThread]: Setting up your profile.
[0m14:42:12.660590 [debug] [MainThread]: Snowflake adapter: Setting snowflake.connector to ERROR (file logging only)
[0m14:42:12.660590 [debug] [MainThread]: Snowflake adapter: Setting botocore to ERROR (file logging only)
[0m14:42:12.660590 [debug] [MainThread]: Snowflake adapter: Setting boto3 to ERROR (file logging only)
[0m14:43:37.264475 [error] [MainThread]: Encountered an error:

[0m14:43:37.285951 [error] [MainThread]: Traceback (most recent call last):
  File "C:\Users\craft\AppData\Local\Programs\Python\Python310\lib\site-packages\dbt\cli\requires.py", line 182, in wrapper
    result, success = func(*args, **kwargs)
  File "C:\Users\craft\AppData\Local\Programs\Python\Python310\lib\site-packages\dbt\cli\requires.py", line 128, in wrapper
    return func(*args, **kwargs)
  File "C:\Users\craft\AppData\Local\Programs\Python\Python310\lib\site-packages\dbt\cli\main.py", line 488, in init
    results = task.run()
  File "C:\Users\craft\AppData\Local\Programs\Python\Python310\lib\site-packages\dbt\task\init.py", line 320, in run
    self.setup_profile(profile_name)
  File "C:\Users\craft\AppData\Local\Programs\Python\Python310\lib\site-packages\dbt\task\init.py", line 262, in setup_profile
    self.create_profile_from_target(adapter, profile_name=profile_name)
  File "C:\Users\craft\AppData\Local\Programs\Python\Python310\lib\site-packages\dbt\task\init.py", line 179, in create_profile_from_target
    self.create_profile_from_profile_template(profile_template, profile_name)
  File "C:\Users\craft\AppData\Local\Programs\Python\Python310\lib\site-packages\dbt\task\init.py", line 163, in create_profile_from_profile_template
    target = self.generate_target_from_input(prompts, initial_target)
  File "C:\Users\craft\AppData\Local\Programs\Python\Python310\lib\site-packages\dbt\task\init.py", line 129, in generate_target_from_input
    target[key] = click.prompt(
  File "C:\Users\craft\AppData\Local\Programs\Python\Python310\lib\site-packages\click\termui.py", line 218, in prompt
    value = prompt_func(prompt)
  File "C:\Users\craft\AppData\Local\Programs\Python\Python310\lib\site-packages\click\termui.py", line 201, in prompt_func
    raise Abort() from None
click.exceptions.Abort

[0m14:43:37.297748 [debug] [MainThread]: Command `dbt init` failed at 14:43:37.296750 after 90.42 seconds
[0m14:43:37.301547 [debug] [MainThread]: Flushing usage events
[0m14:50:31.187776 [debug] [MainThread]: Got an exception trying to initialize tracking


============================== 14:50:31.267430 | 7d23025e-7081-4916-a232-34f63a5f9e26 ==============================
[0m14:50:31.267430 [info ] [MainThread]: Running with dbt=1.11.12
[0m14:50:31.268430 [debug] [MainThread]: running dbt with arguments {'static_parser': 'True', 'no_print': 'None', 'version_check': 'True', 'warn_error_options': 'WarnErrorOptionsV2(error=[], warn=[], silence=[])', 'target_path': 'None', 'printer_width': '80', 'write_json': 'True', 'introspect': 'True', 'log_cache_events': 'False', 'empty': 'None', 'cache_selected_only': 'False', 'fail_fast': 'False', 'debug': 'False', 'log_format': 'default', 'profiles_dir': 'C:\\Users\\craft\\.dbt', 'send_anonymous_usage_stats': 'True', 'quiet': 'False', 'warn_error': 'None', 'partial_parse': 'True', 'indirect_selection': 'eager', 'invocation_command': 'dbt init', 'use_colors': 'True', 'use_experimental_parser': 'False', 'log_path': 'C:\\Users\\craft\\OneDrive\\Pictures\\Data Engineering Acclerator Program\\Module 3 - Cloud Warehousing & Data Transformation\\Airflow Hands-On\\dbt_ecommerce\\logs'}
[0m14:50:31.308354 [info ] [MainThread]: Setting up your profile.
[0m14:50:36.223670 [debug] [MainThread]: Snowflake adapter: Setting snowflake.connector to ERROR (file logging only)
[0m14:50:36.223670 [debug] [MainThread]: Snowflake adapter: Setting botocore to ERROR (file logging only)
[0m14:50:36.223670 [debug] [MainThread]: Snowflake adapter: Setting boto3 to ERROR (file logging only)
[0m14:52:39.279497 [info ] [MainThread]: Profile ecommerce written to C:\Users\craft\.dbt\profiles.yml using target's profile_template.yml and your supplied values. Run 'dbt debug' to validate the connection.
[0m14:52:39.294074 [debug] [MainThread]: Command `dbt init` succeeded at 14:52:39.294074 after 128.17 seconds
[0m14:52:39.298231 [debug] [MainThread]: Flushing usage events
[0m14:52:48.170634 [debug] [MainThread]: Got an exception trying to initialize tracking


============================== 14:52:48.240069 | 473fb251-ecdc-44f5-8205-22a764f8df2c ==============================
[0m14:52:48.240069 [info ] [MainThread]: Running with dbt=1.11.12
[0m14:52:48.240069 [debug] [MainThread]: running dbt with arguments {'static_parser': 'True', 'no_print': 'None', 'version_check': 'True', 'warn_error_options': 'WarnErrorOptionsV2(error=[], warn=[], silence=[])', 'target_path': 'None', 'printer_width': '80', 'write_json': 'True', 'empty': 'False', 'log_cache_events': 'False', 'introspect': 'True', 'cache_selected_only': 'False', 'log_format': 'default', 'debug': 'False', 'fail_fast': 'False', 'partial_parse': 'True', 'send_anonymous_usage_stats': 'True', 'quiet': 'False', 'warn_error': 'None', 'profiles_dir': 'C:\\Users\\craft\\.dbt', 'indirect_selection': 'eager', 'invocation_command': 'dbt run', 'use_colors': 'True', 'use_experimental_parser': 'False', 'log_path': 'C:\\Users\\craft\\OneDrive\\Pictures\\Data Engineering Acclerator Program\\Module 3 - Cloud Warehousing & Data Transformation\\Airflow Hands-On\\dbt_ecommerce\\logs'}
[0m14:52:49.606087 [debug] [MainThread]: Snowflake adapter: Setting snowflake.connector to ERROR (file logging only)
[0m14:52:49.606087 [debug] [MainThread]: Snowflake adapter: Setting botocore to ERROR (file logging only)
[0m14:52:49.606087 [debug] [MainThread]: Snowflake adapter: Setting boto3 to ERROR (file logging only)
[0m14:52:49.774969 [warn ] [MainThread]: [[33mWARNING[0m][MissingPlusPrefixDeprecation]: Deprecated functionality
Missing '+' prefix on `materialized` found at
`dbt_ecommerce.staging.materialized` in file
`C:\Users\craft\OneDrive\Pictures\Data Engineering Acclerator Program\Module 3 -
Cloud Warehousing & Data Transformation\Airflow
Hands-On\dbt_ecommerce\dbt_project.yml`. Hierarchical config values without a
'+' prefix are deprecated in dbt_project.yml.
[0m14:52:50.069979 [info ] [MainThread]: Registered adapter: snowflake=1.11.6
[0m14:52:51.111315 [debug] [MainThread]: checksum: f368f5348cf42803b94ef7fb8257ecf3bf9a9a16dd9c8c51fe5172f2dbeb457f, vars: {}, profile: , target: , version: 1.11.12
[0m14:52:51.111315 [info ] [MainThread]: Unable to do partial parsing because saved manifest not found. Starting full parse.
[0m14:52:54.928683 [debug] [MainThread]: Wrote artifact WritableManifest to C:\Users\craft\OneDrive\Pictures\Data Engineering Acclerator Program\Module 3 - Cloud Warehousing & Data Transformation\Airflow Hands-On\dbt_ecommerce\target\manifest.json
[0m14:52:54.928683 [debug] [MainThread]: Wrote artifact SemanticManifest to C:\Users\craft\OneDrive\Pictures\Data Engineering Acclerator Program\Module 3 - Cloud Warehousing & Data Transformation\Airflow Hands-On\dbt_ecommerce\target\semantic_manifest.json
[0m14:52:54.957148 [info ] [MainThread]: Found 4 models, 537 macros
[0m14:52:54.960254 [info ] [MainThread]: 
[0m14:52:54.960254 [info ] [MainThread]: Concurrency: 1 threads (target='dev')
[0m14:52:54.960254 [info ] [MainThread]: 
[0m14:52:54.960254 [debug] [MainThread]: Acquiring new snowflake connection 'master'
[0m14:52:54.968968 [debug] [ThreadPool]: Acquiring new snowflake connection 'list_ecommerce_db'
[0m14:52:59.060717 [debug] [ThreadPool]: Using snowflake connection "list_ecommerce_db"
[0m14:52:59.060717 [debug] [ThreadPool]: On list_ecommerce_db: show terse schemas in database ecommerce_db
    limit 10000
/* {"app": "dbt", "dbt_version": "1.11.12", "profile_name": "ecommerce", "target_name": "dev", "connection_name": "list_ecommerce_db"} */
[0m14:52:59.060717 [debug] [ThreadPool]: Opening a new connection, currently in state init
[0m14:53:12.248062 [debug] [ThreadPool]: Snowflake adapter: Error running SQL: show terse schemas in database ecommerce_db
    limit 10000
/* {"app": "dbt", "dbt_version": "1.11.12", "profile_name": "ecommerce", "target_name": "dev", "connection_name": "list_ecommerce_db"} */
[0m14:53:12.251264 [debug] [ThreadPool]: Snowflake adapter: Rolling back transaction.
[0m14:53:12.255306 [debug] [ThreadPool]: Snowflake adapter: Error running SQL: macro list_schemas
[0m14:53:12.260315 [debug] [ThreadPool]: Snowflake adapter: Rolling back transaction.
[0m14:53:12.266276 [debug] [MainThread]: Connection 'master' was properly closed.
[0m14:53:12.270378 [debug] [MainThread]: Connection 'list_ecommerce_db' was left open.
[0m14:53:12.273385 [debug] [MainThread]: On list_ecommerce_db: No close available on handle
[0m14:53:12.276344 [info ] [MainThread]: 
[0m14:53:12.281146 [info ] [MainThread]: Finished running  in 0 hours 0 minutes and 17.32 seconds (17.32s).
[0m14:53:12.288185 [error] [MainThread]: Encountered an error:
Runtime Error
  Database error while listing schemas in database "ecommerce_db"
  Database Error
    290404 (08001): 404 Not Found: post WQVQPDM-NV38719.snowflakecomputing.com.snowflakecomputing.com:443/session/v1/login-request
[0m14:53:12.299322 [warn ] [MainThread]: [[33mWARNING[0m][DeprecationsSummary]: Deprecated functionality
Summary of encountered deprecations:
- MissingPlusPrefixDeprecation: 2 occurrences
To see all deprecation instances instead of just the first occurrence of each,
run command again with the `--show-all-deprecations` flag. You may also need to
run with `--no-partial-parse` as some deprecations are only encountered during
parsing.
[0m14:53:12.307723 [debug] [MainThread]: Command `dbt run` failed at 14:53:12.306785 after 24.22 seconds
[0m14:53:12.311780 [debug] [MainThread]: Flushing usage events
[0m14:53:52.946672 [debug] [MainThread]: Got an exception trying to initialize tracking


============================== 14:53:53.020079 | b07f5a80-75a0-4cd0-ae26-355f4f3aead0 ==============================
[0m14:53:53.020079 [info ] [MainThread]: Running with dbt=1.11.12
[0m14:53:53.036642 [debug] [MainThread]: running dbt with arguments {'version_check': 'True', 'no_print': 'None', 'static_parser': 'True', 'target_path': 'None', 'warn_error_options': 'WarnErrorOptionsV2(error=[], warn=[], silence=[])', 'printer_width': '80', 'write_json': 'True', 'empty': 'False', 'log_cache_events': 'False', 'introspect': 'True', 'cache_selected_only': 'False', 'fail_fast': 'False', 'debug': 'False', 'log_format': 'default', 'profiles_dir': 'C:\\Users\\craft\\.dbt', 'send_anonymous_usage_stats': 'True', 'quiet': 'False', 'warn_error': 'None', 'partial_parse': 'True', 'invocation_command': 'dbt run', 'indirect_selection': 'eager', 'use_colors': 'True', 'use_experimental_parser': 'False', 'log_path': 'C:\\Users\\craft\\OneDrive\\Pictures\\Data Engineering Acclerator Program\\Module 3 - Cloud Warehousing & Data Transformation\\Airflow Hands-On\\dbt_ecommerce\\logs'}
[0m14:53:54.637673 [debug] [MainThread]: Snowflake adapter: Setting snowflake.connector to ERROR (file logging only)
[0m14:53:54.637673 [debug] [MainThread]: Snowflake adapter: Setting botocore to ERROR (file logging only)
[0m14:53:54.640724 [debug] [MainThread]: Snowflake adapter: Setting boto3 to ERROR (file logging only)
[0m14:53:54.960085 [info ] [MainThread]: Registered adapter: snowflake=1.11.6
[0m14:53:55.417372 [debug] [MainThread]: checksum: f368f5348cf42803b94ef7fb8257ecf3bf9a9a16dd9c8c51fe5172f2dbeb457f, vars: {}, profile: , target: , version: 1.11.12
[0m14:53:55.526437 [info ] [MainThread]: Unable to do partial parsing because a project config has changed
[0m14:53:56.989340 [debug] [MainThread]: Wrote artifact WritableManifest to C:\Users\craft\OneDrive\Pictures\Data Engineering Acclerator Program\Module 3 - Cloud Warehousing & Data Transformation\Airflow Hands-On\dbt_ecommerce\target\manifest.json
[0m14:53:57.003314 [debug] [MainThread]: Wrote artifact SemanticManifest to C:\Users\craft\OneDrive\Pictures\Data Engineering Acclerator Program\Module 3 - Cloud Warehousing & Data Transformation\Airflow Hands-On\dbt_ecommerce\target\semantic_manifest.json
[0m14:53:57.022839 [info ] [MainThread]: Found 4 models, 537 macros
[0m14:53:57.027204 [info ] [MainThread]: 
[0m14:53:57.029210 [info ] [MainThread]: Concurrency: 1 threads (target='dev')
[0m14:53:57.029210 [info ] [MainThread]: 
[0m14:53:57.032908 [debug] [MainThread]: Acquiring new snowflake connection 'master'
[0m14:53:57.045274 [debug] [ThreadPool]: Acquiring new snowflake connection 'list_ecommerce_db'
[0m14:53:57.161387 [debug] [ThreadPool]: Using snowflake connection "list_ecommerce_db"
[0m14:53:57.161387 [debug] [ThreadPool]: On list_ecommerce_db: show terse schemas in database ecommerce_db
    limit 10000
/* {"app": "dbt", "dbt_version": "1.11.12", "profile_name": "ecommerce", "target_name": "dev", "connection_name": "list_ecommerce_db"} */
[0m14:53:57.161387 [debug] [ThreadPool]: Opening a new connection, currently in state init
[0m14:54:08.961615 [debug] [ThreadPool]: Snowflake adapter: Error running SQL: show terse schemas in database ecommerce_db
    limit 10000
/* {"app": "dbt", "dbt_version": "1.11.12", "profile_name": "ecommerce", "target_name": "dev", "connection_name": "list_ecommerce_db"} */
[0m14:54:08.963839 [debug] [ThreadPool]: Snowflake adapter: Rolling back transaction.
[0m14:54:08.966855 [debug] [ThreadPool]: Snowflake adapter: Error running SQL: macro list_schemas
[0m14:54:08.968838 [debug] [ThreadPool]: Snowflake adapter: Rolling back transaction.
[0m14:54:08.970849 [debug] [MainThread]: Connection 'master' was properly closed.
[0m14:54:08.972842 [debug] [MainThread]: Connection 'list_ecommerce_db' was left open.
[0m14:54:08.973835 [debug] [MainThread]: On list_ecommerce_db: No close available on handle
[0m14:54:08.975837 [info ] [MainThread]: 
[0m14:54:08.978017 [info ] [MainThread]: Finished running  in 0 hours 0 minutes and 11.94 seconds (11.94s).
[0m14:54:08.981002 [error] [MainThread]: Encountered an error:
Runtime Error
  Database error while listing schemas in database "ecommerce_db"
  Database Error
    290404 (08001): 404 Not Found: post WQVQPDM-NV38719.snowflakecomputing.com.snowflakecomputing.com:443/session/v1/login-request
[0m14:54:08.985000 [debug] [MainThread]: Command `dbt run` failed at 14:54:08.985000 after 16.11 seconds
[0m14:54:08.987019 [debug] [MainThread]: Flushing usage events
[0m14:55:06.278342 [debug] [MainThread]: Got an exception trying to initialize tracking


============================== 14:55:06.337785 | 3cfd7cda-b190-497f-bc92-bc092a3156e4 ==============================
[0m14:55:06.337785 [info ] [MainThread]: Running with dbt=1.11.12
[0m14:55:06.339792 [debug] [MainThread]: running dbt with arguments {'static_parser': 'True', 'no_print': 'None', 'version_check': 'True', 'target_path': 'None', 'warn_error_options': 'WarnErrorOptionsV2(error=[], warn=[], silence=[])', 'printer_width': '80', 'write_json': 'True', 'introspect': 'True', 'log_cache_events': 'False', 'empty': 'None', 'cache_selected_only': 'False', 'fail_fast': 'False', 'debug': 'False', 'log_format': 'default', 'profiles_dir': 'C:\\Users\\craft\\.dbt', 'send_anonymous_usage_stats': 'True', 'quiet': 'False', 'warn_error': 'None', 'partial_parse': 'True', 'use_colors': 'True', 'invocation_command': 'dbt init', 'indirect_selection': 'eager', 'use_experimental_parser': 'False', 'log_path': 'C:\\Users\\craft\\OneDrive\\Pictures\\Data Engineering Acclerator Program\\Module 3 - Cloud Warehousing & Data Transformation\\Airflow Hands-On\\dbt_ecommerce\\logs'}
[0m14:55:06.362259 [info ] [MainThread]: Setting up your profile.
[0m14:55:16.928786 [debug] [MainThread]: Snowflake adapter: Setting snowflake.connector to ERROR (file logging only)
[0m14:55:16.928786 [debug] [MainThread]: Snowflake adapter: Setting botocore to ERROR (file logging only)
[0m14:55:16.928786 [debug] [MainThread]: Snowflake adapter: Setting boto3 to ERROR (file logging only)
[0m14:56:42.383960 [info ] [MainThread]: Profile ecommerce written to C:\Users\craft\.dbt\profiles.yml using target's profile_template.yml and your supplied values. Run 'dbt debug' to validate the connection.
[0m14:56:42.388878 [debug] [MainThread]: Command `dbt init` succeeded at 14:56:42.387998 after 96.18 seconds
[0m14:56:42.390757 [debug] [MainThread]: Flushing usage events
[0m14:56:54.818775 [debug] [MainThread]: Got an exception trying to initialize tracking


============================== 14:56:54.862252 | d88abf53-2db6-4d35-ab43-6760e94c843c ==============================
[0m14:56:54.862252 [info ] [MainThread]: Running with dbt=1.11.12
[0m14:56:54.862252 [debug] [MainThread]: running dbt with arguments {'static_parser': 'True', 'no_print': 'None', 'version_check': 'True', 'target_path': 'None', 'warn_error_options': 'WarnErrorOptionsV2(error=[], warn=[], silence=[])', 'printer_width': '80', 'write_json': 'True', 'introspect': 'True', 'log_cache_events': 'False', 'empty': 'False', 'cache_selected_only': 'False', 'log_format': 'default', 'debug': 'False', 'fail_fast': 'False', 'profiles_dir': 'C:\\Users\\craft\\.dbt', 'send_anonymous_usage_stats': 'True', 'quiet': 'False', 'warn_error': 'None', 'partial_parse': 'True', 'indirect_selection': 'eager', 'use_colors': 'True', 'invocation_command': 'dbt run', 'use_experimental_parser': 'False', 'log_path': 'C:\\Users\\craft\\OneDrive\\Pictures\\Data Engineering Acclerator Program\\Module 3 - Cloud Warehousing & Data Transformation\\Airflow Hands-On\\dbt_ecommerce\\logs'}
[0m14:56:55.893544 [debug] [MainThread]: Snowflake adapter: Setting snowflake.connector to ERROR (file logging only)
[0m14:56:55.893544 [debug] [MainThread]: Snowflake adapter: Setting botocore to ERROR (file logging only)
[0m14:56:55.903895 [debug] [MainThread]: Snowflake adapter: Setting boto3 to ERROR (file logging only)
[0m14:56:56.243151 [info ] [MainThread]: Registered adapter: snowflake=1.11.6
[0m14:56:56.720588 [debug] [MainThread]: checksum: f368f5348cf42803b94ef7fb8257ecf3bf9a9a16dd9c8c51fe5172f2dbeb457f, vars: {}, profile: , target: , version: 1.11.12
[0m14:56:56.860343 [info ] [MainThread]: Unable to do partial parsing because profile has changed
[0m14:56:58.259766 [debug] [MainThread]: Wrote artifact WritableManifest to C:\Users\craft\OneDrive\Pictures\Data Engineering Acclerator Program\Module 3 - Cloud Warehousing & Data Transformation\Airflow Hands-On\dbt_ecommerce\target\manifest.json
[0m14:56:58.263241 [debug] [MainThread]: Wrote artifact SemanticManifest to C:\Users\craft\OneDrive\Pictures\Data Engineering Acclerator Program\Module 3 - Cloud Warehousing & Data Transformation\Airflow Hands-On\dbt_ecommerce\target\semantic_manifest.json
[0m14:56:58.274992 [info ] [MainThread]: Found 4 models, 537 macros
[0m14:56:58.274992 [info ] [MainThread]: 
[0m14:56:58.274992 [info ] [MainThread]: Concurrency: 1 threads (target='dev')
[0m14:56:58.274992 [info ] [MainThread]: 
[0m14:56:58.274992 [debug] [MainThread]: Acquiring new snowflake connection 'master'
[0m14:56:58.274992 [debug] [ThreadPool]: Acquiring new snowflake connection 'list_ecommerce_db'
[0m14:56:58.396036 [debug] [ThreadPool]: Using snowflake connection "list_ecommerce_db"
[0m14:56:58.396340 [debug] [ThreadPool]: On list_ecommerce_db: show terse schemas in database ecommerce_db
    limit 10000
/* {"app": "dbt", "dbt_version": "1.11.12", "profile_name": "ecommerce", "target_name": "dev", "connection_name": "list_ecommerce_db"} */
[0m14:56:58.396340 [debug] [ThreadPool]: Opening a new connection, currently in state init
[0m14:56:59.965110 [debug] [ThreadPool]: Snowflake adapter: Error running SQL: show terse schemas in database ecommerce_db
    limit 10000
/* {"app": "dbt", "dbt_version": "1.11.12", "profile_name": "ecommerce", "target_name": "dev", "connection_name": "list_ecommerce_db"} */
[0m14:56:59.965110 [debug] [ThreadPool]: Snowflake adapter: Rolling back transaction.
[0m14:56:59.965110 [debug] [ThreadPool]: Snowflake adapter: Error running SQL: macro list_schemas
[0m14:56:59.965110 [debug] [ThreadPool]: Snowflake adapter: Rolling back transaction.
[0m14:56:59.970576 [debug] [MainThread]: Connection 'master' was properly closed.
[0m14:56:59.970576 [debug] [MainThread]: Connection 'list_ecommerce_db' was left open.
[0m14:56:59.973050 [debug] [MainThread]: On list_ecommerce_db: No close available on handle
[0m14:56:59.973050 [info ] [MainThread]: 
[0m14:56:59.973050 [info ] [MainThread]: Finished running  in 0 hours 0 minutes and 1.70 seconds (1.70s).
[0m14:56:59.976307 [error] [MainThread]: Encountered an error:
Runtime Error
  Database error while listing schemas in database "ecommerce_db"
  Database Error
    290404 (08001): 404 Not Found: post WQVQPDM-NV38719.snowflakecomputing.com.snowflakecomputing.com:443/session/v1/login-request
[0m14:56:59.978320 [debug] [MainThread]: Command `dbt run` failed at 14:56:59.978320 after 5.25 seconds
[0m14:56:59.978320 [debug] [MainThread]: Flushing usage events
[0m14:58:12.156428 [debug] [MainThread]: Got an exception trying to initialize tracking


============================== 14:58:12.221287 | 4d78e9be-c354-43bf-ad1f-320c31ace612 ==============================
[0m14:58:12.221287 [info ] [MainThread]: Running with dbt=1.11.12
[0m14:58:12.223295 [debug] [MainThread]: running dbt with arguments {'static_parser': 'True', 'no_print': 'None', 'version_check': 'True', 'warn_error_options': 'WarnErrorOptionsV2(error=[], warn=[], silence=[])', 'target_path': 'None', 'printer_width': '80', 'write_json': 'True', 'introspect': 'True', 'log_cache_events': 'False', 'empty': 'None', 'cache_selected_only': 'False', 'log_format': 'default', 'debug': 'False', 'fail_fast': 'False', 'profiles_dir': 'C:\\Users\\craft\\.dbt', 'send_anonymous_usage_stats': 'True', 'quiet': 'False', 'warn_error': 'None', 'partial_parse': 'True', 'invocation_command': 'dbt debug', 'use_colors': 'True', 'indirect_selection': 'eager', 'use_experimental_parser': 'False', 'log_path': 'C:\\Users\\craft\\OneDrive\\Pictures\\Data Engineering Acclerator Program\\Module 3 - Cloud Warehousing & Data Transformation\\Airflow Hands-On\\dbt_ecommerce\\logs'}
[0m14:58:12.247880 [info ] [MainThread]: dbt version: 1.11.12
[0m14:58:12.259333 [info ] [MainThread]: python version: 3.10.6
[0m14:58:12.259333 [info ] [MainThread]: python path: C:\Users\craft\AppData\Local\Programs\Python\Python310\python.exe
[0m14:58:12.259333 [info ] [MainThread]: os info: Windows-10-10.0.26200-SP0
[0m14:58:14.272194 [debug] [MainThread]: Snowflake adapter: Setting snowflake.connector to ERROR (file logging only)
[0m14:58:14.273411 [debug] [MainThread]: Snowflake adapter: Setting botocore to ERROR (file logging only)
[0m14:58:14.273411 [debug] [MainThread]: Snowflake adapter: Setting boto3 to ERROR (file logging only)
[0m14:58:14.351232 [info ] [MainThread]: Using profiles dir at C:\Users\craft\.dbt
[0m14:58:14.351232 [info ] [MainThread]: Using profiles.yml file at C:\Users\craft\.dbt\profiles.yml
[0m14:58:14.351232 [info ] [MainThread]: Using dbt_project.yml file at C:\Users\craft\OneDrive\Pictures\Data Engineering Acclerator Program\Module 3 - Cloud Warehousing & Data Transformation\Airflow Hands-On\dbt_ecommerce\dbt_project.yml
[0m14:58:14.351232 [info ] [MainThread]: adapter type: snowflake
[0m14:58:14.351232 [info ] [MainThread]: adapter version: 1.11.6
[0m14:58:14.496874 [info ] [MainThread]: Configuration:
[0m14:58:14.497869 [info ] [MainThread]:   profiles.yml file [[32mOK found and valid[0m]
[0m14:58:14.498874 [info ] [MainThread]:   dbt_project.yml file [[32mOK found and valid[0m]
[0m14:58:14.499873 [info ] [MainThread]: Required dependencies:
[0m14:58:14.500877 [debug] [MainThread]: Executing "git --help"
[0m14:58:14.560797 [debug] [MainThread]: STDOUT: "b"usage: git [-v | --version] [-h | --help] [-C <path>] [-c <name>=<value>]\n           [--exec-path[=<path>]] [--html-path] [--man-path] [--info-path]\n           [-p | --paginate | -P | --no-pager] [--no-replace-objects] [--no-lazy-fetch]\n           [--no-optional-locks] [--no-advice] [--bare] [--git-dir=<path>]\n           [--work-tree=<path>] [--namespace=<name>] [--config-env=<name>=<envvar>]\n           <command> [<args>]\n\nThese are common Git commands used in various situations:\n\nstart a working area (see also: git help tutorial)\n   clone      Clone a repository into a new directory\n   init       Create an empty Git repository or reinitialize an existing one\n\nwork on the current change (see also: git help everyday)\n   add        Add file contents to the index\n   mv         Move or rename a file, a directory, or a symlink\n   restore    Restore working tree files\n   rm         Remove files from the working tree and from the index\n\nexamine the history and state (see also: git help revisions)\n   bisect     Use binary search to find the commit that introduced a bug\n   diff       Show changes between commits, commit and working tree, etc\n   grep       Print lines matching a pattern\n   log        Show commit logs\n   show       Show various types of objects\n   status     Show the working tree status\n\ngrow, mark and tweak your common history\n   backfill   Download missing objects in a partial clone\n   branch     List, create, or delete branches\n   commit     Record changes to the repository\n   merge      Join two or more development histories together\n   rebase     Reapply commits on top of another base tip\n   reset      Reset current HEAD to the specified state\n   switch     Switch branches\n   tag        Create, list, delete or verify a tag object signed with GPG\n\ncollaborate (see also: git help workflows)\n   fetch      Download objects and refs from another repository\n   pull       Fetch from and integrate with another repository or a local branch\n   push       Update remote refs along with associated objects\n\n'git help -a' and 'git help -g' list available subcommands and some\nconcept guides. See 'git help <command>' or 'git help <concept>'\nto read about a specific subcommand or concept.\nSee 'git help git' for an overview of the system.\n""
[0m14:58:14.562794 [debug] [MainThread]: STDERR: "b''"
[0m14:58:14.562794 [info ] [MainThread]:  - git [[32mOK found[0m]

[0m14:58:14.563793 [info ] [MainThread]: Connection:
[0m14:58:14.564793 [info ] [MainThread]:   account: WQVQPDM-NV38719.snowflakecomputing.com
[0m14:58:14.565794 [info ] [MainThread]:   user: CRAFTSOFT
[0m14:58:14.566794 [info ] [MainThread]:   database: ecommerce_db
[0m14:58:14.567792 [info ] [MainThread]:   warehouse: COMPUTE_WH
[0m14:58:14.568794 [info ] [MainThread]:   role: ACCOUNTADMIN
[0m14:58:14.568794 [info ] [MainThread]:   schema: STG
[0m14:58:14.570855 [info ] [MainThread]:   authenticator: None
[0m14:58:14.571845 [info ] [MainThread]:   oauth_client_id: None
[0m14:58:14.572809 [info ] [MainThread]:   query_tag: None
[0m14:58:14.573846 [info ] [MainThread]:   client_session_keep_alive: False
[0m14:58:14.574809 [info ] [MainThread]:   host: None
[0m14:58:14.576377 [info ] [MainThread]:   port: None
[0m14:58:14.576377 [info ] [MainThread]:   proxy_host: None
[0m14:58:14.576377 [info ] [MainThread]:   proxy_port: None
[0m14:58:14.581020 [info ] [MainThread]:   protocol: None
[0m14:58:14.581020 [info ] [MainThread]:   connect_retries: 1
[0m14:58:14.582453 [info ] [MainThread]:   connect_timeout: None
[0m14:58:14.583472 [info ] [MainThread]:   retry_on_database_errors: False
[0m14:58:14.584476 [info ] [MainThread]:   retry_all: False
[0m14:58:14.584476 [info ] [MainThread]:   insecure_mode: False
[0m14:58:14.585473 [info ] [MainThread]:   reuse_connections: True
[0m14:58:14.586471 [info ] [MainThread]:   s3_stage_vpce_dns_name: None
[0m14:58:14.586471 [info ] [MainThread]:   platform_detection_timeout_seconds: 0.0
[0m14:58:14.588374 [info ] [MainThread]: Registered adapter: snowflake=1.11.6
[0m14:58:15.086306 [debug] [MainThread]: Acquiring new snowflake connection 'debug'
[0m14:58:15.171252 [debug] [MainThread]: Using snowflake connection "debug"
[0m14:58:15.171252 [debug] [MainThread]: On debug: select 1 as id
[0m14:58:15.173260 [debug] [MainThread]: Opening a new connection, currently in state init
[0m14:58:16.865471 [debug] [MainThread]: Snowflake adapter: Error running SQL: select 1 as id
[0m14:58:16.866472 [debug] [MainThread]: Snowflake adapter: Rolling back transaction.
[0m14:58:16.869592 [info ] [MainThread]:   Connection test: [[31mERROR[0m]

[0m14:58:16.870595 [info ] [MainThread]: [31m1 check failed:[0m
[0m14:58:16.871590 [info ] [MainThread]: dbt was unable to connect to the specified database.
The database returned the following error:

  >Database Error
  290404 (08001): 404 Not Found: post WQVQPDM-NV38719.snowflakecomputing.com.snowflakecomputing.com:443/session/v1/login-request

Check your database credentials and try again. For more information, visit:
https://docs.getdbt.com/docs/configure-your-profile


[0m14:58:16.874591 [debug] [MainThread]: Command `dbt debug` failed at 14:58:16.874591 after 4.79 seconds
[0m14:58:16.876447 [debug] [MainThread]: Connection 'debug' was left open.
[0m14:58:16.876858 [debug] [MainThread]: On debug: No close available on handle
[0m14:58:16.878604 [debug] [MainThread]: Flushing usage events
[0m14:58:58.193645 [debug] [MainThread]: Got an exception trying to initialize tracking


============================== 14:58:58.239229 | 63717e4d-1f1f-4d44-8789-9a7d811ac15b ==============================
[0m14:58:58.239229 [info ] [MainThread]: Running with dbt=1.11.12
[0m14:58:58.240234 [debug] [MainThread]: running dbt with arguments {'static_parser': 'True', 'no_print': 'None', 'version_check': 'True', 'target_path': 'None', 'warn_error_options': 'WarnErrorOptionsV2(error=[], warn=[], silence=[])', 'printer_width': '80', 'write_json': 'True', 'introspect': 'True', 'log_cache_events': 'False', 'empty': 'None', 'cache_selected_only': 'False', 'log_format': 'default', 'debug': 'False', 'fail_fast': 'False', 'profiles_dir': 'C:\\Users\\craft\\.dbt', 'send_anonymous_usage_stats': 'True', 'quiet': 'False', 'warn_error': 'None', 'partial_parse': 'True', 'indirect_selection': 'eager', 'invocation_command': 'dbt init', 'use_colors': 'True', 'use_experimental_parser': 'False', 'log_path': 'C:\\Users\\craft\\OneDrive\\Pictures\\Data Engineering Acclerator Program\\Module 3 - Cloud Warehousing & Data Transformation\\Airflow Hands-On\\dbt_ecommerce\\logs'}
[0m14:58:58.267577 [info ] [MainThread]: Setting up your profile.
[0m14:59:03.868652 [debug] [MainThread]: Snowflake adapter: Setting snowflake.connector to ERROR (file logging only)
[0m14:59:03.868652 [debug] [MainThread]: Snowflake adapter: Setting botocore to ERROR (file logging only)
[0m14:59:03.868652 [debug] [MainThread]: Snowflake adapter: Setting boto3 to ERROR (file logging only)
[0m15:00:23.253935 [info ] [MainThread]: Profile ecommerce written to C:\Users\craft\.dbt\profiles.yml using target's profile_template.yml and your supplied values. Run 'dbt debug' to validate the connection.
[0m15:00:23.266538 [debug] [MainThread]: Command `dbt init` succeeded at 15:00:23.266538 after 85.14 seconds
[0m15:00:23.268996 [debug] [MainThread]: Flushing usage events
[0m15:00:28.767290 [debug] [MainThread]: Got an exception trying to initialize tracking


============================== 15:00:28.805451 | b4ad9247-8f54-452c-a560-deda6052d4a4 ==============================
[0m15:00:28.805451 [info ] [MainThread]: Running with dbt=1.11.12
[0m15:00:28.805451 [debug] [MainThread]: running dbt with arguments {'version_check': 'True', 'no_print': 'None', 'static_parser': 'True', 'target_path': 'None', 'warn_error_options': 'WarnErrorOptionsV2(error=[], warn=[], silence=[])', 'printer_width': '80', 'write_json': 'True', 'empty': 'None', 'log_cache_events': 'False', 'introspect': 'True', 'cache_selected_only': 'False', 'log_format': 'default', 'debug': 'False', 'fail_fast': 'False', 'profiles_dir': 'C:\\Users\\craft\\.dbt', 'send_anonymous_usage_stats': 'True', 'quiet': 'False', 'warn_error': 'None', 'partial_parse': 'True', 'use_colors': 'True', 'indirect_selection': 'eager', 'invocation_command': 'dbt debug', 'use_experimental_parser': 'False', 'log_path': 'C:\\Users\\craft\\OneDrive\\Pictures\\Data Engineering Acclerator Program\\Module 3 - Cloud Warehousing & Data Transformation\\Airflow Hands-On\\dbt_ecommerce\\logs'}
[0m15:00:28.839414 [info ] [MainThread]: dbt version: 1.11.12
[0m15:00:28.841788 [info ] [MainThread]: python version: 3.10.6
[0m15:00:28.842405 [info ] [MainThread]: python path: C:\Users\craft\AppData\Local\Programs\Python\Python310\python.exe
[0m15:00:28.842405 [info ] [MainThread]: os info: Windows-10-10.0.26200-SP0
[0m15:00:29.832913 [debug] [MainThread]: Snowflake adapter: Setting snowflake.connector to ERROR (file logging only)
[0m15:00:29.832913 [debug] [MainThread]: Snowflake adapter: Setting botocore to ERROR (file logging only)
[0m15:00:29.848589 [debug] [MainThread]: Snowflake adapter: Setting boto3 to ERROR (file logging only)
[0m15:00:29.930483 [info ] [MainThread]: Using profiles dir at C:\Users\craft\.dbt
[0m15:00:29.930483 [info ] [MainThread]: Using profiles.yml file at C:\Users\craft\.dbt\profiles.yml
[0m15:00:29.930483 [info ] [MainThread]: Using dbt_project.yml file at C:\Users\craft\OneDrive\Pictures\Data Engineering Acclerator Program\Module 3 - Cloud Warehousing & Data Transformation\Airflow Hands-On\dbt_ecommerce\dbt_project.yml
[0m15:00:29.930483 [info ] [MainThread]: adapter type: snowflake
[0m15:00:29.930483 [info ] [MainThread]: adapter version: 1.11.6
[0m15:00:30.056176 [info ] [MainThread]: Configuration:
[0m15:00:30.056176 [info ] [MainThread]:   profiles.yml file [[32mOK found and valid[0m]
[0m15:00:30.056176 [info ] [MainThread]:   dbt_project.yml file [[32mOK found and valid[0m]
[0m15:00:30.056176 [info ] [MainThread]: Required dependencies:
[0m15:00:30.056176 [debug] [MainThread]: Executing "git --help"
[0m15:00:30.109445 [debug] [MainThread]: STDOUT: "b"usage: git [-v | --version] [-h | --help] [-C <path>] [-c <name>=<value>]\n           [--exec-path[=<path>]] [--html-path] [--man-path] [--info-path]\n           [-p | --paginate | -P | --no-pager] [--no-replace-objects] [--no-lazy-fetch]\n           [--no-optional-locks] [--no-advice] [--bare] [--git-dir=<path>]\n           [--work-tree=<path>] [--namespace=<name>] [--config-env=<name>=<envvar>]\n           <command> [<args>]\n\nThese are common Git commands used in various situations:\n\nstart a working area (see also: git help tutorial)\n   clone      Clone a repository into a new directory\n   init       Create an empty Git repository or reinitialize an existing one\n\nwork on the current change (see also: git help everyday)\n   add        Add file contents to the index\n   mv         Move or rename a file, a directory, or a symlink\n   restore    Restore working tree files\n   rm         Remove files from the working tree and from the index\n\nexamine the history and state (see also: git help revisions)\n   bisect     Use binary search to find the commit that introduced a bug\n   diff       Show changes between commits, commit and working tree, etc\n   grep       Print lines matching a pattern\n   log        Show commit logs\n   show       Show various types of objects\n   status     Show the working tree status\n\ngrow, mark and tweak your common history\n   backfill   Download missing objects in a partial clone\n   branch     List, create, or delete branches\n   commit     Record changes to the repository\n   merge      Join two or more development histories together\n   rebase     Reapply commits on top of another base tip\n   reset      Reset current HEAD to the specified state\n   switch     Switch branches\n   tag        Create, list, delete or verify a tag object signed with GPG\n\ncollaborate (see also: git help workflows)\n   fetch      Download objects and refs from another repository\n   pull       Fetch from and integrate with another repository or a local branch\n   push       Update remote refs along with associated objects\n\n'git help -a' and 'git help -g' list available subcommands and some\nconcept guides. See 'git help <command>' or 'git help <concept>'\nto read about a specific subcommand or concept.\nSee 'git help git' for an overview of the system.\n""
[0m15:00:30.111445 [debug] [MainThread]: STDERR: "b''"
[0m15:00:30.113446 [info ] [MainThread]:  - git [[32mOK found[0m]

[0m15:00:30.114446 [info ] [MainThread]: Connection:
[0m15:00:30.115447 [info ] [MainThread]:   account: WQVQPDM-NV38719.snowflakecomputing.com
[0m15:00:30.117446 [info ] [MainThread]:   user: CRAFTSOFT
[0m15:00:30.118447 [info ] [MainThread]:   database: ecommerce_db
[0m15:00:30.119446 [info ] [MainThread]:   warehouse: COMPUTE_WH
[0m15:00:30.120445 [info ] [MainThread]:   role: ACCOUNTADMIN
[0m15:00:30.120445 [info ] [MainThread]:   schema: staging
[0m15:00:30.122560 [info ] [MainThread]:   authenticator: None
[0m15:00:30.123562 [info ] [MainThread]:   oauth_client_id: None
[0m15:00:30.125730 [info ] [MainThread]:   query_tag: None
[0m15:00:30.127203 [info ] [MainThread]:   client_session_keep_alive: False
[0m15:00:30.129212 [info ] [MainThread]:   host: None
[0m15:00:30.130215 [info ] [MainThread]:   port: None
[0m15:00:30.130215 [info ] [MainThread]:   proxy_host: None
[0m15:00:30.131212 [info ] [MainThread]:   proxy_port: None
[0m15:00:30.132212 [info ] [MainThread]:   protocol: None
[0m15:00:30.132212 [info ] [MainThread]:   connect_retries: 1
[0m15:00:30.132212 [info ] [MainThread]:   connect_timeout: None
[0m15:00:30.133862 [info ] [MainThread]:   retry_on_database_errors: False
[0m15:00:30.134873 [info ] [MainThread]:   retry_all: False
[0m15:00:30.135872 [info ] [MainThread]:   insecure_mode: False
[0m15:00:30.136872 [info ] [MainThread]:   reuse_connections: True
[0m15:00:30.136872 [info ] [MainThread]:   s3_stage_vpce_dns_name: None
[0m15:00:30.138283 [info ] [MainThread]:   platform_detection_timeout_seconds: 0.0
[0m15:00:30.139410 [info ] [MainThread]: Registered adapter: snowflake=1.11.6
[0m15:00:30.621147 [debug] [MainThread]: Acquiring new snowflake connection 'debug'
[0m15:00:30.716067 [debug] [MainThread]: Using snowflake connection "debug"
[0m15:00:30.719185 [debug] [MainThread]: On debug: select 1 as id
[0m15:00:30.719185 [debug] [MainThread]: Opening a new connection, currently in state init
[0m15:01:16.647559 [debug] [MainThread]: Snowflake adapter: Error running SQL: select 1 as id
[0m15:01:16.647559 [debug] [MainThread]: Snowflake adapter: Rolling back transaction.
[0m15:01:16.649573 [info ] [MainThread]:   Connection test: [[31mERROR[0m]

[0m15:01:16.651586 [info ] [MainThread]: [31m1 check failed:[0m
[0m15:01:16.651586 [info ] [MainThread]: dbt was unable to connect to the specified database.
The database returned the following error:

  >Database Error
  250001: Could not connect to Snowflake backend after 2 attempt(s).Aborting

Check your database credentials and try again. For more information, visit:
https://docs.getdbt.com/docs/configure-your-profile


[0m15:01:16.654639 [debug] [MainThread]: Command `dbt debug` failed at 15:01:16.654639 after 47.98 seconds
[0m15:01:16.656190 [debug] [MainThread]: Connection 'debug' was left open.
[0m15:01:16.657261 [debug] [MainThread]: On debug: No close available on handle
[0m15:01:16.658261 [debug] [MainThread]: Flushing usage events
