[2026-07-05T21:53:23.331+0000] {manager.py:483} INFO - Processing files using up to 2 processes at a time 
[2026-07-05T21:53:23.339+0000] {manager.py:484} INFO - Process each file at most once every 30 seconds
[2026-07-05T21:53:23.342+0000] {manager.py:485} INFO - Checking for new files in /opt/airflow/dags every 300 seconds
[2026-07-05T21:53:23.346+0000] {manager.py:821} INFO - Searching for files in /opt/airflow/dags
[2026-07-05T21:53:23.622+0000] {manager.py:824} INFO - There are 1 files in /opt/airflow/dags
[2026-07-05T21:53:24.247+0000] {manager.py:997} INFO - 
================================================================================
DAG File Processing Stats

File Path                                  PID  Runtime      # DAGs    # Errors  Last Runtime    Last Run      Last # of DB Queries
---------------------------------------  -----  ---------  --------  ----------  --------------  ----------  ----------------------
/opt/airflow/dags/ecommerce_pipeline.py    171  0.26s             0           0                                                   0
================================================================================
[2026-07-05T21:53:54.852+0000] {manager.py:997} INFO - 
================================================================================
DAG File Processing Stats

File Path                                PID    Runtime      # DAGs    # Errors  Last Runtime    Last Run               Last # of DB Queries
---------------------------------------  -----  ---------  --------  ----------  --------------  -------------------  ----------------------
/opt/airflow/dags/ecommerce_pipeline.py                           1           0  2.46s           2026-07-05T21:53:26                      45
================================================================================
[2026-07-05T21:54:25.517+0000] {manager.py:997} INFO - 
================================================================================
DAG File Processing Stats

File Path                                PID    Runtime      # DAGs    # Errors  Last Runtime    Last Run               Last # of DB Queries
---------------------------------------  -----  ---------  --------  ----------  --------------  -------------------  ----------------------
/opt/airflow/dags/ecommerce_pipeline.py                           1           0  2.15s           2026-07-05T21:53:59                      12
================================================================================
[2026-07-05T21:54:56.079+0000] {manager.py:997} INFO - 
================================================================================
DAG File Processing Stats

File Path                                PID    Runtime      # DAGs    # Errors  Last Runtime    Last Run               Last # of DB Queries
---------------------------------------  -----  ---------  --------  ----------  --------------  -------------------  ----------------------
/opt/airflow/dags/ecommerce_pipeline.py                           1           0  1.13s           2026-07-05T21:54:30                      12
================================================================================
[2026-07-05T21:55:26.569+0000] {manager.py:997} INFO - 
================================================================================
DAG File Processing Stats

File Path                                PID    Runtime      # DAGs    # Errors  Last Runtime    Last Run               Last # of DB Queries
---------------------------------------  -----  ---------  --------  ----------  --------------  -------------------  ----------------------
/opt/airflow/dags/ecommerce_pipeline.py                           1           0  1.13s           2026-07-05T21:55:02                      12
================================================================================
[2026-07-05T21:55:56.891+0000] {manager.py:997} INFO - 
================================================================================
DAG File Processing Stats

File Path                                PID    Runtime      # DAGs    # Errors  Last Runtime    Last Run               Last # of DB Queries
---------------------------------------  -----  ---------  --------  ----------  --------------  -------------------  ----------------------
/opt/airflow/dags/ecommerce_pipeline.py                           1           0  0.91s           2026-07-05T21:55:33                      12
================================================================================
[2026-07-05T21:56:27.348+0000] {manager.py:997} INFO - 
================================================================================
DAG File Processing Stats

File Path                                PID    Runtime      # DAGs    # Errors  Last Runtime    Last Run               Last # of DB Queries
---------------------------------------  -----  ---------  --------  ----------  --------------  -------------------  ----------------------
/opt/airflow/dags/ecommerce_pipeline.py                           1           0  0.46s           2026-07-05T21:56:04                      12
================================================================================
[2026-07-05T21:56:57.419+0000] {manager.py:997} INFO - 
================================================================================
DAG File Processing Stats

File Path                                PID    Runtime      # DAGs    # Errors  Last Runtime    Last Run               Last # of DB Queries
---------------------------------------  -----  ---------  --------  ----------  --------------  -------------------  ----------------------
/opt/airflow/dags/ecommerce_pipeline.py                           1           0  0.38s           2026-07-05T21:56:35                      12
================================================================================
[2026-07-05T21:57:27.799+0000] {manager.py:997} INFO - 
================================================================================
DAG File Processing Stats

File Path                                PID    Runtime      # DAGs    # Errors  Last Runtime    Last Run               Last # of DB Queries
---------------------------------------  -----  ---------  --------  ----------  --------------  -------------------  ----------------------
/opt/airflow/dags/ecommerce_pipeline.py                           1           0  0.27s           2026-07-05T21:57:05                      12
================================================================================
[2026-07-05T21:57:57.882+0000] {manager.py:997} INFO - 
================================================================================
DAG File Processing Stats

File Path                                PID    Runtime      # DAGs    # Errors  Last Runtime    Last Run               Last # of DB Queries
---------------------------------------  -----  ---------  --------  ----------  --------------  -------------------  ----------------------
/opt/airflow/dags/ecommerce_pipeline.py                           1           0  3.24s           2026-07-05T21:57:57                      34
================================================================================
[2026-07-05T21:58:24.061+0000] {manager.py:821} INFO - Searching for files in /opt/airflow/dags
[2026-07-05T21:58:24.162+0000] {manager.py:824} INFO - There are 1 files in /opt/airflow/dags
[2026-07-05T21:58:28.420+0000] {manager.py:997} INFO - 
================================================================================
DAG File Processing Stats

File Path                                  PID  Runtime      # DAGs    # Errors  Last Runtime    Last Run               Last # of DB Queries
---------------------------------------  -----  ---------  --------  ----------  --------------  -------------------  ----------------------
/opt/airflow/dags/ecommerce_pipeline.py    312  0.02s             1           0  3.24s           2026-07-05T21:57:57                      34
================================================================================
[2026-07-05T21:58:58.996+0000] {manager.py:997} INFO - 
================================================================================
DAG File Processing Stats

File Path                                PID    Runtime      # DAGs    # Errors  Last Runtime    Last Run               Last # of DB Queries
---------------------------------------  -----  ---------  --------  ----------  --------------  -------------------  ----------------------
/opt/airflow/dags/ecommerce_pipeline.py                           1           0  1.15s           2026-07-05T21:58:29                      12
================================================================================
[2026-07-05T21:59:29.264+0000] {manager.py:997} INFO - 
================================================================================
DAG File Processing Stats

File Path                                PID    Runtime      # DAGs    # Errors  Last Runtime    Last Run               Last # of DB Queries
---------------------------------------  -----  ---------  --------  ----------  --------------  -------------------  ----------------------
/opt/airflow/dags/ecommerce_pipeline.py                           1           0  5.02s           2026-07-05T21:59:05                      12
================================================================================
[2026-07-05T21:59:59.764+0000] {manager.py:997} INFO - 
================================================================================
DAG File Processing Stats

File Path                                PID    Runtime      # DAGs    # Errors  Last Runtime    Last Run               Last # of DB Queries
---------------------------------------  -----  ---------  --------  ----------  --------------  -------------------  ----------------------
/opt/airflow/dags/ecommerce_pipeline.py                           1           0  2.71s           2026-07-05T21:59:38                      34
================================================================================
[2026-07-05T22:00:29.957+0000] {manager.py:997} INFO - 
================================================================================
DAG File Processing Stats

File Path                                PID    Runtime      # DAGs    # Errors  Last Runtime    Last Run               Last # of DB Queries
---------------------------------------  -----  ---------  --------  ----------  --------------  -------------------  ----------------------
/opt/airflow/dags/ecommerce_pipeline.py                           1           0  1.65s           2026-07-05T22:00:10                      12
================================================================================
[2026-07-05T22:01:00.527+0000] {manager.py:997} INFO - 
================================================================================
DAG File Processing Stats

File Path                                PID    Runtime      # DAGs    # Errors  Last Runtime    Last Run               Last # of DB Queries
---------------------------------------  -----  ---------  --------  ----------  --------------  -------------------  ----------------------
/opt/airflow/dags/ecommerce_pipeline.py                           1           0  1.47s           2026-07-05T22:00:42                      12
================================================================================
[2026-07-05T22:01:31.175+0000] {manager.py:997} INFO - 
================================================================================
DAG File Processing Stats

File Path                                PID    Runtime      # DAGs    # Errors  Last Runtime    Last Run               Last # of DB Queries
---------------------------------------  -----  ---------  --------  ----------  --------------  -------------------  ----------------------
/opt/airflow/dags/ecommerce_pipeline.py                           1           0  0.41s           2026-07-05T22:01:13                      12
================================================================================
[2026-07-05T22:02:01.811+0000] {manager.py:997} INFO - 
================================================================================
DAG File Processing Stats

File Path                                PID    Runtime      # DAGs    # Errors  Last Runtime    Last Run               Last # of DB Queries
---------------------------------------  -----  ---------  --------  ----------  --------------  -------------------  ----------------------
/opt/airflow/dags/ecommerce_pipeline.py                           1           0  0.19s           2026-07-05T22:01:43                      12
================================================================================
[2026-07-05T22:02:31.917+0000] {manager.py:997} INFO - 
================================================================================
DAG File Processing Stats

File Path                                PID    Runtime      # DAGs    # Errors  Last Runtime    Last Run               Last # of DB Queries
---------------------------------------  -----  ---------  --------  ----------  --------------  -------------------  ----------------------
/opt/airflow/dags/ecommerce_pipeline.py                           1           0  6.33s           2026-07-05T22:02:20                      12
================================================================================
[2026-07-05T22:03:02.154+0000] {manager.py:997} INFO - 
================================================================================
DAG File Processing Stats

File Path                                PID    Runtime      # DAGs    # Errors  Last Runtime    Last Run               Last # of DB Queries
---------------------------------------  -----  ---------  --------  ----------  --------------  -------------------  ----------------------
/opt/airflow/dags/ecommerce_pipeline.py                           1           0  0.83s           2026-07-05T22:02:52                      12
================================================================================
[2026-07-05T22:03:24.458+0000] {manager.py:821} INFO - Searching for files in /opt/airflow/dags
[2026-07-05T22:03:24.510+0000] {manager.py:824} INFO - There are 1 files in /opt/airflow/dags
[2026-07-05T22:03:32.662+0000] {manager.py:997} INFO - 
================================================================================
DAG File Processing Stats

File Path                                PID    Runtime      # DAGs    # Errors  Last Runtime    Last Run               Last # of DB Queries
---------------------------------------  -----  ---------  --------  ----------  --------------  -------------------  ----------------------
/opt/airflow/dags/ecommerce_pipeline.py                           1           0  1.16s           2026-07-05T22:03:23                      12
================================================================================
[2026-07-05T22:04:03.308+0000] {manager.py:997} INFO - 
================================================================================
DAG File Processing Stats

File Path                                PID    Runtime      # DAGs    # Errors  Last Runtime    Last Run               Last # of DB Queries
---------------------------------------  -----  ---------  --------  ----------  --------------  -------------------  ----------------------
/opt/airflow/dags/ecommerce_pipeline.py                           1           0  1.27s           2026-07-05T22:03:55                      12
================================================================================
[2026-07-05T22:04:34.088+0000] {manager.py:997} INFO - 
================================================================================
DAG File Processing Stats

File Path                                PID    Runtime      # DAGs    # Errors  Last Runtime    Last Run               Last # of DB Queries
---------------------------------------  -----  ---------  --------  ----------  --------------  -------------------  ----------------------
/opt/airflow/dags/ecommerce_pipeline.py                           1           0  5.31s           2026-07-05T22:04:31                      12
================================================================================
[2026-07-05T22:05:04.242+0000] {manager.py:997} INFO - 
================================================================================
DAG File Processing Stats

File Path                                PID    Runtime      # DAGs    # Errors  Last Runtime    Last Run               Last # of DB Queries
---------------------------------------  -----  ---------  --------  ----------  --------------  -------------------  ----------------------
/opt/airflow/dags/ecommerce_pipeline.py                           1           0  0.76s           2026-07-05T22:05:02                      12
================================================================================
[2026-07-05T22:05:34.933+0000] {manager.py:997} INFO - 
================================================================================
DAG File Processing Stats

File Path                                PID    Runtime      # DAGs    # Errors  Last Runtime    Last Run               Last # of DB Queries
---------------------------------------  -----  ---------  --------  ----------  --------------  -------------------  ----------------------
/opt/airflow/dags/ecommerce_pipeline.py                           1           0  1.53s           2026-07-05T22:05:34                      12
================================================================================
[2026-07-05T22:06:05.231+0000] {manager.py:997} INFO - 
================================================================================
DAG File Processing Stats

File Path                                  PID  Runtime      # DAGs    # Errors  Last Runtime    Last Run               Last # of DB Queries
---------------------------------------  -----  ---------  --------  ----------  --------------  -------------------  ----------------------
/opt/airflow/dags/ecommerce_pipeline.py    594  0.49s             1           0  1.53s           2026-07-05T22:05:34                      12
================================================================================
[2026-07-05T22:06:35.685+0000] {manager.py:997} INFO - 
================================================================================
DAG File Processing Stats

File Path                                PID    Runtime      # DAGs    # Errors  Last Runtime    Last Run               Last # of DB Queries
---------------------------------------  -----  ---------  --------  ----------  --------------  -------------------  ----------------------
/opt/airflow/dags/ecommerce_pipeline.py                           1           0  4.66s           2026-07-05T22:06:09                      12
================================================================================
[2026-07-05T22:07:06.415+0000] {manager.py:997} INFO - 
================================================================================
DAG File Processing Stats

File Path                                PID    Runtime      # DAGs    # Errors  Last Runtime    Last Run               Last # of DB Queries
---------------------------------------  -----  ---------  --------  ----------  --------------  -------------------  ----------------------
/opt/airflow/dags/ecommerce_pipeline.py                           1           0  0.38s           2026-07-05T22:06:40                      12
================================================================================
[2026-07-05T22:07:36.990+0000] {manager.py:997} INFO - 
================================================================================
DAG File Processing Stats

File Path                                PID    Runtime      # DAGs    # Errors  Last Runtime    Last Run               Last # of DB Queries
---------------------------------------  -----  ---------  --------  ----------  --------------  -------------------  ----------------------
/opt/airflow/dags/ecommerce_pipeline.py                           1           0  0.49s           2026-07-05T22:07:10                      12
================================================================================
[2026-07-05T22:08:07.162+0000] {manager.py:997} INFO - 
================================================================================
DAG File Processing Stats

File Path                                PID    Runtime      # DAGs    # Errors  Last Runtime    Last Run               Last # of DB Queries
---------------------------------------  -----  ---------  --------  ----------  --------------  -------------------  ----------------------
/opt/airflow/dags/ecommerce_pipeline.py                           1           0  0.80s           2026-07-05T22:07:41                      12
================================================================================
[2026-07-05T22:08:24.846+0000] {manager.py:821} INFO - Searching for files in /opt/airflow/dags
[2026-07-05T22:08:24.913+0000] {manager.py:824} INFO - There are 1 files in /opt/airflow/dags
[2026-07-05T22:08:37.582+0000] {manager.py:997} INFO - 
================================================================================
DAG File Processing Stats

File Path                                PID    Runtime      # DAGs    # Errors  Last Runtime    Last Run               Last # of DB Queries
---------------------------------------  -----  ---------  --------  ----------  --------------  -------------------  ----------------------
/opt/airflow/dags/ecommerce_pipeline.py                           1           0  0.44s           2026-07-05T22:08:12                      12
================================================================================
[2026-07-05T22:09:07.890+0000] {manager.py:997} INFO - 
================================================================================
DAG File Processing Stats

File Path                                PID    Runtime      # DAGs    # Errors  Last Runtime    Last Run               Last # of DB Queries
---------------------------------------  -----  ---------  --------  ----------  --------------  -------------------  ----------------------
/opt/airflow/dags/ecommerce_pipeline.py                           1           0  0.43s           2026-07-05T22:08:43                      12
================================================================================
[2026-07-05T22:09:38.341+0000] {manager.py:997} INFO - 
================================================================================
DAG File Processing Stats

File Path                                PID    Runtime      # DAGs    # Errors  Last Runtime    Last Run               Last # of DB Queries
---------------------------------------  -----  ---------  --------  ----------  --------------  -------------------  ----------------------
/opt/airflow/dags/ecommerce_pipeline.py                           1           0  0.31s           2026-07-05T22:09:14                      12
================================================================================
[2026-07-05T22:10:08.745+0000] {manager.py:997} INFO - 
================================================================================
DAG File Processing Stats

File Path                                PID    Runtime      # DAGs    # Errors  Last Runtime    Last Run               Last # of DB Queries
---------------------------------------  -----  ---------  --------  ----------  --------------  -------------------  ----------------------
/opt/airflow/dags/ecommerce_pipeline.py                           1           0  0.25s           2026-07-05T22:09:44                      12
================================================================================
[2026-07-05T22:10:39.375+0000] {manager.py:997} INFO - 
================================================================================
DAG File Processing Stats

File Path                                PID    Runtime      # DAGs    # Errors  Last Runtime    Last Run               Last # of DB Queries
---------------------------------------  -----  ---------  --------  ----------  --------------  -------------------  ----------------------
/opt/airflow/dags/ecommerce_pipeline.py                           1           0  0.32s           2026-07-05T22:10:15                      12
================================================================================
[2026-07-05T22:11:09.849+0000] {manager.py:997} INFO - 
================================================================================
DAG File Processing Stats

File Path                                PID    Runtime      # DAGs    # Errors  Last Runtime    Last Run               Last # of DB Queries
---------------------------------------  -----  ---------  --------  ----------  --------------  -------------------  ----------------------
/opt/airflow/dags/ecommerce_pipeline.py                           1           0  0.28s           2026-07-05T22:10:45                      12
================================================================================
[2026-07-05T22:11:40.409+0000] {manager.py:997} INFO - 
================================================================================
DAG File Processing Stats

File Path                                PID    Runtime      # DAGs    # Errors  Last Runtime    Last Run               Last # of DB Queries
---------------------------------------  -----  ---------  --------  ----------  --------------  -------------------  ----------------------
/opt/airflow/dags/ecommerce_pipeline.py                           1           0  0.21s           2026-07-05T22:11:16                      12
================================================================================
[2026-07-05T22:12:10.838+0000] {manager.py:997} INFO - 
================================================================================
DAG File Processing Stats

File Path                                PID    Runtime      # DAGs    # Errors  Last Runtime    Last Run               Last # of DB Queries
---------------------------------------  -----  ---------  --------  ----------  --------------  -------------------  ----------------------
/opt/airflow/dags/ecommerce_pipeline.py                           1           0  0.29s           2026-07-05T22:11:46                      12
================================================================================
[2026-07-05T22:12:41.420+0000] {manager.py:997} INFO - 
================================================================================
DAG File Processing Stats

File Path                                PID    Runtime      # DAGs    # Errors  Last Runtime    Last Run               Last # of DB Queries
---------------------------------------  -----  ---------  --------  ----------  --------------  -------------------  ----------------------
/opt/airflow/dags/ecommerce_pipeline.py                           1           0  0.22s           2026-07-05T22:12:17                      12
================================================================================
[2026-07-05T22:13:11.913+0000] {manager.py:997} INFO - 
================================================================================
DAG File Processing Stats

File Path                                PID    Runtime      # DAGs    # Errors  Last Runtime    Last Run               Last # of DB Queries
---------------------------------------  -----  ---------  --------  ----------  --------------  -------------------  ----------------------
/opt/airflow/dags/ecommerce_pipeline.py                           1           0  0.30s           2026-07-05T22:12:47                      12
================================================================================
[2026-07-05T22:13:25.278+0000] {manager.py:821} INFO - Searching for files in /opt/airflow/dags
[2026-07-05T22:13:25.328+0000] {manager.py:824} INFO - There are 1 files in /opt/airflow/dags
[2026-07-05T22:13:42.581+0000] {manager.py:997} INFO - 
================================================================================
DAG File Processing Stats

File Path                                PID    Runtime      # DAGs    # Errors  Last Runtime    Last Run               Last # of DB Queries
---------------------------------------  -----  ---------  --------  ----------  --------------  -------------------  ----------------------
/opt/airflow/dags/ecommerce_pipeline.py                           1           0  0.33s           2026-07-05T22:13:18                      12
================================================================================
[2026-07-05T22:14:12.995+0000] {manager.py:997} INFO - 
================================================================================
DAG File Processing Stats

File Path                                PID    Runtime      # DAGs    # Errors  Last Runtime    Last Run               Last # of DB Queries
---------------------------------------  -----  ---------  --------  ----------  --------------  -------------------  ----------------------
/opt/airflow/dags/ecommerce_pipeline.py                           1           0  0.35s           2026-07-05T22:13:49                      12
================================================================================
[2026-07-05T22:14:43.434+0000] {manager.py:997} INFO - 
================================================================================
DAG File Processing Stats

File Path                                PID    Runtime      # DAGs    # Errors  Last Runtime    Last Run               Last # of DB Queries
---------------------------------------  -----  ---------  --------  ----------  --------------  -------------------  ----------------------
/opt/airflow/dags/ecommerce_pipeline.py                           1           0  0.27s           2026-07-05T22:14:19                      12
================================================================================
[2026-07-05T22:15:14.092+0000] {manager.py:997} INFO - 
================================================================================
DAG File Processing Stats

File Path                                PID    Runtime      # DAGs    # Errors  Last Runtime    Last Run               Last # of DB Queries
---------------------------------------  -----  ---------  --------  ----------  --------------  -------------------  ----------------------
/opt/airflow/dags/ecommerce_pipeline.py                           1           0  0.33s           2026-07-05T22:14:49                      12
================================================================================
[2026-07-05T22:15:44.554+0000] {manager.py:997} INFO - 
================================================================================
DAG File Processing Stats

File Path                                PID    Runtime      # DAGs    # Errors  Last Runtime    Last Run               Last # of DB Queries
---------------------------------------  -----  ---------  --------  ----------  --------------  -------------------  ----------------------
/opt/airflow/dags/ecommerce_pipeline.py                           1           0  0.21s           2026-07-05T22:15:20                      12
================================================================================
[2026-07-05T22:16:15.050+0000] {manager.py:997} INFO - 
================================================================================
DAG File Processing Stats

File Path                                PID    Runtime      # DAGs    # Errors  Last Runtime    Last Run               Last # of DB Queries
---------------------------------------  -----  ---------  --------  ----------  --------------  -------------------  ----------------------
/opt/airflow/dags/ecommerce_pipeline.py                           1           0  0.27s           2026-07-05T22:15:50                      12
================================================================================
[2026-07-05T22:16:45.609+0000] {manager.py:997} INFO - 
================================================================================
DAG File Processing Stats

File Path                                PID    Runtime      # DAGs    # Errors  Last Runtime    Last Run               Last # of DB Queries
---------------------------------------  -----  ---------  --------  ----------  --------------  -------------------  ----------------------
/opt/airflow/dags/ecommerce_pipeline.py                           1           0  0.22s           2026-07-05T22:16:21                      12
================================================================================
[2026-07-05T22:17:16.100+0000] {manager.py:997} INFO - 
================================================================================
DAG File Processing Stats

File Path                                PID    Runtime      # DAGs    # Errors  Last Runtime    Last Run               Last # of DB Queries
---------------------------------------  -----  ---------  --------  ----------  --------------  -------------------  ----------------------
/opt/airflow/dags/ecommerce_pipeline.py                           1           0  0.30s           2026-07-05T22:16:52                      12
================================================================================
[2026-07-05T22:17:46.708+0000] {manager.py:997} INFO - 
================================================================================
DAG File Processing Stats

File Path                                PID    Runtime      # DAGs    # Errors  Last Runtime    Last Run               Last # of DB Queries
---------------------------------------  -----  ---------  --------  ----------  --------------  -------------------  ----------------------
/opt/airflow/dags/ecommerce_pipeline.py                           1           0  0.45s           2026-07-05T22:17:22                      12
================================================================================
[2026-07-05T22:18:17.329+0000] {manager.py:997} INFO - 
================================================================================
DAG File Processing Stats

File Path                                PID    Runtime      # DAGs    # Errors  Last Runtime    Last Run               Last # of DB Queries
---------------------------------------  -----  ---------  --------  ----------  --------------  -------------------  ----------------------
/opt/airflow/dags/ecommerce_pipeline.py                           1           0  0.39s           2026-07-05T22:17:53                      12
================================================================================
[2026-07-05T22:18:25.592+0000] {manager.py:821} INFO - Searching for files in /opt/airflow/dags
[2026-07-05T22:18:25.655+0000] {manager.py:824} INFO - There are 1 files in /opt/airflow/dags
[2026-07-05T22:18:47.969+0000] {manager.py:997} INFO - 
================================================================================
DAG File Processing Stats

File Path                                PID    Runtime      # DAGs    # Errors  Last Runtime    Last Run               Last # of DB Queries
---------------------------------------  -----  ---------  --------  ----------  --------------  -------------------  ----------------------
/opt/airflow/dags/ecommerce_pipeline.py                           1           0  0.28s           2026-07-05T22:18:23                      12
================================================================================
[2026-07-05T22:19:18.414+0000] {manager.py:997} INFO - 
================================================================================
DAG File Processing Stats

File Path                                PID    Runtime      # DAGs    # Errors  Last Runtime    Last Run               Last # of DB Queries
---------------------------------------  -----  ---------  --------  ----------  --------------  -------------------  ----------------------
/opt/airflow/dags/ecommerce_pipeline.py                           1           0  0.33s           2026-07-05T22:18:54                      12
================================================================================
[2026-07-05T22:19:49.109+0000] {manager.py:997} INFO - 
================================================================================
DAG File Processing Stats

File Path                                PID    Runtime      # DAGs    # Errors  Last Runtime    Last Run               Last # of DB Queries
---------------------------------------  -----  ---------  --------  ----------  --------------  -------------------  ----------------------
/opt/airflow/dags/ecommerce_pipeline.py                           1           0  0.33s           2026-07-05T22:19:24                      12
================================================================================
[2026-07-05T22:20:19.549+0000] {manager.py:997} INFO - 
================================================================================
DAG File Processing Stats

File Path                                PID    Runtime      # DAGs    # Errors  Last Runtime    Last Run               Last # of DB Queries
---------------------------------------  -----  ---------  --------  ----------  --------------  -------------------  ----------------------
/opt/airflow/dags/ecommerce_pipeline.py                           1           0  0.23s           2026-07-05T22:19:55                      12
================================================================================
[2026-07-05T22:20:50.142+0000] {manager.py:997} INFO - 
================================================================================
DAG File Processing Stats

File Path                                PID    Runtime      # DAGs    # Errors  Last Runtime    Last Run               Last # of DB Queries
---------------------------------------  -----  ---------  --------  ----------  --------------  -------------------  ----------------------
/opt/airflow/dags/ecommerce_pipeline.py                           1           0  0.22s           2026-07-05T22:20:25                      12
================================================================================
[2026-07-05T22:21:20.562+0000] {manager.py:997} INFO - 
================================================================================
DAG File Processing Stats

File Path                                PID    Runtime      # DAGs    # Errors  Last Runtime    Last Run               Last # of DB Queries
---------------------------------------  -----  ---------  --------  ----------  --------------  -------------------  ----------------------
/opt/airflow/dags/ecommerce_pipeline.py                           1           0  0.28s           2026-07-05T22:20:56                      12
================================================================================
[2026-07-05T22:21:50.977+0000] {manager.py:997} INFO - 
================================================================================
DAG File Processing Stats

File Path                                PID    Runtime      # DAGs    # Errors  Last Runtime    Last Run               Last # of DB Queries
---------------------------------------  -----  ---------  --------  ----------  --------------  -------------------  ----------------------
/opt/airflow/dags/ecommerce_pipeline.py                           1           0  0.21s           2026-07-05T22:21:26                      12
================================================================================
[2026-07-05T22:22:21.518+0000] {manager.py:997} INFO - 
================================================================================
DAG File Processing Stats

File Path                                PID    Runtime      # DAGs    # Errors  Last Runtime    Last Run               Last # of DB Queries
---------------------------------------  -----  ---------  --------  ----------  --------------  -------------------  ----------------------
/opt/airflow/dags/ecommerce_pipeline.py                           1           0  0.50s           2026-07-05T22:21:57                      12
================================================================================
[2026-07-05T22:22:52.296+0000] {manager.py:997} INFO - 
================================================================================
DAG File Processing Stats

File Path                                PID    Runtime      # DAGs    # Errors  Last Runtime    Last Run               Last # of DB Queries
---------------------------------------  -----  ---------  --------  ----------  --------------  -------------------  ----------------------
/opt/airflow/dags/ecommerce_pipeline.py                           1           0  0.26s           2026-07-05T22:22:28                      12
================================================================================
[2026-07-05T22:23:22.893+0000] {manager.py:997} INFO - 
================================================================================
DAG File Processing Stats

File Path                                PID    Runtime      # DAGs    # Errors  Last Runtime    Last Run               Last # of DB Queries
---------------------------------------  -----  ---------  --------  ----------  --------------  -------------------  ----------------------
/opt/airflow/dags/ecommerce_pipeline.py                           1           0  0.24s           2026-07-05T22:22:58                      12
================================================================================
[2026-07-05T22:23:25.964+0000] {manager.py:821} INFO - Searching for files in /opt/airflow/dags
[2026-07-05T22:23:26.032+0000] {manager.py:824} INFO - There are 1 files in /opt/airflow/dags
[2026-07-05T22:23:53.467+0000] {manager.py:997} INFO - 
================================================================================
DAG File Processing Stats

File Path                                PID    Runtime      # DAGs    # Errors  Last Runtime    Last Run               Last # of DB Queries
---------------------------------------  -----  ---------  --------  ----------  --------------  -------------------  ----------------------
/opt/airflow/dags/ecommerce_pipeline.py                           1           0  0.25s           2026-07-05T22:23:29                      12
================================================================================
[2026-07-05T22:24:24.036+0000] {manager.py:997} INFO - 
================================================================================
DAG File Processing Stats

File Path                                PID    Runtime      # DAGs    # Errors  Last Runtime    Last Run               Last # of DB Queries
---------------------------------------  -----  ---------  --------  ----------  --------------  -------------------  ----------------------
/opt/airflow/dags/ecommerce_pipeline.py                           1           0  0.33s           2026-07-05T22:23:59                      12
================================================================================
[2026-07-05T22:24:54.546+0000] {manager.py:997} INFO - 
================================================================================
DAG File Processing Stats

File Path                                PID    Runtime      # DAGs    # Errors  Last Runtime    Last Run               Last # of DB Queries
---------------------------------------  -----  ---------  --------  ----------  --------------  -------------------  ----------------------
/opt/airflow/dags/ecommerce_pipeline.py                           1           0  0.27s           2026-07-05T22:24:30                      12
================================================================================
[2026-07-05T22:25:25.151+0000] {manager.py:997} INFO - 
================================================================================
DAG File Processing Stats

File Path                                PID    Runtime      # DAGs    # Errors  Last Runtime    Last Run               Last # of DB Queries
---------------------------------------  -----  ---------  --------  ----------  --------------  -------------------  ----------------------
/opt/airflow/dags/ecommerce_pipeline.py                           1           0  0.30s           2026-07-05T22:25:00                      12
================================================================================
[2026-07-05T22:25:55.686+0000] {manager.py:997} INFO - 
================================================================================
DAG File Processing Stats

File Path                                PID    Runtime      # DAGs    # Errors  Last Runtime    Last Run               Last # of DB Queries
---------------------------------------  -----  ---------  --------  ----------  --------------  -------------------  ----------------------
/opt/airflow/dags/ecommerce_pipeline.py                           1           0  0.40s           2026-07-05T22:25:31                      12
================================================================================
[2026-07-05T22:26:26.330+0000] {manager.py:997} INFO - 
================================================================================
DAG File Processing Stats

File Path                                PID    Runtime      # DAGs    # Errors  Last Runtime    Last Run               Last # of DB Queries
---------------------------------------  -----  ---------  --------  ----------  --------------  -------------------  ----------------------
/opt/airflow/dags/ecommerce_pipeline.py                           1           0  0.25s           2026-07-05T22:26:02                      12
================================================================================
[2026-07-05T22:26:56.775+0000] {manager.py:997} INFO - 
================================================================================
DAG File Processing Stats

File Path                                PID    Runtime      # DAGs    # Errors  Last Runtime    Last Run               Last # of DB Queries
---------------------------------------  -----  ---------  --------  ----------  --------------  -------------------  ----------------------
/opt/airflow/dags/ecommerce_pipeline.py                           1           0  0.26s           2026-07-05T22:26:32                      12
================================================================================
[2026-07-05T22:27:27.343+0000] {manager.py:997} INFO - 
================================================================================
DAG File Processing Stats

File Path                                PID    Runtime      # DAGs    # Errors  Last Runtime    Last Run               Last # of DB Queries
---------------------------------------  -----  ---------  --------  ----------  --------------  -------------------  ----------------------
/opt/airflow/dags/ecommerce_pipeline.py                           1           0  0.19s           2026-07-05T22:27:03                      12
================================================================================
[2026-07-05T22:27:57.785+0000] {manager.py:997} INFO - 
================================================================================
DAG File Processing Stats

File Path                                PID    Runtime      # DAGs    # Errors  Last Runtime    Last Run               Last # of DB Queries
---------------------------------------  -----  ---------  --------  ----------  --------------  -------------------  ----------------------
/opt/airflow/dags/ecommerce_pipeline.py                           1           0  0.20s           2026-07-05T22:27:33                      12
================================================================================
[2026-07-05T22:28:26.307+0000] {manager.py:821} INFO - Searching for files in /opt/airflow/dags
[2026-07-05T22:28:26.444+0000] {manager.py:824} INFO - There are 1 files in /opt/airflow/dags
[2026-07-05T22:28:28.518+0000] {manager.py:997} INFO - 
================================================================================
DAG File Processing Stats

File Path                                PID    Runtime      # DAGs    # Errors  Last Runtime    Last Run               Last # of DB Queries
---------------------------------------  -----  ---------  --------  ----------  --------------  -------------------  ----------------------
/opt/airflow/dags/ecommerce_pipeline.py                           1           0  0.21s           2026-07-05T22:28:04                      12
================================================================================
[2026-07-05T22:28:58.986+0000] {manager.py:997} INFO - 
================================================================================
DAG File Processing Stats

File Path                                PID    Runtime      # DAGs    # Errors  Last Runtime    Last Run               Last # of DB Queries
---------------------------------------  -----  ---------  --------  ----------  --------------  -------------------  ----------------------
/opt/airflow/dags/ecommerce_pipeline.py                           1           0  0.26s           2026-07-05T22:28:34                      12
================================================================================
[2026-07-05T22:29:29.733+0000] {manager.py:997} INFO - 
================================================================================
DAG File Processing Stats

File Path                                PID    Runtime      # DAGs    # Errors  Last Runtime    Last Run               Last # of DB Queries
---------------------------------------  -----  ---------  --------  ----------  --------------  -------------------  ----------------------
/opt/airflow/dags/ecommerce_pipeline.py                           1           0  3.24s           2026-07-05T22:29:08                      12
================================================================================
[2026-07-05T22:30:00.071+0000] {manager.py:997} INFO - 
================================================================================
DAG File Processing Stats

File Path                                PID    Runtime      # DAGs    # Errors  Last Runtime    Last Run               Last # of DB Queries
---------------------------------------  -----  ---------  --------  ----------  --------------  -------------------  ----------------------
/opt/airflow/dags/ecommerce_pipeline.py                           1           0  1.83s           2026-07-05T22:29:40                      12
================================================================================
[2026-07-05T22:30:30.117+0000] {manager.py:997} INFO - 
================================================================================
DAG File Processing Stats

File Path                                PID    Runtime      # DAGs    # Errors  Last Runtime    Last Run               Last # of DB Queries
---------------------------------------  -----  ---------  --------  ----------  --------------  -------------------  ----------------------
/opt/airflow/dags/ecommerce_pipeline.py                           1           0  0.60s           2026-07-05T22:30:11                      12
================================================================================
[2026-07-05T22:31:00.542+0000] {manager.py:997} INFO - 
================================================================================
DAG File Processing Stats

File Path                                PID    Runtime      # DAGs    # Errors  Last Runtime    Last Run               Last # of DB Queries
---------------------------------------  -----  ---------  --------  ----------  --------------  -------------------  ----------------------
/opt/airflow/dags/ecommerce_pipeline.py                           1           0  0.47s           2026-07-05T22:30:42                      12
================================================================================
[2026-07-05T22:31:31.312+0000] {manager.py:997} INFO - 
================================================================================
DAG File Processing Stats

File Path                                PID    Runtime      # DAGs    # Errors  Last Runtime    Last Run               Last # of DB Queries
---------------------------------------  -----  ---------  --------  ----------  --------------  -------------------  ----------------------
/opt/airflow/dags/ecommerce_pipeline.py                           1           0  0.47s           2026-07-05T22:31:13                      12
================================================================================
[2026-07-05T22:32:01.531+0000] {manager.py:997} INFO - 
================================================================================
DAG File Processing Stats

File Path                                PID    Runtime      # DAGs    # Errors  Last Runtime    Last Run               Last # of DB Queries
---------------------------------------  -----  ---------  --------  ----------  --------------  -------------------  ----------------------
/opt/airflow/dags/ecommerce_pipeline.py                           1           0  0.74s           2026-07-05T22:31:44                      12
================================================================================
[2026-07-05T22:32:31.975+0000] {manager.py:997} INFO - 
================================================================================
DAG File Processing Stats

File Path                                PID    Runtime      # DAGs    # Errors  Last Runtime    Last Run               Last # of DB Queries
---------------------------------------  -----  ---------  --------  ----------  --------------  -------------------  ----------------------
/opt/airflow/dags/ecommerce_pipeline.py                           1           0  0.97s           2026-07-05T22:32:15                      12
================================================================================
[2026-07-05T22:33:02.797+0000] {manager.py:997} INFO - 
================================================================================
DAG File Processing Stats

File Path                                PID    Runtime      # DAGs    # Errors  Last Runtime    Last Run               Last # of DB Queries
---------------------------------------  -----  ---------  --------  ----------  --------------  -------------------  ----------------------
/opt/airflow/dags/ecommerce_pipeline.py                           1           0  0.37s           2026-07-05T22:32:46                      12
================================================================================
[2026-07-05T22:33:26.447+0000] {manager.py:821} INFO - Searching for files in /opt/airflow/dags
[2026-07-05T22:33:26.589+0000] {manager.py:824} INFO - There are 1 files in /opt/airflow/dags
[2026-07-05T22:33:33.307+0000] {manager.py:997} INFO - 
================================================================================
DAG File Processing Stats

File Path                                PID    Runtime      # DAGs    # Errors  Last Runtime    Last Run               Last # of DB Queries
---------------------------------------  -----  ---------  --------  ----------  --------------  -------------------  ----------------------
/opt/airflow/dags/ecommerce_pipeline.py                           1           0  0.32s           2026-07-05T22:33:17                      12
================================================================================
[2026-07-05T22:34:03.475+0000] {manager.py:997} INFO - 
================================================================================
DAG File Processing Stats

File Path                                PID    Runtime      # DAGs    # Errors  Last Runtime    Last Run               Last # of DB Queries
---------------------------------------  -----  ---------  --------  ----------  --------------  -------------------  ----------------------
/opt/airflow/dags/ecommerce_pipeline.py                           1           0  0.72s           2026-07-05T22:33:48                      12
================================================================================
[2026-07-05T22:34:33.867+0000] {manager.py:997} INFO - 
================================================================================
DAG File Processing Stats

File Path                                PID    Runtime      # DAGs    # Errors  Last Runtime    Last Run               Last # of DB Queries
---------------------------------------  -----  ---------  --------  ----------  --------------  -------------------  ----------------------
/opt/airflow/dags/ecommerce_pipeline.py                           1           0  0.61s           2026-07-05T22:34:18                      12
================================================================================
[2026-07-05T22:35:04.546+0000] {manager.py:997} INFO - 
================================================================================
DAG File Processing Stats

File Path                                PID    Runtime      # DAGs    # Errors  Last Runtime    Last Run               Last # of DB Queries
---------------------------------------  -----  ---------  --------  ----------  --------------  -------------------  ----------------------
/opt/airflow/dags/ecommerce_pipeline.py                           1           0  0.47s           2026-07-05T22:34:49                      12
================================================================================
[2026-07-05T22:35:34.571+0000] {manager.py:997} INFO - 
================================================================================
DAG File Processing Stats

File Path                                PID    Runtime      # DAGs    # Errors  Last Runtime    Last Run               Last # of DB Queries
---------------------------------------  -----  ---------  --------  ----------  --------------  -------------------  ----------------------
/opt/airflow/dags/ecommerce_pipeline.py                           1           0  5.28s           2026-07-05T22:35:25                      12
================================================================================
[2026-07-05T22:36:04.609+0000] {manager.py:997} INFO - 
================================================================================
DAG File Processing Stats

File Path                                PID    Runtime      # DAGs    # Errors  Last Runtime    Last Run               Last # of DB Queries
---------------------------------------  -----  ---------  --------  ----------  --------------  -------------------  ----------------------
/opt/airflow/dags/ecommerce_pipeline.py                           1           0  0.77s           2026-07-05T22:35:56                      12
================================================================================
[2026-07-05T22:36:35.286+0000] {manager.py:997} INFO - 
================================================================================
DAG File Processing Stats

File Path                                PID    Runtime      # DAGs    # Errors  Last Runtime    Last Run               Last # of DB Queries
---------------------------------------  -----  ---------  --------  ----------  --------------  -------------------  ----------------------
/opt/airflow/dags/ecommerce_pipeline.py                           1           0  0.56s           2026-07-05T22:36:27                      12
================================================================================
[2026-07-05T22:37:05.589+0000] {manager.py:997} INFO - 
================================================================================
DAG File Processing Stats

File Path                                PID    Runtime      # DAGs    # Errors  Last Runtime    Last Run               Last # of DB Queries
---------------------------------------  -----  ---------  --------  ----------  --------------  -------------------  ----------------------
/opt/airflow/dags/ecommerce_pipeline.py                           1           0  0.89s           2026-07-05T22:36:58                      12
================================================================================
[2026-07-05T22:37:35.870+0000] {manager.py:997} INFO - 
================================================================================
DAG File Processing Stats

File Path                                PID    Runtime      # DAGs    # Errors  Last Runtime    Last Run               Last # of DB Queries
---------------------------------------  -----  ---------  --------  ----------  --------------  -------------------  ----------------------
/opt/airflow/dags/ecommerce_pipeline.py                           1           0  0.84s           2026-07-05T22:37:29                      12
================================================================================
