[2026-07-05T22:00:52.675+0000] {local_task_job_runner.py:123} INFO - ::group::Pre task execution logs
[2026-07-05T22:00:52.787+0000] {taskinstance.py:2631} INFO - Dependencies all met for dep_context=non-requeueable deps ti=<TaskInstance: ecommerce_pipeline.extract_api manual__2026-07-05T22:00:48.852364+00:00 [queued]>
[2026-07-05T22:00:52.813+0000] {taskinstance.py:2631} INFO - Dependencies all met for dep_context=requeueable deps ti=<TaskInstance: ecommerce_pipeline.extract_api manual__2026-07-05T22:00:48.852364+00:00 [queued]>
[2026-07-05T22:00:52.815+0000] {taskinstance.py:2884} INFO - Starting attempt 1 of 3
[2026-07-05T22:00:52.853+0000] {taskinstance.py:2907} INFO - Executing <Task(BashOperator): extract_api> on 2026-07-05 22:00:48.852364+00:00
[2026-07-05T22:00:52.908+0000] {standard_task_runner.py:104} INFO - Running: ['***', 'tasks', 'run', 'ecommerce_pipeline', 'extract_api', 'manual__2026-07-05T22:00:48.852364+00:00', '--job-id', '8', '--raw', '--subdir', 'DAGS_FOLDER/ecommerce_pipeline.py', '--cfg-path', '/tmp/tmph0crkwn1']
[2026-07-05T22:00:52.921+0000] {logging_mixin.py:190} WARNING - /home/***/.local/lib/python3.12/site-packages/***/task/task_runner/standard_task_runner.py:70 DeprecationWarning: This process (pid=372) is multi-threaded, use of fork() may lead to deadlocks in the child.
[2026-07-05T22:00:52.951+0000] {standard_task_runner.py:105} INFO - Job 8: Subtask extract_api
[2026-07-05T22:00:52.952+0000] {standard_task_runner.py:72} INFO - Started process 373 to run task
[2026-07-05T22:00:54.089+0000] {task_command.py:467} INFO - Running <TaskInstance: ecommerce_pipeline.extract_api manual__2026-07-05T22:00:48.852364+00:00 [running]> on host 962be2d0acf3
[2026-07-05T22:00:54.752+0000] {taskinstance.py:3157} INFO - Exporting env vars: AIRFLOW_CTX_DAG_OWNER='***' AIRFLOW_CTX_DAG_ID='ecommerce_pipeline' AIRFLOW_CTX_TASK_ID='extract_api' AIRFLOW_CTX_EXECUTION_DATE='2026-07-05T22:00:48.852364+00:00' AIRFLOW_CTX_TRY_NUMBER='1' AIRFLOW_CTX_DAG_RUN_ID='manual__2026-07-05T22:00:48.852364+00:00'
[2026-07-05T22:00:54.760+0000] {taskinstance.py:740} INFO - ::endgroup::
[2026-07-05T22:00:55.051+0000] {subprocess.py:78} INFO - Tmp dir root location: /tmp
[2026-07-05T22:00:55.101+0000] {subprocess.py:88} INFO - Running command: ['/usr/bin/bash', '-c', '\n        cd /opt/***/project &&\n        python scripts/extract.py\n        ']
[2026-07-05T22:00:55.159+0000] {subprocess.py:99} INFO - Output:
[2026-07-05T22:00:59.292+0000] {subprocess.py:106} INFO - Fetching data from Fake Store API...
[2026-07-05T22:00:59.297+0000] {subprocess.py:106} INFO - Retrieved 20 products.
[2026-07-05T22:00:59.301+0000] {subprocess.py:106} INFO - JSON saved to data/raw/products.json
[2026-07-05T22:00:59.309+0000] {subprocess.py:106} INFO - CSV saved to data/raw/products.csv
[2026-07-05T22:00:59.315+0000] {subprocess.py:106} INFO - Extraction completed successfully.
[2026-07-05T22:00:59.544+0000] {subprocess.py:110} INFO - Command exited with return code 0
[2026-07-05T22:00:59.889+0000] {taskinstance.py:349} INFO - ::group::Post task execution logs
[2026-07-05T22:00:59.894+0000] {taskinstance.py:361} INFO - Marking task as SUCCESS. dag_id=ecommerce_pipeline, task_id=extract_api, run_id=manual__2026-07-05T22:00:48.852364+00:00, execution_date=20260705T220048, start_date=20260705T220052, end_date=20260705T220059
[2026-07-05T22:01:00.191+0000] {local_task_job_runner.py:266} INFO - Task exited with return code 0
[2026-07-05T22:01:00.348+0000] {taskinstance.py:3924} INFO - 1 downstream tasks scheduled from follow-on schedule check
[2026-07-05T22:01:00.407+0000] {local_task_job_runner.py:245} INFO - ::endgroup::
