[2026-07-05T22:01:23.907+0000] {local_task_job_runner.py:123} INFO - ::group::Pre task execution logs
[2026-07-05T22:01:23.938+0000] {taskinstance.py:2631} INFO - Dependencies all met for dep_context=non-requeueable deps ti=<TaskInstance: ecommerce_pipeline.dbt_run manual__2026-07-05T22:00:48.852364+00:00 [queued]>
[2026-07-05T22:01:23.949+0000] {taskinstance.py:2631} INFO - Dependencies all met for dep_context=requeueable deps ti=<TaskInstance: ecommerce_pipeline.dbt_run manual__2026-07-05T22:00:48.852364+00:00 [queued]>
[2026-07-05T22:01:23.951+0000] {taskinstance.py:2884} INFO - Starting attempt 1 of 3
[2026-07-05T22:01:23.974+0000] {taskinstance.py:2907} INFO - Executing <Task(BashOperator): dbt_run> on 2026-07-05 22:00:48.852364+00:00
[2026-07-05T22:01:23.998+0000] {standard_task_runner.py:104} INFO - Running: ['***', 'tasks', 'run', 'ecommerce_pipeline', 'dbt_run', 'manual__2026-07-05T22:00:48.852364+00:00', '--job-id', '10', '--raw', '--subdir', 'DAGS_FOLDER/ecommerce_pipeline.py', '--cfg-path', '/tmp/tmpbgd1e_iy']
[2026-07-05T22:01:24.000+0000] {logging_mixin.py:190} WARNING - /home/***/.local/lib/python3.12/site-packages/***/task/task_runner/standard_task_runner.py:70 DeprecationWarning: This process (pid=423) is multi-threaded, use of fork() may lead to deadlocks in the child.
[2026-07-05T22:01:24.006+0000] {standard_task_runner.py:105} INFO - Job 10: Subtask dbt_run
[2026-07-05T22:01:24.008+0000] {standard_task_runner.py:72} INFO - Started process 424 to run task
[2026-07-05T22:01:24.132+0000] {task_command.py:467} INFO - Running <TaskInstance: ecommerce_pipeline.dbt_run manual__2026-07-05T22:00:48.852364+00:00 [running]> on host 962be2d0acf3
[2026-07-05T22:01:24.243+0000] {taskinstance.py:3157} INFO - Exporting env vars: AIRFLOW_CTX_DAG_OWNER='***' AIRFLOW_CTX_DAG_ID='ecommerce_pipeline' AIRFLOW_CTX_TASK_ID='dbt_run' AIRFLOW_CTX_EXECUTION_DATE='2026-07-05T22:00:48.852364+00:00' AIRFLOW_CTX_TRY_NUMBER='1' AIRFLOW_CTX_DAG_RUN_ID='manual__2026-07-05T22:00:48.852364+00:00'
[2026-07-05T22:01:24.246+0000] {taskinstance.py:740} INFO - ::endgroup::
[2026-07-05T22:01:24.264+0000] {subprocess.py:78} INFO - Tmp dir root location: /tmp
[2026-07-05T22:01:24.266+0000] {subprocess.py:88} INFO - Running command: ['/usr/bin/bash', '-c', '\n        cd /opt/***/project/dbt_project &&\n        python -c "from dotenv import load_dotenv; load_dotenv(); import os; import subprocess; subprocess.run([\'dbt\', \'run\', \'--profiles-dir\', \'.\'], env=os.environ.copy())"\n        ']
[2026-07-05T22:01:24.281+0000] {subprocess.py:99} INFO - Output:
[2026-07-05T22:01:27.333+0000] {subprocess.py:106} INFO - [0m22:01:27  Running with dbt=1.11.12
[2026-07-05T22:01:28.453+0000] {subprocess.py:106} INFO - [0m22:01:28  Registered adapter: snowflake=1.11.6
[2026-07-05T22:01:29.807+0000] {subprocess.py:106} INFO - [0m22:01:29  Encountered an error:
[2026-07-05T22:01:29.807+0000] {subprocess.py:106} INFO - 'dbt_snowflake://macros/catalog.sql'
[2026-07-05T22:01:29.810+0000] {subprocess.py:106} INFO - [0m22:01:29  Traceback (most recent call last):
[2026-07-05T22:01:29.811+0000] {subprocess.py:106} INFO -   File "/home/***/.local/lib/python3.12/site-packages/dbt/cli/requires.py", line 182, in wrapper
[2026-07-05T22:01:29.813+0000] {subprocess.py:106} INFO -     result, success = func(*args, **kwargs)
[2026-07-05T22:01:29.814+0000] {subprocess.py:106} INFO -                       ^^^^^^^^^^^^^^^^^^^^^
[2026-07-05T22:01:29.814+0000] {subprocess.py:106} INFO -   File "/home/***/.local/lib/python3.12/site-packages/dbt/cli/requires.py", line 128, in wrapper
[2026-07-05T22:01:29.817+0000] {subprocess.py:106} INFO -     return func(*args, **kwargs)
[2026-07-05T22:01:29.818+0000] {subprocess.py:106} INFO -            ^^^^^^^^^^^^^^^^^^^^^
[2026-07-05T22:01:29.819+0000] {subprocess.py:106} INFO -   File "/home/***/.local/lib/python3.12/site-packages/dbt/cli/requires.py", line 276, in wrapper
[2026-07-05T22:01:29.820+0000] {subprocess.py:106} INFO -     return func(*args, **kwargs)
[2026-07-05T22:01:29.821+0000] {subprocess.py:106} INFO -            ^^^^^^^^^^^^^^^^^^^^^
[2026-07-05T22:01:29.823+0000] {subprocess.py:106} INFO -   File "/home/***/.local/lib/python3.12/site-packages/dbt/cli/requires.py", line 321, in wrapper
[2026-07-05T22:01:29.824+0000] {subprocess.py:106} INFO -     return func(*args, **kwargs)
[2026-07-05T22:01:29.826+0000] {subprocess.py:106} INFO -            ^^^^^^^^^^^^^^^^^^^^^
[2026-07-05T22:01:29.829+0000] {subprocess.py:106} INFO -   File "/home/***/.local/lib/python3.12/site-packages/dbt/cli/requires.py", line 391, in wrapper
[2026-07-05T22:01:29.832+0000] {subprocess.py:106} INFO -     return func(*args, **kwargs)
[2026-07-05T22:01:29.834+0000] {subprocess.py:106} INFO -            ^^^^^^^^^^^^^^^^^^^^^
[2026-07-05T22:01:29.835+0000] {subprocess.py:106} INFO -   File "/home/***/.local/lib/python3.12/site-packages/dbt/cli/requires.py", line 368, in wrapper
[2026-07-05T22:01:29.837+0000] {subprocess.py:106} INFO -     return func(*args, **kwargs)
[2026-07-05T22:01:29.838+0000] {subprocess.py:106} INFO -            ^^^^^^^^^^^^^^^^^^^^^
[2026-07-05T22:01:29.839+0000] {subprocess.py:106} INFO -   File "/home/***/.local/lib/python3.12/site-packages/dbt/cli/requires.py", line 407, in wrapper
[2026-07-05T22:01:29.840+0000] {subprocess.py:106} INFO -     setup_manifest(ctx, write=write, write_perf_info=write_perf_info)
[2026-07-05T22:01:29.842+0000] {subprocess.py:106} INFO -   File "/home/***/.local/lib/python3.12/site-packages/dbt/cli/requires.py", line 434, in setup_manifest
[2026-07-05T22:01:29.843+0000] {subprocess.py:106} INFO -     ctx.obj["manifest"] = parse_manifest(
[2026-07-05T22:01:29.846+0000] {subprocess.py:106} INFO -                           ^^^^^^^^^^^^^^^
[2026-07-05T22:01:29.847+0000] {subprocess.py:106} INFO -   File "/home/***/.local/lib/python3.12/site-packages/dbt/parser/manifest.py", line 2257, in parse_manifest
[2026-07-05T22:01:29.849+0000] {subprocess.py:106} INFO -     manifest = ManifestLoader.get_full_manifest(
[2026-07-05T22:01:29.851+0000] {subprocess.py:106} INFO -                ^^^^^^^^^^^^^^^^^^^^^^^^^^^^^^^^^
[2026-07-05T22:01:29.852+0000] {subprocess.py:106} INFO -   File "/home/***/.local/lib/python3.12/site-packages/dbt/parser/manifest.py", line 323, in get_full_manifest
[2026-07-05T22:01:29.854+0000] {subprocess.py:106} INFO -     manifest = loader.load()
[2026-07-05T22:01:29.855+0000] {subprocess.py:106} INFO -                ^^^^^^^^^^^^^
[2026-07-05T22:01:29.856+0000] {subprocess.py:106} INFO -   File "/home/***/.local/lib/python3.12/site-packages/dbt/parser/manifest.py", line 392, in load
[2026-07-05T22:01:29.857+0000] {subprocess.py:106} INFO -     self.load_and_parse_macros(project_parser_files)
[2026-07-05T22:01:29.859+0000] {subprocess.py:106} INFO -   File "/home/***/.local/lib/python3.12/site-packages/dbt/parser/manifest.py", line 707, in load_and_parse_macros
[2026-07-05T22:01:29.860+0000] {subprocess.py:106} INFO -     block = FileBlock(self.manifest.files[file_id])
[2026-07-05T22:01:29.862+0000] {subprocess.py:106} INFO -                       ~~~~~~~~~~~~~~~~~~~^^^^^^^^^
[2026-07-05T22:01:29.863+0000] {subprocess.py:106} INFO - KeyError: 'dbt_snowflake://macros/catalog.sql'
[2026-07-05T22:01:29.865+0000] {subprocess.py:106} INFO - 
[2026-07-05T22:01:31.403+0000] {subprocess.py:110} INFO - Command exited with return code 0
[2026-07-05T22:01:31.441+0000] {taskinstance.py:349} INFO - ::group::Post task execution logs
[2026-07-05T22:01:31.443+0000] {taskinstance.py:361} INFO - Marking task as SUCCESS. dag_id=ecommerce_pipeline, task_id=dbt_run, run_id=manual__2026-07-05T22:00:48.852364+00:00, execution_date=20260705T220048, start_date=20260705T220123, end_date=20260705T220131
[2026-07-05T22:01:31.507+0000] {local_task_job_runner.py:266} INFO - Task exited with return code 0
[2026-07-05T22:01:31.546+0000] {taskinstance.py:3924} INFO - 1 downstream tasks scheduled from follow-on schedule check
[2026-07-05T22:01:31.550+0000] {local_task_job_runner.py:245} INFO - ::endgroup::
