[2026-07-05T21:55:50.575+0000] {local_task_job_runner.py:123} INFO - ::group::Pre task execution logs
[2026-07-05T21:55:50.614+0000] {taskinstance.py:2631} INFO - Dependencies all met for dep_context=non-requeueable deps ti=<TaskInstance: ecommerce_pipeline.dbt_run scheduled__2026-07-04T00:00:00+00:00 [queued]>
[2026-07-05T21:55:50.627+0000] {taskinstance.py:2631} INFO - Dependencies all met for dep_context=requeueable deps ti=<TaskInstance: ecommerce_pipeline.dbt_run scheduled__2026-07-04T00:00:00+00:00 [queued]>
[2026-07-05T21:55:50.629+0000] {taskinstance.py:2884} INFO - Starting attempt 1 of 3
[2026-07-05T21:55:50.652+0000] {taskinstance.py:2907} INFO - Executing <Task(BashOperator): dbt_run> on 2026-07-04 00:00:00+00:00
[2026-07-05T21:55:50.668+0000] {standard_task_runner.py:104} INFO - Running: ['***', 'tasks', 'run', 'ecommerce_pipeline', 'dbt_run', 'scheduled__2026-07-04T00:00:00+00:00', '--job-id', '4', '--raw', '--subdir', 'DAGS_FOLDER/ecommerce_pipeline.py', '--cfg-path', '/tmp/tmpt5zh2404']
[2026-07-05T21:55:50.668+0000] {logging_mixin.py:190} WARNING - /home/***/.local/lib/python3.12/site-packages/***/task/task_runner/standard_task_runner.py:70 DeprecationWarning: This process (pid=239) is multi-threaded, use of fork() may lead to deadlocks in the child.
[2026-07-05T21:55:50.673+0000] {standard_task_runner.py:105} INFO - Job 4: Subtask dbt_run
[2026-07-05T21:55:50.675+0000] {standard_task_runner.py:72} INFO - Started process 240 to run task
[2026-07-05T21:55:50.822+0000] {task_command.py:467} INFO - Running <TaskInstance: ecommerce_pipeline.dbt_run scheduled__2026-07-04T00:00:00+00:00 [running]> on host 962be2d0acf3
[2026-07-05T21:55:51.033+0000] {taskinstance.py:3157} INFO - Exporting env vars: AIRFLOW_CTX_DAG_OWNER='***' AIRFLOW_CTX_DAG_ID='ecommerce_pipeline' AIRFLOW_CTX_TASK_ID='dbt_run' AIRFLOW_CTX_EXECUTION_DATE='2026-07-04T00:00:00+00:00' AIRFLOW_CTX_TRY_NUMBER='1' AIRFLOW_CTX_DAG_RUN_ID='scheduled__2026-07-04T00:00:00+00:00'
[2026-07-05T21:55:51.038+0000] {taskinstance.py:740} INFO - ::endgroup::
[2026-07-05T21:55:51.082+0000] {subprocess.py:78} INFO - Tmp dir root location: /tmp
[2026-07-05T21:55:51.087+0000] {subprocess.py:88} INFO - Running command: ['/usr/bin/bash', '-c', '\n        cd /opt/***/project/dbt_project &&\n        dbt run --profiles-dir .\n        ']
[2026-07-05T21:55:51.109+0000] {subprocess.py:99} INFO - Output:
[2026-07-05T21:55:58.769+0000] {subprocess.py:106} INFO - [0m21:55:58  Running with dbt=1.11.12
[2026-07-05T21:56:01.782+0000] {subprocess.py:106} INFO - [0m21:56:01  Registered adapter: snowflake=1.11.6
[2026-07-05T21:56:03.717+0000] {subprocess.py:106} INFO - [0m21:56:03  Encountered an error:
[2026-07-05T21:56:03.718+0000] {subprocess.py:106} INFO - 'dbt_snowflake://macros/catalog.sql'
[2026-07-05T21:56:03.720+0000] {subprocess.py:106} INFO - [0m21:56:03  Traceback (most recent call last):
[2026-07-05T21:56:03.721+0000] {subprocess.py:106} INFO -   File "/home/***/.local/lib/python3.12/site-packages/dbt/cli/requires.py", line 182, in wrapper
[2026-07-05T21:56:03.722+0000] {subprocess.py:106} INFO -     result, success = func(*args, **kwargs)
[2026-07-05T21:56:03.723+0000] {subprocess.py:106} INFO -                       ^^^^^^^^^^^^^^^^^^^^^
[2026-07-05T21:56:03.724+0000] {subprocess.py:106} INFO -   File "/home/***/.local/lib/python3.12/site-packages/dbt/cli/requires.py", line 128, in wrapper
[2026-07-05T21:56:03.725+0000] {subprocess.py:106} INFO -     return func(*args, **kwargs)
[2026-07-05T21:56:03.726+0000] {subprocess.py:106} INFO -            ^^^^^^^^^^^^^^^^^^^^^
[2026-07-05T21:56:03.728+0000] {subprocess.py:106} INFO -   File "/home/***/.local/lib/python3.12/site-packages/dbt/cli/requires.py", line 276, in wrapper
[2026-07-05T21:56:03.729+0000] {subprocess.py:106} INFO -     return func(*args, **kwargs)
[2026-07-05T21:56:03.730+0000] {subprocess.py:106} INFO -            ^^^^^^^^^^^^^^^^^^^^^
[2026-07-05T21:56:03.732+0000] {subprocess.py:106} INFO -   File "/home/***/.local/lib/python3.12/site-packages/dbt/cli/requires.py", line 321, in wrapper
[2026-07-05T21:56:03.734+0000] {subprocess.py:106} INFO -     return func(*args, **kwargs)
[2026-07-05T21:56:03.736+0000] {subprocess.py:106} INFO -            ^^^^^^^^^^^^^^^^^^^^^
[2026-07-05T21:56:03.738+0000] {subprocess.py:106} INFO -   File "/home/***/.local/lib/python3.12/site-packages/dbt/cli/requires.py", line 391, in wrapper
[2026-07-05T21:56:03.739+0000] {subprocess.py:106} INFO -     return func(*args, **kwargs)
[2026-07-05T21:56:03.740+0000] {subprocess.py:106} INFO -            ^^^^^^^^^^^^^^^^^^^^^
[2026-07-05T21:56:03.743+0000] {subprocess.py:106} INFO -   File "/home/***/.local/lib/python3.12/site-packages/dbt/cli/requires.py", line 368, in wrapper
[2026-07-05T21:56:03.746+0000] {subprocess.py:106} INFO -     return func(*args, **kwargs)
[2026-07-05T21:56:03.748+0000] {subprocess.py:106} INFO -            ^^^^^^^^^^^^^^^^^^^^^
[2026-07-05T21:56:03.749+0000] {subprocess.py:106} INFO -   File "/home/***/.local/lib/python3.12/site-packages/dbt/cli/requires.py", line 407, in wrapper
[2026-07-05T21:56:03.751+0000] {subprocess.py:106} INFO -     setup_manifest(ctx, write=write, write_perf_info=write_perf_info)
[2026-07-05T21:56:03.752+0000] {subprocess.py:106} INFO -   File "/home/***/.local/lib/python3.12/site-packages/dbt/cli/requires.py", line 434, in setup_manifest
[2026-07-05T21:56:03.753+0000] {subprocess.py:106} INFO -     ctx.obj["manifest"] = parse_manifest(
[2026-07-05T21:56:03.754+0000] {subprocess.py:106} INFO -                           ^^^^^^^^^^^^^^^
[2026-07-05T21:56:03.755+0000] {subprocess.py:106} INFO -   File "/home/***/.local/lib/python3.12/site-packages/dbt/parser/manifest.py", line 2257, in parse_manifest
[2026-07-05T21:56:03.757+0000] {subprocess.py:106} INFO -     manifest = ManifestLoader.get_full_manifest(
[2026-07-05T21:56:03.758+0000] {subprocess.py:106} INFO -                ^^^^^^^^^^^^^^^^^^^^^^^^^^^^^^^^^
[2026-07-05T21:56:03.761+0000] {subprocess.py:106} INFO -   File "/home/***/.local/lib/python3.12/site-packages/dbt/parser/manifest.py", line 323, in get_full_manifest
[2026-07-05T21:56:03.762+0000] {subprocess.py:106} INFO -     manifest = loader.load()
[2026-07-05T21:56:03.764+0000] {subprocess.py:106} INFO -                ^^^^^^^^^^^^^
[2026-07-05T21:56:03.765+0000] {subprocess.py:106} INFO -   File "/home/***/.local/lib/python3.12/site-packages/dbt/parser/manifest.py", line 392, in load
[2026-07-05T21:56:03.767+0000] {subprocess.py:106} INFO -     self.load_and_parse_macros(project_parser_files)
[2026-07-05T21:56:03.768+0000] {subprocess.py:106} INFO -   File "/home/***/.local/lib/python3.12/site-packages/dbt/parser/manifest.py", line 707, in load_and_parse_macros
[2026-07-05T21:56:03.770+0000] {subprocess.py:106} INFO -     block = FileBlock(self.manifest.files[file_id])
[2026-07-05T21:56:03.771+0000] {subprocess.py:106} INFO -                       ~~~~~~~~~~~~~~~~~~~^^^^^^^^^
[2026-07-05T21:56:03.772+0000] {subprocess.py:106} INFO - KeyError: 'dbt_snowflake://macros/catalog.sql'
[2026-07-05T21:56:03.774+0000] {subprocess.py:106} INFO - 
[2026-07-05T21:56:05.668+0000] {subprocess.py:110} INFO - Command exited with return code 2
[2026-07-05T21:56:05.687+0000] {taskinstance.py:3336} ERROR - Task failed with exception
Traceback (most recent call last):
  File "/home/airflow/.local/lib/python3.12/site-packages/airflow/models/taskinstance.py", line 776, in _execute_task
    result = _execute_callable(context=context, **execute_callable_kwargs)
             ^^^^^^^^^^^^^^^^^^^^^^^^^^^^^^^^^^^^^^^^^^^^^^^^^^^^^^^^^^^^^
  File "/home/airflow/.local/lib/python3.12/site-packages/airflow/models/taskinstance.py", line 742, in _execute_callable
    return ExecutionCallableRunner(
           ^^^^^^^^^^^^^^^^^^^^^^^^
  File "/home/airflow/.local/lib/python3.12/site-packages/airflow/utils/operator_helpers.py", line 252, in run
    return self.func(*args, **kwargs)
           ^^^^^^^^^^^^^^^^^^^^^^^^^^
  File "/home/airflow/.local/lib/python3.12/site-packages/airflow/models/baseoperator.py", line 424, in wrapper
    return func(self, *args, **kwargs)
           ^^^^^^^^^^^^^^^^^^^^^^^^^^^
  File "/home/airflow/.local/lib/python3.12/site-packages/airflow/operators/bash.py", line 276, in execute
    raise AirflowException(
airflow.exceptions.AirflowException: Bash command failed. The command returned a non-zero exit code 2.
[2026-07-05T21:56:05.734+0000] {taskinstance.py:1242} INFO - Marking task as UP_FOR_RETRY. dag_id=ecommerce_pipeline, task_id=dbt_run, run_id=scheduled__2026-07-04T00:00:00+00:00, execution_date=20260704T000000, start_date=20260705T215550, end_date=20260705T215605
[2026-07-05T21:56:05.787+0000] {taskinstance.py:349} INFO - ::group::Post task execution logs
[2026-07-05T21:56:05.789+0000] {standard_task_runner.py:124} ERROR - Failed to execute job 4 for task dbt_run (Bash command failed. The command returned a non-zero exit code 2.; 240)
Traceback (most recent call last):
  File "/home/airflow/.local/lib/python3.12/site-packages/airflow/task/task_runner/standard_task_runner.py", line 117, in _start_by_fork
    ret = args.func(args, dag=self.dag)
          ^^^^^^^^^^^^^^^^^^^^^^^^^^^^^
  File "/home/airflow/.local/lib/python3.12/site-packages/airflow/cli/cli_config.py", line 49, in command
    return func(*args, **kwargs)
           ^^^^^^^^^^^^^^^^^^^^^
  File "/home/airflow/.local/lib/python3.12/site-packages/airflow/utils/cli.py", line 116, in wrapper
    return f(*args, **kwargs)
           ^^^^^^^^^^^^^^^^^^
  File "/home/airflow/.local/lib/python3.12/site-packages/airflow/cli/commands/task_command.py", line 483, in task_run
    task_return_code = _run_task_by_selected_method(args, _dag, ti)
                       ^^^^^^^^^^^^^^^^^^^^^^^^^^^^^^^^^^^^^^^^^^^^
  File "/home/airflow/.local/lib/python3.12/site-packages/airflow/cli/commands/task_command.py", line 256, in _run_task_by_selected_method
    return _run_raw_task(args, ti)
           ^^^^^^^^^^^^^^^^^^^^^^^
  File "/home/airflow/.local/lib/python3.12/site-packages/airflow/cli/commands/task_command.py", line 341, in _run_raw_task
    return ti._run_raw_task(
           ^^^^^^^^^^^^^^^^^
  File "/home/airflow/.local/lib/python3.12/site-packages/airflow/utils/session.py", line 97, in wrapper
    return func(*args, session=session, **kwargs)
           ^^^^^^^^^^^^^^^^^^^^^^^^^^^^^^^^^^^^^^
  File "/home/airflow/.local/lib/python3.12/site-packages/airflow/models/taskinstance.py", line 3029, in _run_raw_task
    return _run_raw_task(
           ^^^^^^^^^^^^^^
  File "/home/airflow/.local/lib/python3.12/site-packages/airflow/models/taskinstance.py", line 282, in _run_raw_task
    TaskInstance._execute_task_with_callbacks(
  File "/home/airflow/.local/lib/python3.12/site-packages/airflow/models/taskinstance.py", line 3184, in _execute_task_with_callbacks
    result = self._execute_task(context, task_orig)
             ^^^^^^^^^^^^^^^^^^^^^^^^^^^^^^^^^^^^^^
  File "/home/airflow/.local/lib/python3.12/site-packages/airflow/models/taskinstance.py", line 3208, in _execute_task
    return _execute_task(self, context, task_orig)
           ^^^^^^^^^^^^^^^^^^^^^^^^^^^^^^^^^^^^^^^
  File "/home/airflow/.local/lib/python3.12/site-packages/airflow/models/taskinstance.py", line 776, in _execute_task
    result = _execute_callable(context=context, **execute_callable_kwargs)
             ^^^^^^^^^^^^^^^^^^^^^^^^^^^^^^^^^^^^^^^^^^^^^^^^^^^^^^^^^^^^^
  File "/home/airflow/.local/lib/python3.12/site-packages/airflow/models/taskinstance.py", line 742, in _execute_callable
    return ExecutionCallableRunner(
           ^^^^^^^^^^^^^^^^^^^^^^^^
  File "/home/airflow/.local/lib/python3.12/site-packages/airflow/utils/operator_helpers.py", line 252, in run
    return self.func(*args, **kwargs)
           ^^^^^^^^^^^^^^^^^^^^^^^^^^
  File "/home/airflow/.local/lib/python3.12/site-packages/airflow/models/baseoperator.py", line 424, in wrapper
    return func(self, *args, **kwargs)
           ^^^^^^^^^^^^^^^^^^^^^^^^^^^
  File "/home/airflow/.local/lib/python3.12/site-packages/airflow/operators/bash.py", line 276, in execute
    raise AirflowException(
airflow.exceptions.AirflowException: Bash command failed. The command returned a non-zero exit code 2.
[2026-07-05T21:56:05.842+0000] {local_task_job_runner.py:266} INFO - Task exited with return code 1
[2026-07-05T21:56:05.877+0000] {taskinstance.py:3924} INFO - 0 downstream tasks scheduled from follow-on schedule check
[2026-07-05T21:56:05.880+0000] {local_task_job_runner.py:245} INFO - ::endgroup::
