[2026-07-05T21:55:12.445+0000] {local_task_job_runner.py:123} INFO - ::group::Pre task execution logs
[2026-07-05T21:55:12.596+0000] {taskinstance.py:2631} INFO - Dependencies all met for dep_context=non-requeueable deps ti=<TaskInstance: ecommerce_pipeline.extract_api scheduled__2026-07-04T00:00:00+00:00 [queued]>
[2026-07-05T21:55:12.680+0000] {taskinstance.py:2631} INFO - Dependencies all met for dep_context=requeueable deps ti=<TaskInstance: ecommerce_pipeline.extract_api scheduled__2026-07-04T00:00:00+00:00 [queued]>
[2026-07-05T21:55:12.684+0000] {taskinstance.py:2884} INFO - Starting attempt 1 of 3
[2026-07-05T21:55:12.764+0000] {taskinstance.py:2907} INFO - Executing <Task(BashOperator): extract_api> on 2026-07-04 00:00:00+00:00
[2026-07-05T21:55:12.949+0000] {standard_task_runner.py:104} INFO - Running: ['***', 'tasks', 'run', 'ecommerce_pipeline', 'extract_api', 'scheduled__2026-07-04T00:00:00+00:00', '--job-id', '2', '--raw', '--subdir', 'DAGS_FOLDER/ecommerce_pipeline.py', '--cfg-path', '/tmp/tmpvjhvg0r9']
[2026-07-05T21:55:12.928+0000] {logging_mixin.py:190} WARNING - /home/***/.local/lib/python3.12/site-packages/***/task/task_runner/standard_task_runner.py:70 DeprecationWarning: This process (pid=191) is multi-threaded, use of fork() may lead to deadlocks in the child.
[2026-07-05T21:55:12.995+0000] {standard_task_runner.py:105} INFO - Job 2: Subtask extract_api
[2026-07-05T21:55:12.996+0000] {standard_task_runner.py:72} INFO - Started process 192 to run task
[2026-07-05T21:55:13.525+0000] {task_command.py:467} INFO - Running <TaskInstance: ecommerce_pipeline.extract_api scheduled__2026-07-04T00:00:00+00:00 [running]> on host 962be2d0acf3
[2026-07-05T21:55:14.368+0000] {taskinstance.py:3157} INFO - Exporting env vars: AIRFLOW_CTX_DAG_OWNER='***' AIRFLOW_CTX_DAG_ID='ecommerce_pipeline' AIRFLOW_CTX_TASK_ID='extract_api' AIRFLOW_CTX_EXECUTION_DATE='2026-07-04T00:00:00+00:00' AIRFLOW_CTX_TRY_NUMBER='1' AIRFLOW_CTX_DAG_RUN_ID='scheduled__2026-07-04T00:00:00+00:00'
[2026-07-05T21:55:14.377+0000] {taskinstance.py:740} INFO - ::endgroup::
[2026-07-05T21:55:14.869+0000] {subprocess.py:78} INFO - Tmp dir root location: /tmp
[2026-07-05T21:55:14.912+0000] {subprocess.py:88} INFO - Running command: ['/usr/bin/bash', '-c', '\n        cd /opt/***/project &&\n        python scripts/extract.py\n        ']
[2026-07-05T21:55:15.034+0000] {subprocess.py:99} INFO - Output:
[2026-07-05T21:55:23.755+0000] {subprocess.py:106} INFO - Fetching data from Fake Store API...
[2026-07-05T21:55:23.757+0000] {subprocess.py:106} INFO - Retrieved 20 products.
[2026-07-05T21:55:23.761+0000] {subprocess.py:106} INFO - JSON saved to data/raw/products.json
[2026-07-05T21:55:23.765+0000] {subprocess.py:106} INFO - CSV saved to data/raw/products.csv
[2026-07-05T21:55:23.770+0000] {subprocess.py:106} INFO - Extraction completed successfully.
[2026-07-05T21:55:23.949+0000] {subprocess.py:110} INFO - Command exited with return code 0
[2026-07-05T21:55:24.008+0000] {taskinstance.py:349} INFO - ::group::Post task execution logs
[2026-07-05T21:55:24.010+0000] {taskinstance.py:361} INFO - Marking task as SUCCESS. dag_id=ecommerce_pipeline, task_id=extract_api, run_id=scheduled__2026-07-04T00:00:00+00:00, execution_date=20260704T000000, start_date=20260705T215512, end_date=20260705T215524
[2026-07-05T21:55:24.075+0000] {local_task_job_runner.py:266} INFO - Task exited with return code 0
[2026-07-05T21:55:24.153+0000] {taskinstance.py:3924} INFO - 1 downstream tasks scheduled from follow-on schedule check
[2026-07-05T21:55:24.160+0000] {local_task_job_runner.py:245} INFO - ::endgroup::
