[2026-07-05T22:05:02.165+0000] {local_task_job_runner.py:123} INFO - ::group::Pre task execution logs
[2026-07-05T22:05:02.206+0000] {taskinstance.py:2631} INFO - Dependencies all met for dep_context=non-requeueable deps ti=<TaskInstance: ecommerce_pipeline.dbt_run manual__2026-07-05T22:04:08.577049+00:00 [queued]>
[2026-07-05T22:05:02.223+0000] {taskinstance.py:2631} INFO - Dependencies all met for dep_context=requeueable deps ti=<TaskInstance: ecommerce_pipeline.dbt_run manual__2026-07-05T22:04:08.577049+00:00 [queued]>
[2026-07-05T22:05:02.224+0000] {taskinstance.py:2884} INFO - Starting attempt 1 of 3
[2026-07-05T22:05:02.247+0000] {taskinstance.py:2907} INFO - Executing <Task(BashOperator): dbt_run> on 2026-07-05 22:04:08.577049+00:00
[2026-07-05T22:05:02.261+0000] {standard_task_runner.py:104} INFO - Running: ['***', 'tasks', 'run', 'ecommerce_pipeline', 'dbt_run', 'manual__2026-07-05T22:04:08.577049+00:00', '--job-id', '14', '--raw', '--subdir', 'DAGS_FOLDER/ecommerce_pipeline.py', '--cfg-path', '/tmp/tmp037lcapp']
[2026-07-05T22:05:02.265+0000] {logging_mixin.py:190} WARNING - /home/***/.local/lib/python3.12/site-packages/***/task/task_runner/standard_task_runner.py:70 DeprecationWarning: This process (pid=540) is multi-threaded, use of fork() may lead to deadlocks in the child.
[2026-07-05T22:05:02.266+0000] {standard_task_runner.py:105} INFO - Job 14: Subtask dbt_run
[2026-07-05T22:05:02.267+0000] {standard_task_runner.py:72} INFO - Started process 546 to run task
[2026-07-05T22:05:02.367+0000] {task_command.py:467} INFO - Running <TaskInstance: ecommerce_pipeline.dbt_run manual__2026-07-05T22:04:08.577049+00:00 [running]> on host 962be2d0acf3
[2026-07-05T22:05:02.571+0000] {taskinstance.py:3157} INFO - Exporting env vars: AIRFLOW_CTX_DAG_OWNER='***' AIRFLOW_CTX_DAG_ID='ecommerce_pipeline' AIRFLOW_CTX_TASK_ID='dbt_run' AIRFLOW_CTX_EXECUTION_DATE='2026-07-05T22:04:08.577049+00:00' AIRFLOW_CTX_TRY_NUMBER='1' AIRFLOW_CTX_DAG_RUN_ID='manual__2026-07-05T22:04:08.577049+00:00'
[2026-07-05T22:05:02.574+0000] {taskinstance.py:740} INFO - ::endgroup::
[2026-07-05T22:05:02.629+0000] {subprocess.py:78} INFO - Tmp dir root location: /tmp
[2026-07-05T22:05:02.634+0000] {subprocess.py:88} INFO - Running command: ['/usr/bin/bash', '-c', '\n        cd /opt/***/project/dbt_project &&\n        python -c "from dotenv import load_dotenv; load_dotenv(); import os; import subprocess; subprocess.run([\'dbt\', \'run\', \'--profiles-dir\', \'.\'], env=os.environ.copy())"\n        ']
[2026-07-05T22:05:02.651+0000] {subprocess.py:99} INFO - Output:
[2026-07-05T22:05:06.993+0000] {subprocess.py:106} INFO - [0m22:05:06  Running with dbt=1.11.12
[2026-07-05T22:05:08.727+0000] {subprocess.py:106} INFO - [0m22:05:08  Registered adapter: snowflake=1.11.6
[2026-07-05T22:05:10.296+0000] {subprocess.py:106} INFO - [0m22:05:10  Encountered an error:
[2026-07-05T22:05:10.298+0000] {subprocess.py:106} INFO - 'dbt_snowflake://macros/get_custom_name.sql'
[2026-07-05T22:05:10.300+0000] {subprocess.py:106} INFO - [0m22:05:10  Traceback (most recent call last):
[2026-07-05T22:05:10.301+0000] {subprocess.py:106} INFO -   File "/home/***/.local/lib/python3.12/site-packages/dbt/cli/requires.py", line 182, in wrapper
[2026-07-05T22:05:10.303+0000] {subprocess.py:106} INFO -     result, success = func(*args, **kwargs)
[2026-07-05T22:05:10.306+0000] {subprocess.py:106} INFO -                       ^^^^^^^^^^^^^^^^^^^^^
[2026-07-05T22:05:10.309+0000] {subprocess.py:106} INFO -   File "/home/***/.local/lib/python3.12/site-packages/dbt/cli/requires.py", line 128, in wrapper
[2026-07-05T22:05:10.314+0000] {subprocess.py:106} INFO -     return func(*args, **kwargs)
[2026-07-05T22:05:10.319+0000] {subprocess.py:106} INFO -            ^^^^^^^^^^^^^^^^^^^^^
[2026-07-05T22:05:10.322+0000] {subprocess.py:106} INFO -   File "/home/***/.local/lib/python3.12/site-packages/dbt/cli/requires.py", line 276, in wrapper
[2026-07-05T22:05:10.329+0000] {subprocess.py:106} INFO -     return func(*args, **kwargs)
[2026-07-05T22:05:10.332+0000] {subprocess.py:106} INFO -            ^^^^^^^^^^^^^^^^^^^^^
[2026-07-05T22:05:10.337+0000] {subprocess.py:106} INFO -   File "/home/***/.local/lib/python3.12/site-packages/dbt/cli/requires.py", line 321, in wrapper
[2026-07-05T22:05:10.340+0000] {subprocess.py:106} INFO -     return func(*args, **kwargs)
[2026-07-05T22:05:10.343+0000] {subprocess.py:106} INFO -            ^^^^^^^^^^^^^^^^^^^^^
[2026-07-05T22:05:10.345+0000] {subprocess.py:106} INFO -   File "/home/***/.local/lib/python3.12/site-packages/dbt/cli/requires.py", line 391, in wrapper
[2026-07-05T22:05:10.348+0000] {subprocess.py:106} INFO -     return func(*args, **kwargs)
[2026-07-05T22:05:10.351+0000] {subprocess.py:106} INFO -            ^^^^^^^^^^^^^^^^^^^^^
[2026-07-05T22:05:10.355+0000] {subprocess.py:106} INFO -   File "/home/***/.local/lib/python3.12/site-packages/dbt/cli/requires.py", line 368, in wrapper
[2026-07-05T22:05:10.358+0000] {subprocess.py:106} INFO -     return func(*args, **kwargs)
[2026-07-05T22:05:10.360+0000] {subprocess.py:106} INFO -            ^^^^^^^^^^^^^^^^^^^^^
[2026-07-05T22:05:10.362+0000] {subprocess.py:106} INFO -   File "/home/***/.local/lib/python3.12/site-packages/dbt/cli/requires.py", line 407, in wrapper
[2026-07-05T22:05:10.363+0000] {subprocess.py:106} INFO -     setup_manifest(ctx, write=write, write_perf_info=write_perf_info)
[2026-07-05T22:05:10.364+0000] {subprocess.py:106} INFO -   File "/home/***/.local/lib/python3.12/site-packages/dbt/cli/requires.py", line 434, in setup_manifest
[2026-07-05T22:05:10.366+0000] {subprocess.py:106} INFO -     ctx.obj["manifest"] = parse_manifest(
[2026-07-05T22:05:10.368+0000] {subprocess.py:106} INFO -                           ^^^^^^^^^^^^^^^
[2026-07-05T22:05:10.369+0000] {subprocess.py:106} INFO -   File "/home/***/.local/lib/python3.12/site-packages/dbt/parser/manifest.py", line 2257, in parse_manifest
[2026-07-05T22:05:10.371+0000] {subprocess.py:106} INFO -     manifest = ManifestLoader.get_full_manifest(
[2026-07-05T22:05:10.372+0000] {subprocess.py:106} INFO -                ^^^^^^^^^^^^^^^^^^^^^^^^^^^^^^^^^
[2026-07-05T22:05:10.374+0000] {subprocess.py:106} INFO -   File "/home/***/.local/lib/python3.12/site-packages/dbt/parser/manifest.py", line 323, in get_full_manifest
[2026-07-05T22:05:10.376+0000] {subprocess.py:106} INFO -     manifest = loader.load()
[2026-07-05T22:05:10.379+0000] {subprocess.py:106} INFO -                ^^^^^^^^^^^^^
[2026-07-05T22:05:10.380+0000] {subprocess.py:106} INFO -   File "/home/***/.local/lib/python3.12/site-packages/dbt/parser/manifest.py", line 392, in load
[2026-07-05T22:05:10.381+0000] {subprocess.py:106} INFO -     self.load_and_parse_macros(project_parser_files)
[2026-07-05T22:05:10.383+0000] {subprocess.py:106} INFO -   File "/home/***/.local/lib/python3.12/site-packages/dbt/parser/manifest.py", line 707, in load_and_parse_macros
[2026-07-05T22:05:10.385+0000] {subprocess.py:106} INFO -     block = FileBlock(self.manifest.files[file_id])
[2026-07-05T22:05:10.386+0000] {subprocess.py:106} INFO -                       ~~~~~~~~~~~~~~~~~~~^^^^^^^^^
[2026-07-05T22:05:10.387+0000] {subprocess.py:106} INFO - KeyError: 'dbt_snowflake://macros/get_custom_name.sql'
[2026-07-05T22:05:10.388+0000] {subprocess.py:106} INFO - 
[2026-07-05T22:05:12.207+0000] {subprocess.py:110} INFO - Command exited with return code 0
[2026-07-05T22:05:12.267+0000] {taskinstance.py:349} INFO - ::group::Post task execution logs
[2026-07-05T22:05:12.270+0000] {taskinstance.py:361} INFO - Marking task as SUCCESS. dag_id=ecommerce_pipeline, task_id=dbt_run, run_id=manual__2026-07-05T22:04:08.577049+00:00, execution_date=20260705T220408, start_date=20260705T220502, end_date=20260705T220512
[2026-07-05T22:05:12.342+0000] {local_task_job_runner.py:266} INFO - Task exited with return code 0
[2026-07-05T22:05:12.380+0000] {taskinstance.py:3924} INFO - 1 downstream tasks scheduled from follow-on schedule check
[2026-07-05T22:05:12.386+0000] {local_task_job_runner.py:245} INFO - ::endgroup::
