[2026-07-05T21:55:24.969+0000] {local_task_job_runner.py:123} INFO - ::group::Pre task execution logs
[2026-07-05T21:55:25.011+0000] {taskinstance.py:2631} INFO - Dependencies all met for dep_context=non-requeueable deps ti=<TaskInstance: ecommerce_pipeline.load_snowflake scheduled__2026-07-04T00:00:00+00:00 [queued]>
[2026-07-05T21:55:25.033+0000] {taskinstance.py:2631} INFO - Dependencies all met for dep_context=requeueable deps ti=<TaskInstance: ecommerce_pipeline.load_snowflake scheduled__2026-07-04T00:00:00+00:00 [queued]>
[2026-07-05T21:55:25.035+0000] {taskinstance.py:2884} INFO - Starting attempt 1 of 3
[2026-07-05T21:55:25.057+0000] {taskinstance.py:2907} INFO - Executing <Task(BashOperator): load_snowflake> on 2026-07-04 00:00:00+00:00
[2026-07-05T21:55:25.070+0000] {standard_task_runner.py:104} INFO - Running: ['***', 'tasks', 'run', 'ecommerce_pipeline', 'load_snowflake', 'scheduled__2026-07-04T00:00:00+00:00', '--job-id', '3', '--raw', '--subdir', 'DAGS_FOLDER/ecommerce_pipeline.py', '--cfg-path', '/tmp/tmpqubjb3eh']
[2026-07-05T21:55:25.071+0000] {logging_mixin.py:190} WARNING - /home/***/.local/lib/python3.12/site-packages/***/task/task_runner/standard_task_runner.py:70 DeprecationWarning: This process (pid=208) is multi-threaded, use of fork() may lead to deadlocks in the child.
[2026-07-05T21:55:25.074+0000] {standard_task_runner.py:105} INFO - Job 3: Subtask load_snowflake
[2026-07-05T21:55:25.074+0000] {standard_task_runner.py:72} INFO - Started process 209 to run task
[2026-07-05T21:55:25.167+0000] {task_command.py:467} INFO - Running <TaskInstance: ecommerce_pipeline.load_snowflake scheduled__2026-07-04T00:00:00+00:00 [running]> on host 962be2d0acf3
[2026-07-05T21:55:25.284+0000] {taskinstance.py:3157} INFO - Exporting env vars: AIRFLOW_CTX_DAG_OWNER='***' AIRFLOW_CTX_DAG_ID='ecommerce_pipeline' AIRFLOW_CTX_TASK_ID='load_snowflake' AIRFLOW_CTX_EXECUTION_DATE='2026-07-04T00:00:00+00:00' AIRFLOW_CTX_TRY_NUMBER='1' AIRFLOW_CTX_DAG_RUN_ID='scheduled__2026-07-04T00:00:00+00:00'
[2026-07-05T21:55:25.286+0000] {taskinstance.py:740} INFO - ::endgroup::
[2026-07-05T21:55:25.305+0000] {subprocess.py:78} INFO - Tmp dir root location: /tmp
[2026-07-05T21:55:25.308+0000] {subprocess.py:88} INFO - Running command: ['/usr/bin/bash', '-c', '\n        cd /opt/***/project &&\n        python scripts/load_snowflake.py\n        ']
[2026-07-05T21:55:25.325+0000] {subprocess.py:99} INFO - Output:
[2026-07-05T21:55:49.219+0000] {subprocess.py:106} INFO - Connected to Snowflake.
[2026-07-05T21:55:49.224+0000] {subprocess.py:106} INFO - Successfully loaded 20 rows.
[2026-07-05T21:55:49.226+0000] {subprocess.py:106} INFO - Connection closed.
[2026-07-05T21:55:49.497+0000] {subprocess.py:110} INFO - Command exited with return code 0
[2026-07-05T21:55:49.546+0000] {taskinstance.py:349} INFO - ::group::Post task execution logs
[2026-07-05T21:55:49.548+0000] {taskinstance.py:361} INFO - Marking task as SUCCESS. dag_id=ecommerce_pipeline, task_id=load_snowflake, run_id=scheduled__2026-07-04T00:00:00+00:00, execution_date=20260704T000000, start_date=20260705T215525, end_date=20260705T215549
[2026-07-05T21:55:49.637+0000] {local_task_job_runner.py:266} INFO - Task exited with return code 0
[2026-07-05T21:55:49.682+0000] {taskinstance.py:3924} INFO - 1 downstream tasks scheduled from follow-on schedule check
[2026-07-05T21:55:49.686+0000] {local_task_job_runner.py:245} INFO - ::endgroup::
